c[?7l[2J[0mSeaBIOS (version rel-1.17.0-0-gb52ca86e094d-prebuilt.qemu.org)


iPXE (http://ipxe.org) 00:03.0 CA00 PCI2.10 PnP PMM+0EFD1C40+0EF31C40 CA00
Press Ctrl-B to configure iPXE (PCI 00:03.0)...                                                                               


Booting from ROM..c[?7l[2J[    0.000000] Linux version 7.1.0-rc7-gacb7500801e9-dirty (yfblock@9950x) (gcc (Ubuntu 13.3.0-6ubuntu2~24.04.1) 13.3.0, GNU ld (GNU Binutils for Ubuntu) 2.42) #5 SMP PREEMPT_DYNAMIC Thu Jul  9 16:15:41 CST 2026
[    0.000000] Command line: console=ttyS0 nokaslr panic=1
[    0.000000] BIOS-provided physical RAM map:
[    0.000000] BIOS-e820: [mem 0x0000000000000000-0x000000000009fbff]  System RAM
[    0.000000] BIOS-e820: [mem 0x000000000009fc00-0x000000000009ffff]  device reserved
[    0.000000] BIOS-e820: [gap 0x00000000000a0000-0x00000000000effff]
[    0.000000] BIOS-e820: [mem 0x00000000000f0000-0x00000000000fffff]  device reserved
[    0.000000] BIOS-e820: [mem 0x0000000000100000-0x000000000ffdffff]  System RAM
[    0.000000] BIOS-e820: [mem 0x000000000ffe0000-0x000000000fffffff]  device reserved
[    0.000000] BIOS-e820: [gap 0x0000000010000000-0x00000000fffbffff]
[    0.000000] BIOS-e820: [mem 0x00000000fffc0000-0x00000000ffffffff]  device reserved
[    0.000000] BIOS-e820: [gap 0x0000000100000000-0x000000fcffffffff]
[    0.000000] BIOS-e820: [mem 0x000000fd00000000-0x000000ffffffffff]  device reserved
[    0.000000] NX (Execute Disable) protection: active
[    0.000000] APIC: Static calls initialized
[    0.000000] DMI: SMBIOS 2.8 present.
[    0.000000] DMI: QEMU Standard PC (i440FX + PIIX, 1996), BIOS rel-1.17.0-0-gb52ca86e094d-prebuilt.qemu.org 04/01/2014
[    0.000000] DMI: Memory slots populated: 1/1
[    0.000000] tsc: Fast TSC calibration using PIT
[    0.000000] tsc: Detected 4299.908 MHz processor
[    0.008209] last_pfn = 0xffe0 max_arch_pfn = 0x400000000
[    0.008618] MTRR map: 4 entries (3 fixed + 1 variable; max 19), built from 8 variable MTRRs
[    0.008736] x86/PAT: Configuration [0-7]: WB  WC  UC- UC  WB  WP  UC- WT  
[    0.020359] found SMP MP-table at [mem 0x000f54b0-0x000f54bf]
[    0.023375] RAMDISK: [mem 0x0f9f2000-0x0ffdffff]
[    0.023644] ACPI: Early table checksum verification disabled
[    0.023915] ACPI: RSDP 0x00000000000F52D0 000014 (v00 BOCHS )
[    0.024074] ACPI: RSDT 0x000000000FFE2389 000034 (v01 BOCHS  BXPC     00000001 BXPC 00000001)
[    0.024501] ACPI: FACP 0x000000000FFE2235 000074 (v01 BOCHS  BXPC     00000001 BXPC 00000001)
[    0.024882] ACPI: DSDT 0x000000000FFE0040 0021F5 (v01 BOCHS  BXPC     00000001 BXPC 00000001)
[    0.024939] ACPI: FACS 0x000000000FFE0000 000040
[    0.024970] ACPI: APIC 0x000000000FFE22A9 000080 (v03 BOCHS  BXPC     00000001 BXPC 00000001)
[    0.024984] ACPI: HPET 0x000000000FFE2329 000038 (v01 BOCHS  BXPC     00000001 BXPC 00000001)
[    0.024996] ACPI: WAET 0x000000000FFE2361 000028 (v01 BOCHS  BXPC     00000001 BXPC 00000001)
[    0.025049] ACPI: Reserving FACP table memory at [mem 0xffe2235-0xffe22a8]
[    0.025062] ACPI: Reserving DSDT table memory at [mem 0xffe0040-0xffe2234]
[    0.025066] ACPI: Reserving FACS table memory at [mem 0xffe0000-0xffe003f]
[    0.025069] ACPI: Reserving APIC table memory at [mem 0xffe22a9-0xffe2328]
[    0.025072] ACPI: Reserving HPET table memory at [mem 0xffe2329-0xffe2360]
[    0.025076] ACPI: Reserving WAET table memory at [mem 0xffe2361-0xffe2388]
[    0.026304] No NUMA configuration found
[    0.026316] Faking a node at [mem 0x0000000000000000-0x000000000ffdffff]
[    0.026676] NODE_DATA(0) allocated [mem 0x0f9ee680-0x0f9f1fff]
[    0.027142] ACPI: PM-Timer IO Port: 0x608
[    0.027396] ACPI: LAPIC_NMI (acpi_id[0xff] dfl dfl lint[0x1])
[    0.027620] IOAPIC[0]: apic_id 0, version 32, address 0xfec00000, GSI 0-23
[    0.027692] ACPI: INT_SRC_OVR (bus 0 bus_irq 0 global_irq 2 dfl dfl)
[    0.027832] ACPI: INT_SRC_OVR (bus 0 bus_irq 5 global_irq 5 high level)
[    0.027858] ACPI: INT_SRC_OVR (bus 0 bus_irq 9 global_irq 9 high level)
[    0.027914] ACPI: INT_SRC_OVR (bus 0 bus_irq 10 global_irq 10 high level)
[    0.027918] ACPI: INT_SRC_OVR (bus 0 bus_irq 11 global_irq 11 high level)
[    0.028024] ACPI: Using ACPI (MADT) for SMP configuration information
[    0.028048] ACPI: HPET id: 0x8086a201 base: 0xfed00000
[    0.028284] CPU topo: Max. logical packages:   1
[    0.028317] CPU topo: Max. logical nodes:      1
[    0.028322] CPU topo: Num. nodes per package:  1
[    0.028355] CPU topo: Max. logical dies:       1
[    0.028359] CPU topo: Max. dies per package:   1
[    0.028392] CPU topo: Max. threads per core:   1
[    0.028474] CPU topo: Num. cores per package:     2
[    0.028483] CPU topo: Num. threads per package:   2
[    0.028488] CPU topo: Allowing 2 present CPUs plus 0 hotplug CPUs
[    0.028956] PM: hibernation: Registered nosave memory: [mem 0x00000000-0x00000fff]
[    0.028981] PM: hibernation: Registered nosave memory: [mem 0x0009f000-0x000fffff]
[    0.029049] [gap 0x10000000-0xfffbffff] available for PCI devices
[    0.029075] Booting paravirtualized kernel on bare hardware
[    0.029257] clocksource: refined-jiffies: mask: 0xffffffff max_cycles: 0xffffffff, max_idle_ns: 1910969940391419 ns
[    0.035388] Zone ranges:
[    0.035402]   DMA      [mem 0x0000000000001000-0x0000000000ffffff]
[    0.035443]   DMA32    [mem 0x0000000001000000-0x000000000ffdffff]
[    0.035449]   Normal   empty
[    0.035461] Movable zone start for each node
[    0.035475] Early memory node ranges
[    0.035492]   node   0: [mem 0x0000000000001000-0x000000000009efff]
[    0.035565]   node   0: [mem 0x0000000000100000-0x000000000ffdffff]
[    0.035637] Initmem setup node 0 [mem 0x0000000000001000-0x000000000ffdffff]
[    0.036162] On node 0, zone DMA: 1 pages in unavailable ranges
[    0.036337] On node 0, zone DMA: 97 pages in unavailable ranges
[    0.037419] On node 0, zone DMA32: 32 pages in unavailable ranges
[    0.037543] setup_percpu: NR_CPUS:64 nr_cpumask_bits:2 nr_cpu_ids:2 nr_node_ids:1
[    0.038559] percpu: Embedded 52 pages/cpu s172184 r8192 d32616 u1048576
[    0.039693] Kernel command line: console=ttyS0 nokaslr panic=1
[    0.040347] Unknown kernel command line parameters "nokaslr", will be passed to user space.
[    0.040468] printk: log buffer data + meta data: 262144 + 917504 = 1179648 bytes
[    0.040668] Dentry cache hash table entries: 32768 (order: 6, 262144 bytes, linear)
[    0.040747] Inode-cache hash table entries: 16384 (order: 5, 131072 bytes, linear)
[    0.042162] Fallback order for Node 0: 0 
[    0.042339] Built 1 zonelists, mobility grouping on.  Total pages: 65406
[    0.042349] Policy zone: DMA32
[    0.042491] mem auto-init: stack:all(zero), heap alloc:off, heap free:off
[    0.047618] SLUB: HWalign=64, Order=0-3, MinObjects=0, CPUs=2, Nodes=1
[    0.067901] ftrace: allocating 31173 entries in 124 pages
[    0.068017] ftrace: allocated 124 pages with 5 groups
[    0.072580] Dynamic Preempt: lazy
[    0.074359] rcu: Preemptible hierarchical RCU implementation.
[    0.074365] rcu: 	RCU event tracing is enabled.
[    0.074378] rcu: 	RCU restricting CPUs from NR_CPUS=64 to nr_cpu_ids=2.
[    0.074460] 	Trampoline variant of Tasks RCU enabled.
[    0.074464] 	Rude variant of Tasks RCU enabled.
[    0.074468] 	Tracing variant of Tasks RCU enabled.
[    0.074524] rcu: RCU calculated value of scheduler-enlistment delay is 100 jiffies.
[    0.074538] rcu: Adjusting geometry for rcu_fanout_leaf=16, nr_cpu_ids=2
[    0.075230] RCU Tasks: Setting shift to 1 and lim to 1 rcu_task_cb_adjust=1 rcu_task_cpu_ids=2.
[    0.075241] RCU Tasks Rude: Setting shift to 1 and lim to 1 rcu_task_cb_adjust=1 rcu_task_cpu_ids=2.
[    0.091178] NR_IRQS: 4352, nr_irqs: 440, preallocated irqs: 16
[    0.096457] rcu: srcu_init: Setting srcu_struct sizes based on contention.
[    0.100178] Console: colour VGA+ 80x25
[    0.101300] printk: legacy console [ttyS0] enabled
[    0.106797] ACPI: Core revision 20251212
[    0.109988] clocksource: hpet: mask: 0xffffffff max_cycles: 0xffffffff, max_idle_ns: 19112604467 ns
[    0.111147] APIC: Switch to symmetric I/O mode setup
[    0.115358] ..TIMER: vector=0x30 apic1=0 pin1=2 apic2=-1 pin2=-1
[    0.120842] clocksource: tsc-early: mask: 0xffffffffffffffff max_cycles: 0x3dfb0ca27ac, max_idle_ns: 440795389672 ns
[    0.121109] Calibrating delay loop (skipped), value calculated using timer frequency.. 8599.81 BogoMIPS (lpj=4299908)
[    0.123266] Last level iTLB entries: 4KB 512, 2MB 255, 4MB 127
[    0.123322] Last level dTLB entries: 4KB 512, 2MB 255, 4MB 127, 1GB 0
[    0.123482] mitigations: Enabled attack vectors: user_kernel, user_user, SMT mitigations: auto
[    0.123734] Spectre V2 : Mitigation: Retpolines
[    0.123832] Spectre V1 : Mitigation: usercopy/swapgs barriers and __user pointer sanitization
[    0.123993] Spectre V2 : Spectre v2 / SpectreRSB: Filling RSB on context switch and VMEXIT
[    0.124457] x86/fpu: x87 FPU will use FXSAVE
[    0.176899] pid_max: default: 32768 minimum: 301
[    0.181758] Mount-cache hash table entries: 512 (order: 0, 4096 bytes, linear)
[    0.181895] Mountpoint-cache hash table entries: 512 (order: 0, 4096 bytes, linear)
[    0.188232] VFS: Finished mounting rootfs on nullfs
[    0.301983] smpboot: CPU0: AMD QEMU Virtual CPU version 2.5+ (family: 0xf, model: 0x6b, stepping: 0x1)
[    0.308150] Performance Events: PMU not available due to virtualization, using software events only.
[    0.308776] signal: max sigframe size: 1440
[    0.309557] rcu: Hierarchical SRCU implementation.
[    0.309613] rcu: 	Max phase no-delay instances is 400.
[    0.310284] Timer migration: 1 hierarchy levels; 8 children per group; 1 crossnode level
[    0.312710] smp: Bringing up secondary CPUs ...
[    0.316708] smpboot: x86: Booting SMP configuration:
[    0.316769] .... node  #0, CPUs:      #1
[    0.385375] smp: Brought up 1 node, 2 CPUs
[    0.386173] smpboot: Total of 2 processors activated (17202.94 BogoMIPS)
[    0.391719] Memory: 219812K/261624K available (10564K kernel code, 2184K rwdata, 4304K rodata, 2528K init, 520K bss, 38580K reserved, 0K cma-reserved)
[    0.397026] devtmpfs: initialized
[    0.403261] clocksource: jiffies: mask: 0xffffffff max_cycles: 0xffffffff, max_idle_ns: 1911260446275000 ns
[    0.403655] posixtimers hash table entries: 1024 (order: 2, 16384 bytes, linear)
[    0.403876] futex hash table entries: 512 (32768 bytes on 1 NUMA nodes, total 32 KiB, linear).
[    0.406559] PM: RTC time: 09:59:08, date: 2026-07-10
[    0.408953] thermal_sys: Registered thermal governor 'step_wise'
[    0.409318] cpuidle: using governor menu
[    0.411078] Freeing SMP alternatives memory: 28K
[    0.412637] PCI: Using configuration type 1 for base access
[    0.412935] mtrr: your CPUs had inconsistent fixed MTRR settings
[    0.412999] mtrr: your CPUs had inconsistent variable MTRR settings
[    0.413048] mtrr: your CPUs had inconsistent MTRRdefType settings
[    0.413093] mtrr: probably your BIOS does not setup all CPUs.
[    0.413134] mtrr: corrected configuration.
[    0.414587] kprobes: kprobe jump-optimization is enabled. All kprobes are optimized if possible.
[    0.416261] HugeTLB: registered 2.00 MiB page size, pre-allocated 0 pages
[    0.416337] HugeTLB: 28 KiB vmemmap can be freed for a 2.00 MiB page
[    0.418894] ACPI: Added _OSI(Module Device)
[    0.418947] ACPI: Added _OSI(Processor Device)
[    0.418991] ACPI: Added _OSI(Processor Aggregator Device)
[    0.430638] ACPI: 1 ACPI AML tables successfully acquired and loaded
[    0.441273] ACPI: \_SB_: platform _OSC: OS support mask [002a7eee]
[    0.448398] ACPI: Interpreter enabled
[    0.449087] ACPI: PM: (supports S0 S3 S4 S5)
[    0.449145] ACPI: Using IOAPIC for interrupt routing
[    0.449388] PCI: Using host bridge windows from ACPI; if necessary, use "pci=nocrs" and report a bug
[    0.449463] PCI: Using E820 reservations for host bridge windows
[    0.452315] ACPI: Enabled 2 GPEs in block 00 to 0F
[    0.479778] ACPI: PCI Root Bridge [PCI0] (domain 0000 [bus 00-ff])
[    0.480220] acpi PNP0A03:00: _OSC: OS supports [ASPM ClockPM Segments MSI HPX-Type3]
[    0.480355] acpi PNP0A03:00: _OSC: not requesting OS control; OS requires [ExtendedConfig ASPM ClockPM MSI]
[    0.480591] acpi PNP0A03:00: _OSC: platform retains control of PCIe features (AE_ERROR)
[    0.480883] acpi PNP0A03:00: fail to add MMCONFIG information, can't access extended configuration space under this bridge
[    0.482784] PCI host bridge to bus 0000:00
[    0.482943] pci_bus 0000:00: root bus resource [io  0x0000-0x0cf7 window]
[    0.483040] pci_bus 0000:00: root bus resource [io  0x0d00-0xffff window]
[    0.483086] pci_bus 0000:00: root bus resource [mem 0x000a0000-0x000bffff window]
[    0.483154] pci_bus 0000:00: root bus resource [mem 0x10000000-0xfebfffff window]
[    0.483203] pci_bus 0000:00: root bus resource [mem 0x100000000-0x17fffffff window]
[    0.483320] pci_bus 0000:00: root bus resource [bus 00-ff]
[    0.484175] pci 0000:00:00.0: [8086:1237] type 00 class 0x060000 conventional PCI endpoint
[    0.486547] pci 0000:00:01.0: [8086:7000] type 00 class 0x060100 conventional PCI endpoint
[    0.486924] pci 0000:00:01.1: [8086:7010] type 00 class 0x010180 conventional PCI endpoint
[    0.487570] pci 0000:00:01.1: BAR 4 [io  0xc040-0xc04f]
[    0.487646] pci 0000:00:01.1: BAR 0 [io  0x01f0-0x01f7]: legacy IDE quirk
[    0.487705] pci 0000:00:01.1: BAR 1 [io  0x03f6]: legacy IDE quirk
[    0.487761] pci 0000:00:01.1: BAR 2 [io  0x0170-0x0177]: legacy IDE quirk
[    0.487812] pci 0000:00:01.1: BAR 3 [io  0x0376]: legacy IDE quirk
[    0.488243] pci 0000:00:01.3: [8086:7113] type 00 class 0x068000 conventional PCI endpoint
[    0.488490] pci 0000:00:01.3: quirk: [io  0x0600-0x063f] claimed by PIIX4 ACPI
[    0.488556] pci 0000:00:01.3: quirk: [io  0x0700-0x070f] claimed by PIIX4 SMB
[    0.488871] pci 0000:00:02.0: [1234:1111] type 00 class 0x030000 conventional PCI endpoint
[    0.489155] pci 0000:00:02.0: BAR 0 [mem 0xfd000000-0xfdffffff pref]
[    0.489234] pci 0000:00:02.0: BAR 2 [mem 0xfeb70000-0xfeb70fff]
[    0.489275] pci 0000:00:02.0: ROM [mem 0xfeb60000-0xfeb6ffff pref]
[    0.489448] pci 0000:00:02.0: Video device with shadowed ROM at [mem 0x000c0000-0x000dffff]
[    0.489830] pci 0000:00:03.0: [8086:100e] type 00 class 0x020000 conventional PCI endpoint
[    0.490315] pci 0000:00:03.0: BAR 0 [mem 0xfeb40000-0xfeb5ffff]
[    0.490368] pci 0000:00:03.0: BAR 1 [io  0xc000-0xc03f]
[    0.490408] pci 0000:00:03.0: ROM [mem 0xfeb00000-0xfeb3ffff pref]
[    0.493682] pci 0000:00:04.0: [1234:11e8] type 00 class 0x00ff00 conventional PCI endpoint
[    0.493952] pci 0000:00:04.0: BAR 0 [mem 0xfea00000-0xfeafffff]
[    0.499130] ACPI: PCI: Interrupt link LNKA configured for IRQ 10
[    0.499572] ACPI: PCI: Interrupt link LNKB configured for IRQ 10
[    0.499874] ACPI: PCI: Interrupt link LNKC configured for IRQ 11
[    0.500210] ACPI: PCI: Interrupt link LNKD configured for IRQ 11
[    0.500361] ACPI: PCI: Interrupt link LNKS configured for IRQ 9
[    0.502532] iommu: Default domain type: Translated
[    0.502591] iommu: DMA domain TLB invalidation policy: lazy mode
[    0.503536] SCSI subsystem initialized
[    0.504192] pps_core: LinuxPPS API ver. 1 registered
[    0.504236] pps_core: Software ver. 5.3.6 - Copyright 2005-2007 Rodolfo Giometti <giometti@linux.it>
[    0.505053] PCI: Using ACPI for IRQ routing
[    0.505371] e820: register RAM buffer resource [mem 0x0009fc00-0x0009ffff]
[    0.505508] e820: register RAM buffer resource [mem 0x0ffe0000-0x0fffffff]
[    0.507328] pci 0000:00:02.0: vgaarb: setting as boot VGA device
[    0.507413] pci 0000:00:02.0: vgaarb: bridge control possible
[    0.507475] pci 0000:00:02.0: vgaarb: VGA device added: decodes=io+mem,owns=io+mem,locks=none
[    0.508002] vgaarb: loaded
[    0.508639] hpet: 3 channels of 0 reserved for per-cpu timers
[    0.508812] hpet0: at MMIO 0xfed00000, IRQs 2, 8, 0
[    0.509074] hpet0: 3 comparators, 64-bit 100.000000 MHz counter
[    0.512658] clocksource: Switched to clocksource tsc-early
[    0.513326] VFS: Disk quotas dquot_6.6.0
[    0.513423] VFS: Dquot-cache hash table entries: 512 (order 0, 4096 bytes)
[    0.514636] ACPI: Failed to create genetlink family for ACPI event
[    0.514748] pnp: PnP ACPI init
[    0.516917] pnp: PnP ACPI: found 5 devices
[    0.532049] clocksource: acpi_pm: mask: 0xffffff max_cycles: 0xffffff, max_idle_ns: 2085701024 ns
[    0.532559] pci_bus 0000:00: resource 4 [io  0x0000-0x0cf7 window]
[    0.532610] pci_bus 0000:00: resource 5 [io  0x0d00-0xffff window]
[    0.532652] pci_bus 0000:00: resource 6 [mem 0x000a0000-0x000bffff window]
[    0.532697] pci_bus 0000:00: resource 7 [mem 0x10000000-0xfebfffff window]
[    0.532742] pci_bus 0000:00: resource 8 [mem 0x100000000-0x17fffffff window]
[    0.533042] pci 0000:00:01.0: PIIX3: Enabling Passive Release
[    0.533137] pci 0000:00:00.0: Limiting direct PCI/PCI transfers
[    0.533270] PCI: CLS 0 bytes, default 64
[    0.536235] Unpacking initramfs...
[    0.540871] Initialise system trusted keyrings
[    0.542448] workingset: timestamp_bits=56 (anon: 52) max_order=16 bucket_order=0 (anon: 0)
[    0.544906] Key type asymmetric registered
[    0.544982] Asymmetric key parser 'x509' registered
[    0.545124] Block layer SCSI generic (bsg) driver version 0.4 loaded (major 251)
[    0.545433] io scheduler mq-deadline registered
[    0.545495] io scheduler kyber registered
[    0.547883] input: Power Button as /devices/platform/LNXPWRBN:00/input/input0
[    0.548531] ACPI: button: Power Button [PWRF]
[    0.552994] Serial: 8250/16550 driver, 4 ports, IRQ sharing enabled
[    0.555273] 00:04: ttyS0 at I/O 0x3f8 (irq = 4, base_baud = 115200) is a 16550A
[    0.560471] Non-volatile memory driver v1.3
[    0.570408] loop: module loaded
[    0.576126] scsi host0: ata_piix
[    0.577371] scsi host1: ata_piix
[    0.577626] ata1: PATA max MWDMA2 cmd 0x1f0 ctl 0x3f6 bmdma 0xc040 irq 14 lpm-pol 0
[    0.577695] ata2: PATA max MWDMA2 cmd 0x170 ctl 0x376 bmdma 0xc048 irq 15 lpm-pol 0
[    0.578543] i8042: PNP: PS/2 Controller [PNP0303:KBD,PNP0f13:MOU] at 0x60,0x64 irq 1,12
[    0.581823] serio: i8042 KBD port at 0x60,0x64 irq 1
[    0.581970] serio: i8042 AUX port at 0x60,0x64 irq 12
[    0.584041] rtc_cmos PNP0B00:00: RTC can wake from S4
[    0.586127] input: AT Translated Set 2 keyboard as /devices/platform/i8042/serio0/input/input1
[    0.587390] rtc_cmos PNP0B00:00: registered as rtc0
[    0.588168] rtc_cmos PNP0B00:00: alarms up to one day, y3k, 242 bytes nvram, hpet irqs
[    0.590331] device-mapper: ioctl: 4.50.0-ioctl (2025-04-28) initialised: dm-devel@lists.linux.dev
[    0.590556] amd_pstate: the _CPC object is not present in SBIOS or ACPI disabled
[    0.590735] hid: raw HID events driver (C) Jiri Kosina
[    0.592526] IPI shorthand broadcast: enabled
[    0.599071] sched_clock: Marking stable (583085275, 15157977)->(601794966, -3551714)
[    0.600634] Loading compiled-in X.509 certificates
[    0.606115] Demotion targets for Node 0: null
[    0.609979] PM:   Magic number: 2:154:980
[    0.656120] Freeing initrd memory: 6072K
[    0.737374] ata2: found unknown device (class 0)
[    0.739318] ata2.00: ATAPI: QEMU DVD-ROM, 2.5+, max UDMA/100
[    0.745716] scsi 1:0:0:0: CD-ROM            QEMU     QEMU DVD-ROM     2.5+ PQ: 0 ANSI: 5
[    0.761922] sr 1:0:0:0: [sr0] scsi3-mmc drive: 4x/4x cd/rw xa/form2 tray
[    0.774128] cdrom: Uniform CD-ROM driver Revision: 3.20
[    0.782457] sr 1:0:0:0: Attached scsi generic sg0 type 5
[    0.822321] Freeing unused kernel image (initmem) memory: 2528K
[    0.822558] Write protecting the kernel read-only data: 18432k
[    0.824158] Freeing unused kernel image (text/rodata gap) memory: 1720K
[    0.825197] Freeing unused kernel image (rodata/data gap) memory: 1840K
[    0.912112] x86/mm: Checked W+X mappings: passed, no W+X pages found.
[    0.912389] Run /init as init process
[    0.973525] mount (50) used greatest stack depth: 13152 bytes left
=== insmod edu_drv ===
[    0.998088] edu_drv: loading out-of-tree module taints kernel.
[    1.000013] input: ImExPS/2 Generic Explorer Mouse as /devices/platform/i8042/serio1/input/input3
[    1.006716] ACPI: \_SB_.LNKD: Enabled at IRQ 11
[    1.007202] edu_drv 0000:00:04.0: edu id: 0x010000ed
[    1.007519] edu_drv 0000:00:04.0: edu probed
[    1.009100] insmod (53) used greatest stack depth: 13120 bytes left
=== dmesg edu ===
[    0.074524] rcu: RCU calculated value of scheduler-enlistment delay is 100 jiffies.
[    0.414587] kprobes: kprobe jump-optimization is enabled. All kprobes are optimized if possible.
[    0.545433] io scheduler mq-deadline registered
[    0.545495] io scheduler kyber registered
[    0.998088] edu_drv: loading out-of-tree module taints kernel.
[    1.007202] edu_drv 0000:00:04.0: edu id: 0x010000ed
[    1.007519] edu_drv 0000:00:04.0: edu probed
=== /dev/edu_drv ? ===
crw------- 1 0 0 10, 258 Jul 10 09:59 /dev/edu_drv
=== read /dev/edu_drv (offset 0 = id reg) ===
crw------- 1 0 0 10, 258 Jul 10 09:59 /dev/edu_drv
=== rmmod edu_drv ===
[    1.551700] tsc: Refined TSC clocksource calibration: 4299.960 MHz
[    1.552072] clocksource: tsc: mask: 0xffffffffffffffff max_cycles: 0x3dfb3e57f17, max_idle_ns: 440795325633 ns
[    1.553387] clocksource: Switched to clocksource tsc
=== QEMU_EDU_DONE ===
[    1.604396] sysrq: Power Off
[    1.604845] Kernel panic - not syncing: Attempted to kill init! exitcode=0x00000000
[    1.605211] CPU: 1 UID: 0 PID: 1 Comm: init Tainted: G           O        7.1.0-rc7-gacb7500801e9-dirty #5 PREEMPT(lazy) 
[    1.605337] Tainted: [O]=OOT_MODULE
[    1.605363] Hardware name: QEMU Standard PC (i440FX + PIIX, 1996), BIOS rel-1.17.0-0-gb52ca86e094d-prebuilt.qemu.org 04/01/2014
[    1.605491] Call Trace:
[    1.605840]  <TASK>
[    1.605923]  vpanic+0x32f/0x4b0
[    1.606085]  panic+0x63/0x70
[    1.606108]  do_exit+0x94a/0xaf0
[    1.606137]  do_group_exit+0x30/0x80
[    1.606161]  __x64_sys_exit_group+0x18/0x20
[    1.606193]  x64_sys_call+0x12e2/0x1880
[    1.606221]  do_syscall_64+0x10e/0x4e0
[    1.606256]  entry_SYSCALL_64_after_hwframe+0x77/0x7f
[    1.606357] RIP: 0033:0x7fb73ced521d
[    1.606498] Code: 02 ba ff ff ff ff 89 d0 c3 0f 1f 40 00 f3 0f 1e fa 48 8b 35 ed 4b 11 00 ba e7 00 00 00 eb 07 66 0f 1f 44 00 00 f4 89 d0 0f 05 <48> 3d 00 f0 ff ff 76 f3 f7 d8 64 89 06 eb ec 0f 1f 40 00 f3 0f 1e
[    1.606620] RSP: 002b:00007ffcfba7a148 EFLAGS: 00000206 ORIG_RAX: 00000000000000e7
[    1.606680] RAX: ffffffffffffffda RBX: 00007ffcfba7a3d0 RCX: 00007fb73ced521d
[    1.606721] RDX: 00000000000000e7 RSI: ffffffffffffff88 RDI: 0000000000000000
[    1.606762] RBP: 00007ffcfba7a220 R08: 00005599691e2010 R09: 0000000000000007
[    1.606802] R10: 00005599691e23a0 R11: 0000000000000206 R12: 0000000000000000
[    1.606842] R13: 00007ffcfba7a3c0 R14: 000055992ba66dd8 R15: 00007fb73d03b000
[    1.606905]  </TASK>
[    1.607269] Kernel Offset: disabled
[    1.607441] Rebooting in 1 seconds..
