c[?7l[2J[0mSeaBIOS (version rel-1.17.0-0-gb52ca86e094d-prebuilt.qemu.org)


iPXE (http://ipxe.org) 00:03.0 CA00 PCI2.10 PnP PMM+0EFD1C40+0EF31C40 CA00
Press Ctrl-B to configure iPXE (PCI 00:03.0)...                                                                               


Booting from ROM..c[?7l[2J[    0.000000] Linux version 7.1.0-rc7-gacb7500801e9-dirty (yfblock@9950x) (gcc (Ubuntu 13.3.0-6ubuntu2~24.04.1) 13.3.0, GNU ld (GNU Binutils for Ubuntu) 2.42) #5 SMP PREEMPT_DYNAMIC Thu Jul  9 16:15:41 CST 2026
[    0.000000] Command line: console=ttyS0 nokaslr panic=1
[    0.000000] BIOS-provided physical RAM map:
[    0.000000] BIOS-e820: [mem 0x0000000000000000-0x000000000009fbff]  System RAM
[    0.000000] BIOS-e820: [mem 0x000000000009fc00-0x000000000009ffff]  device reserved
[    0.000000] BIOS-e820: [gap 0x00000000000a0000-0x00000000000effff]
[    0.000000] BIOS-e820: [mem 0x00000000000f0000-0x00000000000fffff]  device reserved
[    0.000000] BIOS-e820: [mem 0x0000000000100000-0x000000000ffdffff]  System RAM
[    0.000000] BIOS-e820: [mem 0x000000000ffe0000-0x000000000fffffff]  device reserved
[    0.000000] BIOS-e820: [gap 0x0000000010000000-0x00000000fffbffff]
[    0.000000] BIOS-e820: [mem 0x00000000fffc0000-0x00000000ffffffff]  device reserved
[    0.000000] BIOS-e820: [gap 0x0000000100000000-0x000000fcffffffff]
[    0.000000] BIOS-e820: [mem 0x000000fd00000000-0x000000ffffffffff]  device reserved
[    0.000000] NX (Execute Disable) protection: active
[    0.000000] APIC: Static calls initialized
[    0.000000] DMI: SMBIOS 2.8 present.
[    0.000000] DMI: QEMU Standard PC (i440FX + PIIX, 1996), BIOS rel-1.17.0-0-gb52ca86e094d-prebuilt.qemu.org 04/01/2014
[    0.000000] DMI: Memory slots populated: 1/1
[    0.000000] tsc: Fast TSC calibration using PIT
[    0.000000] tsc: Detected 4299.812 MHz processor
[    0.008234] last_pfn = 0xffe0 max_arch_pfn = 0x400000000
[    0.008654] MTRR map: 4 entries (3 fixed + 1 variable; max 19), built from 8 variable MTRRs
[    0.008770] x86/PAT: Configuration [0-7]: WB  WC  UC- UC  WB  WP  UC- WT  
[    0.020485] found SMP MP-table at [mem 0x000f54b0-0x000f54bf]
[    0.023467] RAMDISK: [mem 0x0f9f2000-0x0ffdffff]
[    0.023735] ACPI: Early table checksum verification disabled
[    0.023995] ACPI: RSDP 0x00000000000F52D0 000014 (v00 BOCHS )
[    0.024152] ACPI: RSDT 0x000000000FFE2389 000034 (v01 BOCHS  BXPC     00000001 BXPC 00000001)
[    0.024579] ACPI: FACP 0x000000000FFE2235 000074 (v01 BOCHS  BXPC     00000001 BXPC 00000001)
[    0.024955] ACPI: DSDT 0x000000000FFE0040 0021F5 (v01 BOCHS  BXPC     00000001 BXPC 00000001)
[    0.025013] ACPI: FACS 0x000000000FFE0000 000040
[    0.025044] ACPI: APIC 0x000000000FFE22A9 000080 (v03 BOCHS  BXPC     00000001 BXPC 00000001)
[    0.025058] ACPI: HPET 0x000000000FFE2329 000038 (v01 BOCHS  BXPC     00000001 BXPC 00000001)
[    0.025070] ACPI: WAET 0x000000000FFE2361 000028 (v01 BOCHS  BXPC     00000001 BXPC 00000001)
[    0.025123] ACPI: Reserving FACP table memory at [mem 0xffe2235-0xffe22a8]
[    0.025135] ACPI: Reserving DSDT table memory at [mem 0xffe0040-0xffe2234]
[    0.025139] ACPI: Reserving FACS table memory at [mem 0xffe0000-0xffe003f]
[    0.025142] ACPI: Reserving APIC table memory at [mem 0xffe22a9-0xffe2328]
[    0.025146] ACPI: Reserving HPET table memory at [mem 0xffe2329-0xffe2360]
[    0.025149] ACPI: Reserving WAET table memory at [mem 0xffe2361-0xffe2388]
[    0.026369] No NUMA configuration found
[    0.026380] Faking a node at [mem 0x0000000000000000-0x000000000ffdffff]
[    0.026739] NODE_DATA(0) allocated [mem 0x0f9ee680-0x0f9f1fff]
[    0.027199] ACPI: PM-Timer IO Port: 0x608
[    0.027452] ACPI: LAPIC_NMI (acpi_id[0xff] dfl dfl lint[0x1])
[    0.027683] IOAPIC[0]: apic_id 0, version 32, address 0xfec00000, GSI 0-23
[    0.027751] ACPI: INT_SRC_OVR (bus 0 bus_irq 0 global_irq 2 dfl dfl)
[    0.027891] ACPI: INT_SRC_OVR (bus 0 bus_irq 5 global_irq 5 high level)
[    0.027917] ACPI: INT_SRC_OVR (bus 0 bus_irq 9 global_irq 9 high level)
[    0.027971] ACPI: INT_SRC_OVR (bus 0 bus_irq 10 global_irq 10 high level)
[    0.027976] ACPI: INT_SRC_OVR (bus 0 bus_irq 11 global_irq 11 high level)
[    0.028082] ACPI: Using ACPI (MADT) for SMP configuration information
[    0.028105] ACPI: HPET id: 0x8086a201 base: 0xfed00000
[    0.028339] CPU topo: Max. logical packages:   1
[    0.028372] CPU topo: Max. logical nodes:      1
[    0.028378] CPU topo: Num. nodes per package:  1
[    0.028410] CPU topo: Max. logical dies:       1
[    0.028415] CPU topo: Max. dies per package:   1
[    0.028447] CPU topo: Max. threads per core:   1
[    0.028527] CPU topo: Num. cores per package:     2
[    0.028536] CPU topo: Num. threads per package:   2
[    0.028541] CPU topo: Allowing 2 present CPUs plus 0 hotplug CPUs
[    0.029008] PM: hibernation: Registered nosave memory: [mem 0x00000000-0x00000fff]
[    0.029026] PM: hibernation: Registered nosave memory: [mem 0x0009f000-0x000fffff]
[    0.029094] [gap 0x10000000-0xfffbffff] available for PCI devices
[    0.029120] Booting paravirtualized kernel on bare hardware
[    0.029304] clocksource: refined-jiffies: mask: 0xffffffff max_cycles: 0xffffffff, max_idle_ns: 1910969940391419 ns
[    0.035463] Zone ranges:
[    0.035477]   DMA      [mem 0x0000000000001000-0x0000000000ffffff]
[    0.035516]   DMA32    [mem 0x0000000001000000-0x000000000ffdffff]
[    0.035522]   Normal   empty
[    0.035534] Movable zone start for each node
[    0.035548] Early memory node ranges
[    0.035566]   node   0: [mem 0x0000000000001000-0x000000000009efff]
[    0.035643]   node   0: [mem 0x0000000000100000-0x000000000ffdffff]
[    0.035715] Initmem setup node 0 [mem 0x0000000000001000-0x000000000ffdffff]
[    0.036229] On node 0, zone DMA: 1 pages in unavailable ranges
[    0.036403] On node 0, zone DMA: 97 pages in unavailable ranges
[    0.037522] On node 0, zone DMA32: 32 pages in unavailable ranges
[    0.037645] setup_percpu: NR_CPUS:64 nr_cpumask_bits:2 nr_cpu_ids:2 nr_node_ids:1
[    0.038660] percpu: Embedded 52 pages/cpu s172184 r8192 d32616 u1048576
[    0.039780] Kernel command line: console=ttyS0 nokaslr panic=1
[    0.040432] Unknown kernel command line parameters "nokaslr", will be passed to user space.
[    0.040551] printk: log buffer data + meta data: 262144 + 917504 = 1179648 bytes
[    0.040752] Dentry cache hash table entries: 32768 (order: 6, 262144 bytes, linear)
[    0.040831] Inode-cache hash table entries: 16384 (order: 5, 131072 bytes, linear)
[    0.042238] Fallback order for Node 0: 0 
[    0.042414] Built 1 zonelists, mobility grouping on.  Total pages: 65406
[    0.042424] Policy zone: DMA32
[    0.042567] mem auto-init: stack:all(zero), heap alloc:off, heap free:off
[    0.047751] SLUB: HWalign=64, Order=0-3, MinObjects=0, CPUs=2, Nodes=1
[    0.068962] ftrace: allocating 31173 entries in 124 pages
[    0.069079] ftrace: allocated 124 pages with 5 groups
[    0.073639] Dynamic Preempt: lazy
[    0.075428] rcu: Preemptible hierarchical RCU implementation.
[    0.075435] rcu: 	RCU event tracing is enabled.
[    0.075448] rcu: 	RCU restricting CPUs from NR_CPUS=64 to nr_cpu_ids=2.
[    0.075529] 	Trampoline variant of Tasks RCU enabled.
[    0.075533] 	Rude variant of Tasks RCU enabled.
[    0.075537] 	Tracing variant of Tasks RCU enabled.
[    0.075593] rcu: RCU calculated value of scheduler-enlistment delay is 100 jiffies.
[    0.075607] rcu: Adjusting geometry for rcu_fanout_leaf=16, nr_cpu_ids=2
[    0.076310] RCU Tasks: Setting shift to 1 and lim to 1 rcu_task_cb_adjust=1 rcu_task_cpu_ids=2.
[    0.076320] RCU Tasks Rude: Setting shift to 1 and lim to 1 rcu_task_cb_adjust=1 rcu_task_cpu_ids=2.
[    0.092352] NR_IRQS: 4352, nr_irqs: 440, preallocated irqs: 16
[    0.097662] rcu: srcu_init: Setting srcu_struct sizes based on contention.
[    0.101529] Console: colour VGA+ 80x25
[    0.102672] printk: legacy console [ttyS0] enabled
[    0.108170] ACPI: Core revision 20251212
[    0.111342] clocksource: hpet: mask: 0xffffffff max_cycles: 0xffffffff, max_idle_ns: 19112604467 ns
[    0.114338] APIC: Switch to symmetric I/O mode setup
[    0.116733] ..TIMER: vector=0x30 apic1=0 pin1=2 apic2=-1 pin2=-1
[    0.122197] clocksource: tsc-early: mask: 0xffffffffffffffff max_cycles: 0x3dfab1a9495, max_idle_ns: 440795291322 ns
[    0.122467] Calibrating delay loop (skipped), value calculated using timer frequency.. 8599.62 BogoMIPS (lpj=4299812)
[    0.124688] Last level iTLB entries: 4KB 512, 2MB 255, 4MB 127
[    0.124743] Last level dTLB entries: 4KB 512, 2MB 255, 4MB 127, 1GB 0
[    0.124904] mitigations: Enabled attack vectors: user_kernel, user_user, SMT mitigations: auto
[    0.125164] Spectre V2 : Mitigation: Retpolines
[    0.125262] Spectre V1 : Mitigation: usercopy/swapgs barriers and __user pointer sanitization
[    0.125376] Spectre V2 : Spectre v2 / SpectreRSB: Filling RSB on context switch and VMEXIT
[    0.125833] x86/fpu: x87 FPU will use FXSAVE
[    0.179158] pid_max: default: 32768 minimum: 301
[    0.184210] Mount-cache hash table entries: 512 (order: 0, 4096 bytes, linear)
[    0.184378] Mountpoint-cache hash table entries: 512 (order: 0, 4096 bytes, linear)
[    0.190774] VFS: Finished mounting rootfs on nullfs
[    0.306148] smpboot: CPU0: AMD QEMU Virtual CPU version 2.5+ (family: 0xf, model: 0x6b, stepping: 0x1)
[    0.312503] Performance Events: PMU not available due to virtualization, using software events only.
[    0.313138] signal: max sigframe size: 1440
[    0.314241] rcu: Hierarchical SRCU implementation.
[    0.314309] rcu: 	Max phase no-delay instances is 400.
[    0.314977] Timer migration: 1 hierarchy levels; 8 children per group; 1 crossnode level
[    0.317435] smp: Bringing up secondary CPUs ...
[    0.321416] smpboot: x86: Booting SMP configuration:
[    0.321477] .... node  #0, CPUs:      #1
[    0.393393] smp: Brought up 1 node, 2 CPUs
[    0.393600] smpboot: Total of 2 processors activated (17202.00 BogoMIPS)
[    0.399959] Memory: 219812K/261624K available (10564K kernel code, 2184K rwdata, 4304K rodata, 2528K init, 520K bss, 38580K reserved, 0K cma-reserved)
[    0.405713] devtmpfs: initialized
[    0.411617] clocksource: jiffies: mask: 0xffffffff max_cycles: 0xffffffff, max_idle_ns: 1911260446275000 ns
[    0.411961] posixtimers hash table entries: 1024 (order: 2, 16384 bytes, linear)
[    0.412161] futex hash table entries: 512 (32768 bytes on 1 NUMA nodes, total 32 KiB, linear).
[    0.414567] PM: RTC time: 05:52:34, date: 2026-07-10
[    0.416771] thermal_sys: Registered thermal governor 'step_wise'
[    0.417097] cpuidle: using governor menu
[    0.418185] Freeing SMP alternatives memory: 28K
[    0.419545] PCI: Using configuration type 1 for base access
[    0.419816] mtrr: your CPUs had inconsistent fixed MTRR settings
[    0.419865] mtrr: your CPUs had inconsistent variable MTRR settings
[    0.419910] mtrr: your CPUs had inconsistent MTRRdefType settings
[    0.419951] mtrr: probably your BIOS does not setup all CPUs.
[    0.419991] mtrr: corrected configuration.
[    0.421382] kprobes: kprobe jump-optimization is enabled. All kprobes are optimized if possible.
[    0.422964] HugeTLB: registered 2.00 MiB page size, pre-allocated 0 pages
[    0.423037] HugeTLB: 28 KiB vmemmap can be freed for a 2.00 MiB page
[    0.425640] ACPI: Added _OSI(Module Device)
[    0.425697] ACPI: Added _OSI(Processor Device)
[    0.425729] ACPI: Added _OSI(Processor Aggregator Device)
[    0.437018] ACPI: 1 ACPI AML tables successfully acquired and loaded
[    0.446623] ACPI: \_SB_: platform _OSC: OS support mask [002a7eee]
[    0.453615] ACPI: Interpreter enabled
[    0.454302] ACPI: PM: (supports S0 S3 S4 S5)
[    0.454369] ACPI: Using IOAPIC for interrupt routing
[    0.454616] PCI: Using host bridge windows from ACPI; if necessary, use "pci=nocrs" and report a bug
[    0.454696] PCI: Using E820 reservations for host bridge windows
[    0.457565] ACPI: Enabled 2 GPEs in block 00 to 0F
[    0.483032] ACPI: PCI Root Bridge [PCI0] (domain 0000 [bus 00-ff])
[    0.483506] acpi PNP0A03:00: _OSC: OS supports [ASPM ClockPM Segments MSI HPX-Type3]
[    0.483661] acpi PNP0A03:00: _OSC: not requesting OS control; OS requires [ExtendedConfig ASPM ClockPM MSI]
[    0.483906] acpi PNP0A03:00: _OSC: platform retains control of PCIe features (AE_ERROR)
[    0.484203] acpi PNP0A03:00: fail to add MMCONFIG information, can't access extended configuration space under this bridge
[    0.486105] PCI host bridge to bus 0000:00
[    0.486265] pci_bus 0000:00: root bus resource [io  0x0000-0x0cf7 window]
[    0.486357] pci_bus 0000:00: root bus resource [io  0x0d00-0xffff window]
[    0.486404] pci_bus 0000:00: root bus resource [mem 0x000a0000-0x000bffff window]
[    0.486471] pci_bus 0000:00: root bus resource [mem 0x10000000-0xfebfffff window]
[    0.486524] pci_bus 0000:00: root bus resource [mem 0x100000000-0x17fffffff window]
[    0.486651] pci_bus 0000:00: root bus resource [bus 00-ff]
[    0.487493] pci 0000:00:00.0: [8086:1237] type 00 class 0x060000 conventional PCI endpoint
[    0.489986] pci 0000:00:01.0: [8086:7000] type 00 class 0x060100 conventional PCI endpoint
[    0.490573] pci 0000:00:01.1: [8086:7010] type 00 class 0x010180 conventional PCI endpoint
[    0.490961] pci 0000:00:01.1: BAR 4 [io  0xc040-0xc04f]
[    0.491037] pci 0000:00:01.1: BAR 0 [io  0x01f0-0x01f7]: legacy IDE quirk
[    0.491092] pci 0000:00:01.1: BAR 1 [io  0x03f6]: legacy IDE quirk
[    0.491149] pci 0000:00:01.1: BAR 2 [io  0x0170-0x0177]: legacy IDE quirk
[    0.491199] pci 0000:00:01.1: BAR 3 [io  0x0376]: legacy IDE quirk
[    0.491612] pci 0000:00:01.3: [8086:7113] type 00 class 0x068000 conventional PCI endpoint
[    0.491864] pci 0000:00:01.3: quirk: [io  0x0600-0x063f] claimed by PIIX4 ACPI
[    0.491932] pci 0000:00:01.3: quirk: [io  0x0700-0x070f] claimed by PIIX4 SMB
[    0.492265] pci 0000:00:02.0: [1234:1111] type 00 class 0x030000 conventional PCI endpoint
[    0.492518] pci 0000:00:02.0: BAR 0 [mem 0xfd000000-0xfdffffff pref]
[    0.492601] pci 0000:00:02.0: BAR 2 [mem 0xfeb70000-0xfeb70fff]
[    0.492644] pci 0000:00:02.0: ROM [mem 0xfeb60000-0xfeb6ffff pref]
[    0.492820] pci 0000:00:02.0: Video device with shadowed ROM at [mem 0x000c0000-0x000dffff]
[    0.493360] pci 0000:00:03.0: [8086:100e] type 00 class 0x020000 conventional PCI endpoint
[    0.493739] pci 0000:00:03.0: BAR 0 [mem 0xfeb40000-0xfeb5ffff]
[    0.493801] pci 0000:00:03.0: BAR 1 [io  0xc000-0xc03f]
[    0.493841] pci 0000:00:03.0: ROM [mem 0xfeb00000-0xfeb3ffff pref]
[    0.497152] pci 0000:00:04.0: [1234:11e8] type 00 class 0x00ff00 conventional PCI endpoint
[    0.497364] pci 0000:00:04.0: BAR 0 [mem 0xfea00000-0xfeafffff]
[    0.502704] ACPI: PCI: Interrupt link LNKA configured for IRQ 10
[    0.503160] ACPI: PCI: Interrupt link LNKB configured for IRQ 10
[    0.503490] ACPI: PCI: Interrupt link LNKC configured for IRQ 11
[    0.503797] ACPI: PCI: Interrupt link LNKD configured for IRQ 11
[    0.503951] ACPI: PCI: Interrupt link LNKS configured for IRQ 9
[    0.506004] iommu: Default domain type: Translated
[    0.506065] iommu: DMA domain TLB invalidation policy: lazy mode
[    0.507039] SCSI subsystem initialized
[    0.508706] pps_core: LinuxPPS API ver. 1 registered
[    0.508757] pps_core: Software ver. 5.3.6 - Copyright 2005-2007 Rodolfo Giometti <giometti@linux.it>
[    0.508987] PCI: Using ACPI for IRQ routing
[    0.509412] e820: register RAM buffer resource [mem 0x0009fc00-0x0009ffff]
[    0.509555] e820: register RAM buffer resource [mem 0x0ffe0000-0x0fffffff]
[    0.512680] pci 0000:00:02.0: vgaarb: setting as boot VGA device
[    0.512756] pci 0000:00:02.0: vgaarb: bridge control possible
[    0.512819] pci 0000:00:02.0: vgaarb: VGA device added: decodes=io+mem,owns=io+mem,locks=none
[    0.512888] vgaarb: loaded
[    0.512888] hpet: 3 channels of 0 reserved for per-cpu timers
[    0.512995] hpet0: at MMIO 0xfed00000, IRQs 2, 8, 0
[    0.513082] hpet0: 3 comparators, 64-bit 100.000000 MHz counter
[    0.517341] clocksource: Switched to clocksource tsc-early
[    0.518659] VFS: Disk quotas dquot_6.6.0
[    0.518754] VFS: Dquot-cache hash table entries: 512 (order 0, 4096 bytes)
[    0.520129] ACPI: Failed to create genetlink family for ACPI event
[    0.520246] pnp: PnP ACPI init
[    0.522447] pnp: PnP ACPI: found 5 devices
[    0.537241] clocksource: acpi_pm: mask: 0xffffff max_cycles: 0xffffff, max_idle_ns: 2085701024 ns
[    0.537730] pci_bus 0000:00: resource 4 [io  0x0000-0x0cf7 window]
[    0.537782] pci_bus 0000:00: resource 5 [io  0x0d00-0xffff window]
[    0.537824] pci_bus 0000:00: resource 6 [mem 0x000a0000-0x000bffff window]
[    0.537869] pci_bus 0000:00: resource 7 [mem 0x10000000-0xfebfffff window]
[    0.537914] pci_bus 0000:00: resource 8 [mem 0x100000000-0x17fffffff window]
[    0.538238] pci 0000:00:01.0: PIIX3: Enabling Passive Release
[    0.538333] pci 0000:00:00.0: Limiting direct PCI/PCI transfers
[    0.538455] PCI: CLS 0 bytes, default 64
[    0.540768] Unpacking initramfs...
[    0.546571] Initialise system trusted keyrings
[    0.548148] workingset: timestamp_bits=56 (anon: 52) max_order=16 bucket_order=0 (anon: 0)
[    0.550652] Key type asymmetric registered
[    0.550730] Asymmetric key parser 'x509' registered
[    0.550875] Block layer SCSI generic (bsg) driver version 0.4 loaded (major 251)
[    0.551165] io scheduler mq-deadline registered
[    0.551238] io scheduler kyber registered
[    0.553205] input: Power Button as /devices/platform/LNXPWRBN:00/input/input0
[    0.553799] ACPI: button: Power Button [PWRF]
[    0.556831] Serial: 8250/16550 driver, 4 ports, IRQ sharing enabled
[    0.559347] 00:04: ttyS0 at I/O 0x3f8 (irq = 4, base_baud = 115200) is a 16550A
[    0.568448] Non-volatile memory driver v1.3
[    0.579272] loop: module loaded
[    0.584404] scsi host0: ata_piix
[    0.586456] scsi host1: ata_piix
[    0.586984] ata1: PATA max MWDMA2 cmd 0x1f0 ctl 0x3f6 bmdma 0xc040 irq 14 lpm-pol 0
[    0.587054] ata2: PATA max MWDMA2 cmd 0x170 ctl 0x376 bmdma 0xc048 irq 15 lpm-pol 0
[    0.587889] i8042: PNP: PS/2 Controller [PNP0303:KBD,PNP0f13:MOU] at 0x60,0x64 irq 1,12
[    0.591709] serio: i8042 KBD port at 0x60,0x64 irq 1
[    0.591860] serio: i8042 AUX port at 0x60,0x64 irq 12
[    0.594145] input: AT Translated Set 2 keyboard as /devices/platform/i8042/serio0/input/input1
[    0.595276] rtc_cmos PNP0B00:00: RTC can wake from S4
[    0.597472] rtc_cmos PNP0B00:00: registered as rtc0
[    0.598282] rtc_cmos PNP0B00:00: alarms up to one day, y3k, 242 bytes nvram, hpet irqs
[    0.599719] device-mapper: ioctl: 4.50.0-ioctl (2025-04-28) initialised: dm-devel@lists.linux.dev
[    0.600326] amd_pstate: the _CPC object is not present in SBIOS or ACPI disabled
[    0.600508] hid: raw HID events driver (C) Jiri Kosina
[    0.603215] IPI shorthand broadcast: enabled
[    0.609993] sched_clock: Marking stable (595625110, 14310943)->(612430626, -2494573)
[    0.611442] Loading compiled-in X.509 certificates
[    0.617155] Demotion targets for Node 0: null
[    0.619425] PM:   Magic number: 2:624:870
[    0.662932] Freeing initrd memory: 6072K
[    0.745329] ata2: found unknown device (class 0)
[    0.748066] ata2.00: ATAPI: QEMU DVD-ROM, 2.5+, max UDMA/100
[    0.763273] scsi 1:0:0:0: CD-ROM            QEMU     QEMU DVD-ROM     2.5+ PQ: 0 ANSI: 5
[    0.776895] sr 1:0:0:0: [sr0] scsi3-mmc drive: 4x/4x cd/rw xa/form2 tray
[    0.787152] cdrom: Uniform CD-ROM driver Revision: 3.20
[    0.794743] sr 1:0:0:0: Attached scsi generic sg0 type 5
[    0.832119] Freeing unused kernel image (initmem) memory: 2528K
[    0.832366] Write protecting the kernel read-only data: 18432k
[    0.834005] Freeing unused kernel image (text/rodata gap) memory: 1720K
[    0.834835] Freeing unused kernel image (rodata/data gap) memory: 1840K
[    0.922066] x86/mm: Checked W+X mappings: passed, no W+X pages found.
[    0.922312] Run /init as init process
[    0.980095] mount (50) used greatest stack depth: 13208 bytes left
[    0.988448] mount (51) used greatest stack depth: 13120 bytes left
=== insmod edu_drv ===
[    1.002243] edu_drv: loading out-of-tree module taints kernel.
[    1.010609] ACPI: \_SB_.LNKD: Enabled at IRQ 11
[    1.010920] edu_drv 0000:00:04.0: edu id: 0x010000ed
[    1.011395] edu_drv 0000:00:04.0: edu probed (irq 11)
[    1.013004] insmod (53) used greatest stack depth: 13096 bytes left
[    1.025797] input: ImExPS/2 Generic Explorer Mouse as /devices/platform/i8042/serio1/input/input3
=== dmesg edu ===
[    0.075593] rcu: RCU calculated value of scheduler-enlistment delay is 100 jiffies.
[    0.421382] kprobes: kprobe jump-optimization is enabled. All kprobes are optimized if possible.
[    0.551165] io scheduler mq-deadline registered
[    0.551238] io scheduler kyber registered
[    1.002243] edu_drv: loading out-of-tree module taints kernel.
[    1.010920] edu_drv 0000:00:04.0: edu id: 0x010000ed
[    1.011395] edu_drv 0000:00:04.0: edu probed (irq 11)
=== /dev/edu_drv ? ===
crw------- 1 0 0 10, 258 Jul 10 05:52 /dev/edu_drv
=== read /dev/edu_drv (offset 0 = id reg) ===
crw------- 1 0 0 10, 258 Jul 10 05:52 /dev/edu_drv
=== rmmod edu_drv ===
[    1.552584] tsc: Refined TSC clocksource calibration: 4299.801 MHz
[    1.553033] clocksource: tsc: mask: 0xffffffffffffffff max_cycles: 0x3dfaa7584f5, max_idle_ns: 440795314193 ns
[    1.554042] clocksource: Switched to clocksource tsc
=== QEMU_EDU_DONE ===
[    1.606029] sysrq: Power Off
[    1.607235] Kernel panic - not syncing: Attempted to kill init! exitcode=0x00000000
[    1.607607] CPU: 0 UID: 0 PID: 1 Comm: init Tainted: G           O        7.1.0-rc7-gacb7500801e9-dirty #5 PREEMPT(lazy) 
[    1.607719] Tainted: [O]=OOT_MODULE
[    1.607745] Hardware name: QEMU Standard PC (i440FX + PIIX, 1996), BIOS rel-1.17.0-0-gb52ca86e094d-prebuilt.qemu.org 04/01/2014
[    1.607870] Call Trace:
[    1.608214]  <TASK>
[    1.608298]  vpanic+0x32f/0x4b0
[    1.608465]  panic+0x63/0x70
[    1.608488]  do_exit+0x94a/0xaf0
[    1.608514]  ? __schedule+0x4ab/0xf50
[    1.608546]  do_group_exit+0x30/0x80
[    1.608570]  __x64_sys_exit_group+0x18/0x20
[    1.608602]  x64_sys_call+0x12e2/0x1880
[    1.608628]  do_syscall_64+0x10e/0x4e0
[    1.608655]  entry_SYSCALL_64_after_hwframe+0x77/0x7f
[    1.608754] RIP: 0033:0x7ffa3c00621d
[    1.608893] Code: 02 ba ff ff ff ff 89 d0 c3 0f 1f 40 00 f3 0f 1e fa 48 8b 35 ed 4b 11 00 ba e7 00 00 00 eb 07 66 0f 1f 44 00 00 f4 89 d0 0f 05 <48> 3d 00 f0 ff ff 76 f3 f7 d8 64 89 06 eb ec 0f 1f 40 00 f3 0f 1e
[    1.609012] RSP: 002b:00007ffcdbe90df8 EFLAGS: 00000202 ORIG_RAX: 00000000000000e7
[    1.609072] RAX: ffffffffffffffda RBX: 00007ffcdbe91080 RCX: 00007ffa3c00621d
[    1.609114] RDX: 00000000000000e7 RSI: ffffffffffffff88 RDI: 0000000000000000
[    1.609158] RBP: 00007ffcdbe90ed0 R08: 00005646943cc010 R09: 0000000000000007
[    1.609197] R10: 00005646943cc3a0 R11: 0000000000000202 R12: 0000000000000000
[    1.609237] R13: 00007ffcdbe91070 R14: 000056468df54dd8 R15: 00007ffa3c16c000
[    1.609300]  </TASK>
[    1.609695] Kernel Offset: disabled
[    1.609867] Rebooting in 1 seconds..
