c[?7l[2J[0mSeaBIOS (version rel-1.17.0-0-gb52ca86e094d-prebuilt.qemu.org)


iPXE (http://ipxe.org) 00:03.0 CA00 PCI2.10 PnP PMM+0EFD1C40+0EF31C40 CA00
Press Ctrl-B to configure iPXE (PCI 00:03.0)...


Booting from ROM..c[?7l[2JNo EFI environment detected.
early console in extract_kernel
input_data: 0x00000000024ec2c4
input_len: 0x00000000007adf6b
output: 0x0000000001000000
output_len: 0x0000000001c5d2b8
kernel_total_size: 0x0000000001a75000
needed_size: 0x0000000001e00000
trampoline_32bit: 0x0000000000000000


KASLR disabled: 'nokaslr' on cmdline.


Decompressing Linux... Parsing ELF... No relocation needed... done.
Booting the kernel (entry_offset: 0x000000000174d3b0).
[    0.000000] Linux version 7.1.0-rc7-gacb7500801e9 (yfblock@9950x) (gcc (Ubuntu 13.3.0-6ubuntu2~24.04.1) 13.3.0, GNU ld (GNU Binutils for Ubuntu) 2.42) #3 SMP PREEMPT_DYNAMIC Wed Jul 15 12:07:23 CST 2026
[    0.000000] Command line: console=ttyS0 nokaslr panic=1 ignore_loglevel earlyprintk=serial,ttyS0,115200
[    0.000000] BIOS-provided physical RAM map:
[    0.000000] BIOS-e820: [mem 0x0000000000000000-0x000000000009fbff]  System RAM
[    0.000000] BIOS-e820: [mem 0x000000000009fc00-0x000000000009ffff]  device reserved
[    0.000000] BIOS-e820: [gap 0x00000000000a0000-0x00000000000effff]
[    0.000000] BIOS-e820: [mem 0x00000000000f0000-0x00000000000fffff]  device reserved
[    0.000000] BIOS-e820: [mem 0x0000000000100000-0x000000000ffdffff]  System RAM
[    0.000000] BIOS-e820: [mem 0x000000000ffe0000-0x000000000fffffff]  device reserved
[    0.000000] BIOS-e820: [gap 0x0000000010000000-0x00000000fffbffff]
[    0.000000] BIOS-e820: [mem 0x00000000fffc0000-0x00000000ffffffff]  device reserved
[    0.000000] BIOS-e820: [gap 0x0000000100000000-0x000000fcffffffff]
[    0.000000] BIOS-e820: [mem 0x000000fd00000000-0x000000ffffffffff]  device reserved
[    0.000000] printk: debug: ignoring loglevel setting.
[    0.000000] printk: legacy bootconsole [earlyser0] enabled
[    0.000000] NX (Execute Disable) protection: active
[    0.000000] APIC: Static calls initialized
[    0.000000] DMI: SMBIOS 2.8 present.
[    0.000000] DMI: QEMU Standard PC (i440FX + PIIX, 1996), BIOS rel-1.17.0-0-gb52ca86e094d-prebuilt.qemu.org 04/01/2014
[    0.000000] DMI: Memory slots populated: 1/1
[    0.000000] tsc: Fast TSC calibration using PIT
[    0.000000] tsc: Detected 4302.614 MHz processor
[    0.008206] e820: update [mem 0x00000000-0x00000fff] System RAM ==> device reserved
[    0.008403] e820: remove [mem 0x000a0000-0x000fffff] System RAM
[    0.008565] last_pfn = 0xffe0 max_arch_pfn = 0x400000000
[    0.009013] MTRR map: 4 entries (3 fixed + 1 variable; max 19), built from 8 variable MTRRs
[    0.009179] x86/PAT: Configuration [0-7]: WB  WC  UC- UC  WB  WP  UC- WT
[    0.021813] found SMP MP-table at [mem 0x000f54b0-0x000f54bf]
[    0.025010] RAMDISK: [mem 0x0f99b000-0x0ffdffff]
[    0.025288] ACPI: Early table checksum verification disabled
[    0.025610] ACPI: RSDP 0x00000000000F52D0 000014 (v00 BOCHS )
[    0.025835] ACPI: RSDT 0x000000000FFE2389 000034 (v01 BOCHS  BXPC     00000001 BXPC 00000001)
[    0.026328] ACPI: FACP 0x000000000FFE2235 000074 (v01 BOCHS  BXPC     00000001 BXPC 00000001)
[    0.026789] ACPI: DSDT 0x000000000FFE0040 0021F5 (v01 BOCHS  BXPC     00000001 BXPC 00000001)
[    0.026895] ACPI: FACS 0x000000000FFE0000 000040
[    0.026962] ACPI: APIC 0x000000000FFE22A9 000080 (v03 BOCHS  BXPC     00000001 BXPC 00000001)
[    0.027033] ACPI: HPET 0x000000000FFE2329 000038 (v01 BOCHS  BXPC     00000001 BXPC 00000001)
[    0.027103] ACPI: WAET 0x000000000FFE2361 000028 (v01 BOCHS  BXPC     00000001 BXPC 00000001)
[    0.027215] ACPI: Reserving FACP table memory at [mem 0xffe2235-0xffe22a8]
[    0.027271] ACPI: Reserving DSDT table memory at [mem 0xffe0040-0xffe2234]
[    0.027317] ACPI: Reserving FACS table memory at [mem 0xffe0000-0xffe003f]
[    0.027363] ACPI: Reserving APIC table memory at [mem 0xffe22a9-0xffe2328]
[    0.027418] ACPI: Reserving HPET table memory at [mem 0xffe2329-0xffe2360]
[    0.027464] ACPI: Reserving WAET table memory at [mem 0xffe2361-0xffe2388]
[    0.028754] No NUMA configuration found
[    0.028799] Faking a node at [mem 0x0000000000000000-0x000000000ffdffff]
[    0.029209] NODE_DATA(0) allocated [mem 0x0f997680-0x0f99afff]
[    0.029729] ACPI: PM-Timer IO Port: 0x608
[    0.030016] ACPI: LAPIC_NMI (acpi_id[0xff] dfl dfl lint[0x1])
[    0.030284] IOAPIC[0]: apic_id 0, version 32, address 0xfec00000, GSI 0-23
[    0.030401] ACPI: INT_SRC_OVR (bus 0 bus_irq 0 global_irq 2 dfl dfl)
[    0.030587] ACPI: INT_SRC_OVR (bus 0 bus_irq 5 global_irq 5 high level)
[    0.030655] ACPI: INT_SRC_OVR (bus 0 bus_irq 9 global_irq 9 high level)
[    0.030756] ACPI: INT_SRC_OVR (bus 0 bus_irq 10 global_irq 10 high level)
[    0.030804] ACPI: INT_SRC_OVR (bus 0 bus_irq 11 global_irq 11 high level)
[    0.030957] ACPI: Using ACPI (MADT) for SMP configuration information
[    0.031025] ACPI: HPET id: 0x8086a201 base: 0xfed00000
[    0.031301] CPU topo: Max. logical packages:   1
[    0.031356] CPU topo: Max. logical nodes:      1
[    0.031392] CPU topo: Num. nodes per package:  1
[    0.031456] CPU topo: Max. logical dies:       1
[    0.031491] CPU topo: Max. dies per package:   1
[    0.031556] CPU topo: Max. threads per core:   1
[    0.031668] CPU topo: Num. cores per package:     2
[    0.031709] CPU topo: Num. threads per package:   2
[    0.031749] CPU topo: Allowing 2 present CPUs plus 0 hotplug CPUs
[    0.032278] PM: hibernation: Registered nosave memory: [mem 0x00000000-0x00000fff]
[    0.032348] PM: hibernation: Registered nosave memory: [mem 0x0009f000-0x000fffff]
[    0.032467] [gap 0x10000000-0xfffbffff] available for PCI devices
[    0.032540] Booting paravirtualized kernel on bare hardware
[    0.032768] clocksource: refined-jiffies: mask: 0xffffffff max_cycles: 0xffffffff, max_idle_ns: 1910969940391419 ns
[    0.039407] Zone ranges:
[    0.039445]   DMA      [mem 0x0000000000001000-0x0000000000ffffff]
[    0.039527]   DMA32    [mem 0x0000000001000000-0x000000000ffdffff]
[    0.039574]   Normal   empty
[    0.039610] Movable zone start for each node
[    0.039652] Early memory node ranges
[    0.039694]   node   0: [mem 0x0000000000001000-0x000000000009efff]
[    0.039810]   node   0: [mem 0x0000000000100000-0x000000000ffdffff]
[    0.039924] Initmem setup node 0 [mem 0x0000000000001000-0x000000000ffdffff]
[    0.040564] On node 0, zone DMA: 1 pages in unavailable ranges
[    0.040762] On node 0, zone DMA: 97 pages in unavailable ranges
[    0.041471] On node 0, zone DMA32: 32 pages in unavailable ranges
[    0.041635] setup_percpu: NR_CPUS:64 nr_cpumask_bits:2 nr_cpu_ids:2 nr_node_ids:1
[    0.042458] percpu: Embedded 52 pages/cpu s172184 r8192 d32616 u1048576
[    0.042743] pcpu-alloc: s172184 r8192 d32616 u1048576 alloc=1*2097152
[    0.042833] pcpu-alloc: [0] 0 1
[    0.043728] Kernel command line: console=ttyS0 nokaslr panic=1 ignore_loglevel earlyprintk=serial,ttyS0,115200
[    0.044456] Unknown kernel command line parameters "nokaslr", will be passed to user space.
[    0.044630] printk: log buffer data + meta data: 262144 + 917504 = 1179648 bytes
[    0.044847] Dentry cache hash table entries: 32768 (order: 6, 262144 bytes, linear)
[    0.044959] Inode-cache hash table entries: 16384 (order: 5, 131072 bytes, linear)
[    0.046460] Fallback order for Node 0: 0
[    0.046708] Built 1 zonelists, mobility grouping on.  Total pages: 65406
[    0.046798] Policy zone: DMA32
[    0.046969] mem auto-init: stack:all(zero), heap alloc:off, heap free:off
[    0.052348] SLUB: HWalign=64, Order=0-3, MinObjects=0, CPUs=2, Nodes=1
Poking KASLR using RDTSC...
[    0.074240] ftrace: allocating 31571 entries in 124 pages
[    0.074512] ftrace: allocated 124 pages with 5 groups
[    0.079096] Dynamic Preempt: lazy
[    0.080949] rcu: Preemptible hierarchical RCU implementation.
[    0.080998] rcu: 	RCU event tracing is enabled.
[    0.081041] rcu: 	RCU restricting CPUs from NR_CPUS=64 to nr_cpu_ids=2.
[    0.081172] 	Trampoline variant of Tasks RCU enabled.
[    0.081208] 	Rude variant of Tasks RCU enabled.
[    0.081241] 	Tracing variant of Tasks RCU enabled.
[    0.081328] rcu: RCU calculated value of scheduler-enlistment delay is 100 jiffies.
[    0.081390] rcu: Adjusting geometry for rcu_fanout_leaf=16, nr_cpu_ids=2
[    0.082146] RCU Tasks: Setting shift to 1 and lim to 1 rcu_task_cb_adjust=1 rcu_task_cpu_ids=2.
[    0.082212] RCU Tasks Rude: Setting shift to 1 and lim to 1 rcu_task_cb_adjust=1 rcu_task_cpu_ids=2.
[    0.098712] NR_IRQS: 4352, nr_irqs: 440, preallocated irqs: 16
[    0.104247] rcu: srcu_init: Setting srcu_struct sizes based on contention.
[    0.108173] Console: colour VGA+ 80x25
[    0.109324] printk: legacy console [ttyS0] enabled
[    0.109324] printk: legacy console [ttyS0] enabled
[    0.109617] printk: legacy bootconsole [earlyser0] disabled
[    0.109617] printk: legacy bootconsole [earlyser0] disabled
[    0.110495] ACPI: Core revision 20251212
[    0.113677] clocksource: hpet: mask: 0xffffffff max_cycles: 0xffffffff, max_idle_ns: 19112604467 ns
[    0.116549] APIC: Switch to symmetric I/O mode setup
[    0.119369] ..TIMER: vector=0x30 apic1=0 pin1=2 apic2=-1 pin2=-1
[    0.124532] clocksource: tsc-early: mask: 0xffffffffffffffff max_cycles: 0x3e05090ee8a, max_idle_ns: 440795403521 ns
[    0.124811] Calibrating delay loop (skipped), value calculated using timer frequency.. 8605.22 BogoMIPS (lpj=4302614)
[    0.127087] Last level iTLB entries: 4KB 512, 2MB 255, 4MB 127
[    0.127146] Last level dTLB entries: 4KB 512, 2MB 255, 4MB 127, 1GB 0
[    0.127315] mitigations: Enabled attack vectors: user_kernel, user_user, SMT mitigations: auto
[    0.127581] Spectre V2 : Mitigation: Retpolines
[    0.127698] Spectre V1 : Mitigation: usercopy/swapgs barriers and __user pointer sanitization
[    0.127805] Spectre V2 : Spectre v2 / SpectreRSB: Filling RSB on context switch and VMEXIT
[    0.128284] x86/fpu: x87 FPU will use FXSAVE
[    0.182045] pid_max: default: 32768 minimum: 301
[    0.187311] Mount-cache hash table entries: 512 (order: 0, 4096 bytes, linear)
[    0.187454] Mountpoint-cache hash table entries: 512 (order: 0, 4096 bytes, linear)
[    0.194787] VFS: Finished mounting rootfs on nullfs
[    0.309318] smpboot: CPU0: AMD QEMU Virtual CPU version 2.5+ (family: 0xf, model: 0x6b, stepping: 0x1)
[    0.315972] Performance Events: PMU not available due to virtualization, using software events only.
[    0.316629] signal: max sigframe size: 1440
[    0.317353] rcu: Hierarchical SRCU implementation.
[    0.317409] rcu: 	Max phase no-delay instances is 400.
[    0.318098] Timer migration: 1 hierarchy levels; 8 children per group; 1 crossnode level
[    0.320655] smp: Bringing up secondary CPUs ...
[    0.324731] smpboot: x86: Booting SMP configuration:
[    0.324796] .... node  #0, CPUs:      #1
[    0.394998] smp: Brought up 1 node, 2 CPUs
[    0.395151] smpboot: Total of 2 processors activated (17214.44 BogoMIPS)
[    0.400946] Memory: 219412K/261624K available (10633K kernel code, 2190K rwdata, 4348K rodata, 2536K init, 524K bss, 38980K reserved, 0K cma-reserved)
[    0.405589] devtmpfs: initialized
[    0.411765] clocksource: jiffies: mask: 0xffffffff max_cycles: 0xffffffff, max_idle_ns: 1911260446275000 ns
[    0.412157] posixtimers hash table entries: 1024 (order: 2, 16384 bytes, linear)
[    0.412365] futex hash table entries: 512 (32768 bytes on 1 NUMA nodes, total 32 KiB, linear).
[    0.414932] PM: RTC time: 11:39:59, date: 2026-07-15
[    0.418262] thermal_sys: Registered thermal governor 'step_wise'
[    0.418740] cpuidle: using governor menu
[    0.419983] Freeing SMP alternatives memory: 28K
[    0.421518] PCI: Using configuration type 1 for base access
[    0.421824] mtrr: your CPUs had inconsistent fixed MTRR settings
[    0.421875] mtrr: your CPUs had inconsistent variable MTRR settings
[    0.421923] mtrr: your CPUs had inconsistent MTRRdefType settings
[    0.421966] mtrr: probably your BIOS does not setup all CPUs.
[    0.422014] mtrr: corrected configuration.
[    0.423438] kprobes: kprobe jump-optimization is enabled. All kprobes are optimized if possible.
[    0.425193] HugeTLB: registered 2.00 MiB page size, pre-allocated 0 pages
[    0.425270] HugeTLB: 28 KiB vmemmap can be freed for a 2.00 MiB page
[    0.427905] ACPI: Added _OSI(Module Device)
[    0.427958] ACPI: Added _OSI(Processor Device)
[    0.427993] ACPI: Added _OSI(Processor Aggregator Device)
[    0.439601] ACPI: 1 ACPI AML tables successfully acquired and loaded
[    0.450928] ACPI: \_SB_: platform _OSC: OS support mask [002a7eee]
[    0.456022] ACPI: Interpreter enabled
[    0.456692] ACPI: PM: (supports S0 S3 S4 S5)
[    0.456757] ACPI: Using IOAPIC for interrupt routing
[    0.457021] PCI: Using host bridge windows from ACPI; if necessary, use "pci=nocrs" and report a bug
[    0.457098] PCI: Using E820 reservations for host bridge windows
[    0.457970] ACPI: Enabled 2 GPEs in block 00 to 0F
[    0.481733] ACPI: PCI Root Bridge [PCI0] (domain 0000 [bus 00-ff])
[    0.482196] acpi PNP0A03:00: _OSC: OS supports [ASPM ClockPM Segments MSI HPX-Type3]
[    0.482331] acpi PNP0A03:00: _OSC: not requesting OS control; OS requires [ExtendedConfig ASPM ClockPM MSI]
[    0.482571] acpi PNP0A03:00: _OSC: platform retains control of PCIe features (AE_ERROR)
[    0.482883] acpi PNP0A03:00: fail to add MMCONFIG information, can't access extended configuration space under this bridge
[    0.484678] PCI host bridge to bus 0000:00
[    0.484899] pci_bus 0000:00: root bus resource [io  0x0000-0x0cf7 window]
[    0.485018] pci_bus 0000:00: root bus resource [io  0x0d00-0xffff window]
[    0.485067] pci_bus 0000:00: root bus resource [mem 0x000a0000-0x000bffff window]
[    0.485137] pci_bus 0000:00: root bus resource [mem 0x10000000-0xfebfffff window]
[    0.485188] pci_bus 0000:00: root bus resource [mem 0x100000000-0x17fffffff window]
[    0.485315] pci_bus 0000:00: root bus resource [bus 00-ff]
[    0.486268] pci 0000:00:00.0: [8086:1237] type 00 class 0x060000 conventional PCI endpoint
[    0.488757] pci 0000:00:01.0: [8086:7000] type 00 class 0x060100 conventional PCI endpoint
[    0.489158] pci 0000:00:01.1: [8086:7010] type 00 class 0x010180 conventional PCI endpoint
[    0.489546] pci 0000:00:01.1: BAR 4 [io  0xc040-0xc04f]
[    0.489623] pci 0000:00:01.1: BAR 0 [io  0x01f0-0x01f7]: legacy IDE quirk
[    0.489700] pci 0000:00:01.1: BAR 1 [io  0x03f6]: legacy IDE quirk
[    0.489761] pci 0000:00:01.1: BAR 2 [io  0x0170-0x0177]: legacy IDE quirk
[    0.489816] pci 0000:00:01.1: BAR 3 [io  0x0376]: legacy IDE quirk
[    0.490193] pci 0000:00:01.3: [8086:7113] type 00 class 0x068000 conventional PCI endpoint
[    0.490462] pci 0000:00:01.3: quirk: [io  0x0600-0x063f] claimed by PIIX4 ACPI
[    0.490532] pci 0000:00:01.3: quirk: [io  0x0700-0x070f] claimed by PIIX4 SMB
[    0.490894] pci 0000:00:02.0: [1234:1111] type 00 class 0x030000 conventional PCI endpoint
[    0.491273] pci 0000:00:02.0: BAR 0 [mem 0xfd000000-0xfdffffff pref]
[    0.491356] pci 0000:00:02.0: BAR 2 [mem 0xfeb70000-0xfeb70fff]
[    0.491400] pci 0000:00:02.0: ROM [mem 0xfeb60000-0xfeb6ffff pref]
[    0.491595] pci 0000:00:02.0: Video device with shadowed ROM at [mem 0x000c0000-0x000dffff]
[    0.491990] pci 0000:00:03.0: [8086:100e] type 00 class 0x020000 conventional PCI endpoint
[    0.492372] pci 0000:00:03.0: BAR 0 [mem 0xfeb40000-0xfeb5ffff]
[    0.492428] pci 0000:00:03.0: BAR 1 [io  0xc000-0xc03f]
[    0.492473] pci 0000:00:03.0: ROM [mem 0xfeb00000-0xfeb3ffff pref]
[    0.495748] pci 0000:00:04.0: [1234:11e8] type 00 class 0x00ff00 conventional PCI endpoint
[    0.496010] pci 0000:00:04.0: BAR 0 [mem 0xfea00000-0xfeafffff]
[    0.501258] ACPI: PCI: Interrupt link LNKA configured for IRQ 10
[    0.501784] ACPI: PCI: Interrupt link LNKB configured for IRQ 10
[    0.502126] ACPI: PCI: Interrupt link LNKC configured for IRQ 11
[    0.502444] ACPI: PCI: Interrupt link LNKD configured for IRQ 11
[    0.502607] ACPI: PCI: Interrupt link LNKS configured for IRQ 9
[    0.504712] iommu: Default domain type: Translated
[    0.504777] iommu: DMA domain TLB invalidation policy: lazy mode
[    0.505758] SCSI subsystem initialized
[    0.506809] libata version 3.00 loaded.
[    0.507056] pps_core: LinuxPPS API ver. 1 registered
[    0.507099] pps_core: Software ver. 5.3.6 - Copyright 2005-2007 Rodolfo Giometti <giometti@linux.it>
[    0.507304] PCI: Using ACPI for IRQ routing
[    0.507350] PCI: pci_cache_line_size set to 64 bytes
[    0.507720] e820: register RAM buffer resource [mem 0x0009fc00-0x0009ffff]
[    0.507867] e820: register RAM buffer resource [mem 0x0ffe0000-0x0fffffff]
[    0.511032] pci 0000:00:02.0: vgaarb: setting as boot VGA device
[    0.511114] pci 0000:00:02.0: vgaarb: bridge control possible
[    0.511179] pci 0000:00:02.0: vgaarb: VGA device added: decodes=io+mem,owns=io+mem,locks=none
[    0.511251] vgaarb: loaded
[    0.511285] hpet: 3 channels of 0 reserved for per-cpu timers
[    0.511476] hpet0: at MMIO 0xfed00000, IRQs 2, 8, 0
[    0.511562] hpet0: 3 comparators, 64-bit 100.000000 MHz counter
[    0.515679] clocksource: Switched to clocksource tsc-early
[    0.517692] VFS: Disk quotas dquot_6.6.0
[    0.517802] VFS: Dquot-cache hash table entries: 512 (order 0, 4096 bytes)
[    0.519154] ACPI: Failed to create genetlink family for ACPI event
[    0.519281] pnp: PnP ACPI init
[    0.520593] pnp 00:02: [dma 2]
[    0.521625] pnp: PnP ACPI: found 5 devices
[    0.535786] clocksource: acpi_pm: mask: 0xffffff max_cycles: 0xffffff, max_idle_ns: 2085701024 ns
[    0.536309] pci_bus 0000:00: resource 4 [io  0x0000-0x0cf7 window]
[    0.536375] pci_bus 0000:00: resource 5 [io  0x0d00-0xffff window]
[    0.536428] pci_bus 0000:00: resource 6 [mem 0x000a0000-0x000bffff window]
[    0.536476] pci_bus 0000:00: resource 7 [mem 0x10000000-0xfebfffff window]
[    0.536524] pci_bus 0000:00: resource 8 [mem 0x100000000-0x17fffffff window]
[    0.536870] pci 0000:00:01.0: PIIX3: Enabling Passive Release
[    0.536967] pci 0000:00:00.0: Limiting direct PCI/PCI transfers
[    0.537099] PCI: CLS 0 bytes, default 64
[    0.539502] Unpacking initramfs...
[    0.548030] Initialise system trusted keyrings
[    0.549798] workingset: timestamp_bits=56 (anon: 52) max_order=16 bucket_order=0 (anon: 0)
[    0.552425] Key type asymmetric registered
[    0.552505] Asymmetric key parser 'x509' registered
[    0.552655] Block layer SCSI generic (bsg) driver version 0.4 loaded (major 251)
[    0.552934] io scheduler mq-deadline registered
[    0.552996] io scheduler kyber registered
[    0.555905] input: Power Button as /devices/platform/LNXPWRBN:00/input/input0
[    0.556587] ACPI: button: Power Button [PWRF]
[    0.560237] Serial: 8250/16550 driver, 4 ports, IRQ sharing enabled
[    0.563181] 00:04: ttyS0 at I/O 0x3f8 (irq = 4, base_baud = 115200) is a 16550A
[    0.568661] Non-volatile memory driver v1.3
[    0.578705] loop: module loaded
[    0.584321] scsi host0: ata_piix
[    0.585338] scsi host1: ata_piix
[    0.585622] ata1: PATA max MWDMA2 cmd 0x1f0 ctl 0x3f6 bmdma 0xc040 irq 14 lpm-pol 0
[    0.585693] ata2: PATA max MWDMA2 cmd 0x170 ctl 0x376 bmdma 0xc048 irq 15 lpm-pol 0
[    0.588588] i8042: PNP: PS/2 Controller [PNP0303:KBD,PNP0f13:MOU] at 0x60,0x64 irq 1,12
[    0.590417] serio: i8042 KBD port at 0x60,0x64 irq 1
[    0.590564] serio: i8042 AUX port at 0x60,0x64 irq 12
[    0.591839] rtc_cmos PNP0B00:00: RTC can wake from S4
[    0.594071] rtc_cmos PNP0B00:00: registered as rtc0
[    0.594919] rtc_cmos PNP0B00:00: alarms up to one day, y3k, 242 bytes nvram, hpet irqs
[    0.595516] device-mapper: ioctl: 4.50.0-ioctl (2025-04-28) initialised: dm-devel@lists.linux.dev
[    0.595752] amd_pstate: the _CPC object is not present in SBIOS or ACPI disabled
[    0.595927] hid: raw HID events driver (C) Jiri Kosina
[    0.596988] input: AT Translated Set 2 keyboard as /devices/platform/i8042/serio0/input/input1
[    0.599067] IPI shorthand broadcast: enabled
[    0.608994] sched_clock: Marking stable (598396398, 9998942)->(609864609, -1469269)
[    0.610356] Loading compiled-in X.509 certificates
[    0.616237] Demotion targets for Node 0: null
[    0.618289] PM:   Magic number: 2:432:681
[    0.618985] clk: Disabling unused clocks
[    0.671283] Freeing initrd memory: 6420K
[    0.739798] ata2: found unknown device (class 0)
[    0.742840] ata2.00: ATAPI: QEMU DVD-ROM, 2.5+, max UDMA/100
[    0.749542] scsi 1:0:0:0: CD-ROM            QEMU     QEMU DVD-ROM     2.5+ PQ: 0 ANSI: 5
[    0.768186] sr 1:0:0:0: [sr0] scsi3-mmc drive: 4x/4x cd/rw xa/form2 tray
[    0.778369] cdrom: Uniform CD-ROM driver Revision: 3.20
[    0.785070] sr 1:0:0:0: Attached scsi CD-ROM sr0
[    0.786159] sr 1:0:0:0: Attached scsi generic sg0 type 5
[    0.823958] Freeing unused kernel image (initmem) memory: 2536K
[    0.824154] Write protecting the kernel read-only data: 18432k
[    0.825753] Freeing unused kernel image (text/rodata gap) memory: 1652K
[    0.826857] Freeing unused kernel image (rodata/data gap) memory: 1796K
[    0.917396] x86/mm: Checked W+X mappings: passed, no W+X pages found.
[    0.917637] Run /init as init process
[    0.917668]   with arguments:
[    0.917694]     /init
[    0.917715]     nokaslr
[    0.917734]   with environment:
[    0.917759]     HOME=/
[    0.917780]     TERM=linux
[    0.975865] mount (51) used greatest stack depth: 13208 bytes left
=== insmod edu_drv ===
[    1.002737] edu_drv: loading out-of-tree module taints kernel.
[    1.011594] ACPI: \_SB_.LNKD: Enabled at IRQ 11
[    1.012271] edu 0000:00:04.0: edu probed
[    1.013857] insmod (55) used greatest stack depth: 13064 bytes left
[    1.020041] input: ImExPS/2 Generic Explorer Mouse as /devices/platform/i8042/serio1/input/input3
=== dmesg ===
[    0.739798] ata2: found unknown device (class 0)
[    0.742840] ata2.00: ATAPI: QEMU DVD-ROM, 2.5+, max UDMA/100
[    0.749542] scsi 1:0:0:0: CD-ROM            QEMU     QEMU DVD-ROM     2.5+ PQ: 0 ANSI: 5
[    0.768186] sr 1:0:0:0: [sr0] scsi3-mmc drive: 4x/4x cd/rw xa/form2 tray
[    0.778369] cdrom: Uniform CD-ROM driver Revision: 3.20
[    0.785070] sr 1:0:0:0: Attached scsi CD-ROM sr0
[    0.786159] sr 1:0:0:0: Attached scsi generic sg0 type 5
[    0.823958] Freeing unused kernel image (initmem) memory: 2536K
[    0.824154] Write protecting the kernel read-only data: 18432k
[    0.825753] Freeing unused kernel image (text/rodata gap) memory: 1652K
[    0.826857] Freeing unused kernel image (rodata/data gap) memory: 1796K
[    0.917396] x86/mm: Checked W+X mappings: passed, no W+X pages found.
[    0.917637] Run /init as init process
[    0.917668]   with arguments:
[    0.917694]     /init
[    0.917715]     nokaslr
[    0.917734]   with environment:
[    0.917759]     HOME=/
[    0.917780]     TERM=linux
[    0.975865] mount (51) used greatest stack depth: 13208 bytes left
[    1.002737] edu_drv: loading out-of-tree module taints kernel.
[    1.011594] ACPI: \_SB_.LNKD: Enabled at IRQ 11
[    1.012271] edu 0000:00:04.0: edu probed
[    1.013857] insmod (55) used greatest stack depth: 13064 bytes left
[    1.020041] input: ImExPS/2 Generic Explorer Mouse as /devices/platform/i8042/serio1/input/input3
=== exerciser ===
TRACE id@0x00 = 0x010000ed OK
TRACE live_check@0x04 write0xa5a5a5a5 read0x5a5a5a5a OK (~X)
TRACE factorial@0x08(5)=120 OK
EDU_TRACE_OK
EXERCISER_RC=0
=== rmmod edu_drv ===
[    1.554311] tsc: Refined TSC clocksource calibration: 4302.427 MHz
[    1.554885] clocksource: tsc: mask: 0xffffffffffffffff max_cycles: 0x3e045885357, max_idle_ns: 440795309685 ns
[    1.555866] clocksource: Switched to clocksource tsc
=== QEMU_RUN_DONE ===
[    1.593254] sysrq: Power Off
[    1.593692] Kernel panic - not syncing: Attempted to kill init! exitcode=0x00000000
[    1.594063] CPU: 1 UID: 0 PID: 1 Comm: init Tainted: G           O        7.1.0-rc7-gacb7500801e9 #3 PREEMPT(lazy)
[    1.594176] Tainted: [O]=OOT_MODULE
[    1.594204] Hardware name: QEMU Standard PC (i440FX + PIIX, 1996), BIOS rel-1.17.0-0-gb52ca86e094d-prebuilt.qemu.org 04/01/2014
[    1.594350] Call Trace:
[    1.594704]  <TASK>
[    1.594839]  vpanic+0x32f/0x4b0
[    1.595005]  panic+0x63/0x70
[    1.595040]  do_exit+0x94a/0xaf0
[    1.595068]  do_group_exit+0x30/0x80
[    1.595095]  __x64_sys_exit_group+0x18/0x20
[    1.595130]  x64_sys_call+0x12e2/0x1880
[    1.595159]  do_syscall_64+0x10e/0x4e0
[    1.595189]  entry_SYSCALL_64_after_hwframe+0x77/0x7f
[    1.595297] RIP: 0033:0x7f18d467721d
[    1.595442] Code: 02 ba ff ff ff ff 89 d0 c3 0f 1f 40 00 f3 0f 1e fa 48 8b 35 ed 4b 11 00 ba e7 00 00 00 eb 07 66 0f 1f 44 00 00 f4 89 d0 0f 05 <48> 3d 00 f0 ff ff 76 f3 f7 d8 64 89 06 eb ec 0f 1f 40 00 f3 0f 1e
[    1.595573] RSP: 002b:00007ffdb4bfeee8 EFLAGS: 00000206 ORIG_RAX: 00000000000000e7
[    1.595637] RAX: ffffffffffffffda RBX: 00007ffdb4bff170 RCX: 00007f18d467721d
[    1.595682] RDX: 00000000000000e7 RSI: ffffffffffffff88 RDI: 0000000000000000
[    1.595727] RBP: 00007ffdb4bfefc0 R08: 000055f35792d010 R09: 0000000000000007
[    1.595771] R10: 000055f35792d3a0 R11: 0000000000000206 R12: 0000000000000000
[    1.595815] R13: 00007ffdb4bff160 R14: 000055f31d46fdd8 R15: 00007f18d47dd000
[    1.595888]  </TASK>
[    1.596276] Kernel Offset: disabled
[    1.596457] Rebooting in 1 seconds..
