c[?7l[2J[0mSeaBIOS (version rel-1.17.0-0-gb52ca86e094d-prebuilt.qemu.org)


iPXE (http://ipxe.org) 00:03.0 CA00 PCI2.10 PnP PMM+0EFD1C90+0EF31C90 CA00
Press Ctrl-B to configure iPXE (PCI 00:03.0)...


Booting from ROM..c[?7l[2JNo EFI environment detected.
early console in extract_kernel
input_data: 0x00000000024ec2c4
input_len: 0x00000000007adf6b
output: 0x0000000001000000
output_len: 0x0000000001c5d2b8
kernel_total_size: 0x0000000001a75000
needed_size: 0x0000000001e00000
trampoline_32bit: 0x0000000000000000


KASLR disabled: 'nokaslr' on cmdline.


Decompressing Linux... Parsing ELF... No relocation needed... done.
Booting the kernel (entry_offset: 0x000000000174d3b0).
[    0.000000] Linux version 7.1.0-rc7-gacb7500801e9 (yfblock@9950x) (gcc (Ubuntu 13.3.0-6ubuntu2~24.04.1) 13.3.0, GNU ld (GNU Binutils for Ubuntu) 2.42) #3 SMP PREEMPT_DYNAMIC Wed Jul 15 12:07:23 CST 2026
[    0.000000] Command line: console=ttyS0 nokaslr panic=1 ignore_loglevel earlyprintk=serial,ttyS0,115200
[    0.000000] BIOS-provided physical RAM map:
[    0.000000] BIOS-e820: [mem 0x0000000000000000-0x000000000009fbff]  System RAM
[    0.000000] BIOS-e820: [mem 0x000000000009fc00-0x000000000009ffff]  device reserved
[    0.000000] BIOS-e820: [gap 0x00000000000a0000-0x00000000000effff]
[    0.000000] BIOS-e820: [mem 0x00000000000f0000-0x00000000000fffff]  device reserved
[    0.000000] BIOS-e820: [mem 0x0000000000100000-0x000000000ffdffff]  System RAM
[    0.000000] BIOS-e820: [mem 0x000000000ffe0000-0x000000000fffffff]  device reserved
[    0.000000] BIOS-e820: [gap 0x0000000010000000-0x00000000fffbffff]
[    0.000000] BIOS-e820: [mem 0x00000000fffc0000-0x00000000ffffffff]  device reserved
[    0.000000] BIOS-e820: [gap 0x0000000100000000-0x000000fcffffffff]
[    0.000000] BIOS-e820: [mem 0x000000fd00000000-0x000000ffffffffff]  device reserved
[    0.000000] printk: debug: ignoring loglevel setting.
[    0.000000] printk: legacy bootconsole [earlyser0] enabled
[    0.000000] NX (Execute Disable) protection: active
[    0.000000] APIC: Static calls initialized
[    0.000000] DMI: SMBIOS 2.8 present.
[    0.000000] DMI: QEMU Standard PC (i440FX + PIIX, 1996), BIOS rel-1.17.0-0-gb52ca86e094d-prebuilt.qemu.org 04/01/2014
[    0.000000] DMI: Memory slots populated: 1/1
[    0.000000] tsc: Fast TSC calibration using PIT
[    0.000000] tsc: Detected 4300.030 MHz processor
[    0.007993] e820: update [mem 0x00000000-0x00000fff] System RAM ==> device reserved
[    0.008177] e820: remove [mem 0x000a0000-0x000fffff] System RAM
[    0.008334] last_pfn = 0xffe0 max_arch_pfn = 0x400000000
[    0.008773] MTRR map: 4 entries (3 fixed + 1 variable; max 19), built from 8 variable MTRRs
[    0.008936] x86/PAT: Configuration [0-7]: WB  WC  UC- UC  WB  WP  UC- WT
[    0.021359] found SMP MP-table at [mem 0x000f54c0-0x000f54cf]
[    0.024455] RAMDISK: [mem 0x0f99a000-0x0ffdffff]
[    0.024728] ACPI: Early table checksum verification disabled
[    0.025045] ACPI: RSDP 0x00000000000F52E0 000014 (v00 BOCHS )
[    0.025253] ACPI: RSDT 0x000000000FFE2383 000034 (v01 BOCHS  BXPC     00000001 BXPC 00000001)
[    0.025731] ACPI: FACP 0x000000000FFE222F 000074 (v01 BOCHS  BXPC     00000001 BXPC 00000001)
[    0.026175] ACPI: DSDT 0x000000000FFE0040 0021EF (v01 BOCHS  BXPC     00000001 BXPC 00000001)
[    0.026276] ACPI: FACS 0x000000000FFE0000 000040
[    0.026340] ACPI: APIC 0x000000000FFE22A3 000080 (v03 BOCHS  BXPC     00000001 BXPC 00000001)
[    0.026409] ACPI: HPET 0x000000000FFE2323 000038 (v01 BOCHS  BXPC     00000001 BXPC 00000001)
[    0.026477] ACPI: WAET 0x000000000FFE235B 000028 (v01 BOCHS  BXPC     00000001 BXPC 00000001)
[    0.026585] ACPI: Reserving FACP table memory at [mem 0xffe222f-0xffe22a2]
[    0.026641] ACPI: Reserving DSDT table memory at [mem 0xffe0040-0xffe222e]
[    0.026687] ACPI: Reserving FACS table memory at [mem 0xffe0000-0xffe003f]
[    0.026731] ACPI: Reserving APIC table memory at [mem 0xffe22a3-0xffe2322]
[    0.026784] ACPI: Reserving HPET table memory at [mem 0xffe2323-0xffe235a]
[    0.026827] ACPI: Reserving WAET table memory at [mem 0xffe235b-0xffe2382]
[    0.028075] No NUMA configuration found
[    0.028119] Faking a node at [mem 0x0000000000000000-0x000000000ffdffff]
[    0.028518] NODE_DATA(0) allocated [mem 0x0f996680-0x0f999fff]
[    0.029020] ACPI: PM-Timer IO Port: 0x608
[    0.029296] ACPI: LAPIC_NMI (acpi_id[0xff] dfl dfl lint[0x1])
[    0.029554] IOAPIC[0]: apic_id 0, version 32, address 0xfec00000, GSI 0-23
[    0.029668] ACPI: INT_SRC_OVR (bus 0 bus_irq 0 global_irq 2 dfl dfl)
[    0.029849] ACPI: INT_SRC_OVR (bus 0 bus_irq 5 global_irq 5 high level)
[    0.029917] ACPI: INT_SRC_OVR (bus 0 bus_irq 9 global_irq 9 high level)
[    0.030012] ACPI: INT_SRC_OVR (bus 0 bus_irq 10 global_irq 10 high level)
[    0.030060] ACPI: INT_SRC_OVR (bus 0 bus_irq 11 global_irq 11 high level)
[    0.030208] ACPI: Using ACPI (MADT) for SMP configuration information
[    0.030274] ACPI: HPET id: 0x8086a201 base: 0xfed00000
[    0.030542] CPU topo: Max. logical packages:   1
[    0.030596] CPU topo: Max. logical nodes:      1
[    0.030633] CPU topo: Num. nodes per package:  1
[    0.030699] CPU topo: Max. logical dies:       1
[    0.030734] CPU topo: Max. dies per package:   1
[    0.030798] CPU topo: Max. threads per core:   1
[    0.030908] CPU topo: Num. cores per package:     2
[    0.030949] CPU topo: Num. threads per package:   2
[    0.030985] CPU topo: Allowing 2 present CPUs plus 0 hotplug CPUs
[    0.031488] PM: hibernation: Registered nosave memory: [mem 0x00000000-0x00000fff]
[    0.031556] PM: hibernation: Registered nosave memory: [mem 0x0009f000-0x000fffff]
[    0.031671] [gap 0x10000000-0xfffbffff] available for PCI devices
[    0.031742] Booting paravirtualized kernel on bare hardware
[    0.031959] clocksource: refined-jiffies: mask: 0xffffffff max_cycles: 0xffffffff, max_idle_ns: 1910969940391419 ns
[    0.038197] Zone ranges:
[    0.038235]   DMA      [mem 0x0000000000001000-0x0000000000ffffff]
[    0.038316]   DMA32    [mem 0x0000000001000000-0x000000000ffdffff]
[    0.038363]   Normal   empty
[    0.038399] Movable zone start for each node
[    0.038441] Early memory node ranges
[    0.038483]   node   0: [mem 0x0000000000001000-0x000000000009efff]
[    0.038594]   node   0: [mem 0x0000000000100000-0x000000000ffdffff]
[    0.038709] Initmem setup node 0 [mem 0x0000000000001000-0x000000000ffdffff]
[    0.039337] On node 0, zone DMA: 1 pages in unavailable ranges
[    0.039522] On node 0, zone DMA: 97 pages in unavailable ranges
[    0.040238] On node 0, zone DMA32: 32 pages in unavailable ranges
[    0.040399] setup_percpu: NR_CPUS:64 nr_cpumask_bits:2 nr_cpu_ids:2 nr_node_ids:1
[    0.041213] percpu: Embedded 52 pages/cpu s172184 r8192 d32616 u1048576
[    0.041489] pcpu-alloc: s172184 r8192 d32616 u1048576 alloc=1*2097152
[    0.041577] pcpu-alloc: [0] 0 1
[    0.042447] Kernel command line: console=ttyS0 nokaslr panic=1 ignore_loglevel earlyprintk=serial,ttyS0,115200
[    0.043148] Unknown kernel command line parameters "nokaslr", will be passed to user space.
[    0.043317] printk: log buffer data + meta data: 262144 + 917504 = 1179648 bytes
[    0.043526] Dentry cache hash table entries: 32768 (order: 6, 262144 bytes, linear)
[    0.043637] Inode-cache hash table entries: 16384 (order: 5, 131072 bytes, linear)
[    0.045100] Fallback order for Node 0: 0
[    0.045343] Built 1 zonelists, mobility grouping on.  Total pages: 65406
[    0.045426] Policy zone: DMA32
[    0.045592] mem auto-init: stack:all(zero), heap alloc:off, heap free:off
[    0.050801] SLUB: HWalign=64, Order=0-3, MinObjects=0, CPUs=2, Nodes=1
Poking KASLR using RDTSC...
[    0.071904] ftrace: allocating 31571 entries in 124 pages
[    0.072167] ftrace: allocated 124 pages with 5 groups
[    0.076570] Dynamic Preempt: lazy
[    0.078375] rcu: Preemptible hierarchical RCU implementation.
[    0.078422] rcu: 	RCU event tracing is enabled.
[    0.078463] rcu: 	RCU restricting CPUs from NR_CPUS=64 to nr_cpu_ids=2.
[    0.078590] 	Trampoline variant of Tasks RCU enabled.
[    0.078624] 	Rude variant of Tasks RCU enabled.
[    0.078658] 	Tracing variant of Tasks RCU enabled.
[    0.078742] rcu: RCU calculated value of scheduler-enlistment delay is 100 jiffies.
[    0.078801] rcu: Adjusting geometry for rcu_fanout_leaf=16, nr_cpu_ids=2
[    0.079533] RCU Tasks: Setting shift to 1 and lim to 1 rcu_task_cb_adjust=1 rcu_task_cpu_ids=2.
[    0.079596] RCU Tasks Rude: Setting shift to 1 and lim to 1 rcu_task_cb_adjust=1 rcu_task_cpu_ids=2.
[    0.096187] NR_IRQS: 4352, nr_irqs: 440, preallocated irqs: 16
[    0.101587] rcu: srcu_init: Setting srcu_struct sizes based on contention.
[    0.105428] Console: colour VGA+ 80x25
[    0.106556] printk: legacy console [ttyS0] enabled
[    0.106556] printk: legacy console [ttyS0] enabled
[    0.106844] printk: legacy bootconsole [earlyser0] disabled
[    0.106844] printk: legacy bootconsole [earlyser0] disabled
[    0.107698] ACPI: Core revision 20251212
[    0.110848] clocksource: hpet: mask: 0xffffffff max_cycles: 0xffffffff, max_idle_ns: 19112604467 ns
[    0.113978] APIC: Switch to symmetric I/O mode setup
[    0.116388] ..TIMER: vector=0x30 apic1=0 pin1=2 apic2=-1 pin2=-1
[    0.121678] clocksource: tsc-early: mask: 0xffffffffffffffff max_cycles: 0x3dfb7fffa30, max_idle_ns: 440795341646 ns
[    0.121953] Calibrating delay loop (skipped), value calculated using timer frequency.. 8600.06 BogoMIPS (lpj=4300030)
[    0.124167] Last level iTLB entries: 4KB 512, 2MB 255, 4MB 127
[    0.124224] Last level dTLB entries: 4KB 512, 2MB 255, 4MB 127, 1GB 0
[    0.124388] mitigations: Enabled attack vectors: user_kernel, user_user, SMT mitigations: auto
[    0.124650] Spectre V2 : Mitigation: Retpolines
[    0.124747] Spectre V1 : Mitigation: usercopy/swapgs barriers and __user pointer sanitization
[    0.124862] Spectre V2 : Spectre v2 / SpectreRSB: Filling RSB on context switch and VMEXIT
[    0.125325] x86/fpu: x87 FPU will use FXSAVE
[    0.179916] pid_max: default: 32768 minimum: 301
[    0.185236] Mount-cache hash table entries: 512 (order: 0, 4096 bytes, linear)
[    0.185367] Mountpoint-cache hash table entries: 512 (order: 0, 4096 bytes, linear)
[    0.191373] VFS: Finished mounting rootfs on nullfs
[    0.307823] smpboot: CPU0: AMD QEMU Virtual CPU version 2.5+ (family: 0xf, model: 0x6b, stepping: 0x1)
[    0.314549] Performance Events: PMU not available due to virtualization, using software events only.
[    0.315214] signal: max sigframe size: 1440
[    0.316020] rcu: Hierarchical SRCU implementation.
[    0.316081] rcu: 	Max phase no-delay instances is 400.
[    0.316644] Timer migration: 1 hierarchy levels; 8 children per group; 1 crossnode level
[    0.319106] smp: Bringing up secondary CPUs ...
[    0.323462] smpboot: x86: Booting SMP configuration:
[    0.323527] .... node  #0, CPUs:      #1
[    0.394160] smp: Brought up 1 node, 2 CPUs
[    0.394314] smpboot: Total of 2 processors activated (17202.47 BogoMIPS)
[    0.400050] Memory: 219408K/261624K available (10633K kernel code, 2190K rwdata, 4348K rodata, 2536K init, 524K bss, 38984K reserved, 0K cma-reserved)
[    0.404723] devtmpfs: initialized
[    0.410051] clocksource: jiffies: mask: 0xffffffff max_cycles: 0xffffffff, max_idle_ns: 1911260446275000 ns
[    0.410850] posixtimers hash table entries: 1024 (order: 2, 16384 bytes, linear)
[    0.411056] futex hash table entries: 512 (32768 bytes on 1 NUMA nodes, total 32 KiB, linear).
[    0.413409] PM: RTC time: 10:00:07, date: 2026-07-16
[    0.415625] thermal_sys: Registered thermal governor 'step_wise'
[    0.415966] cpuidle: using governor menu
[    0.417036] Freeing SMP alternatives memory: 28K
[    0.418451] PCI: Using configuration type 1 for base access
[    0.418732] mtrr: your CPUs had inconsistent fixed MTRR settings
[    0.418781] mtrr: your CPUs had inconsistent variable MTRR settings
[    0.418839] mtrr: your CPUs had inconsistent MTRRdefType settings
[    0.418885] mtrr: probably your BIOS does not setup all CPUs.
[    0.418933] mtrr: corrected configuration.
[    0.420314] kprobes: kprobe jump-optimization is enabled. All kprobes are optimized if possible.
[    0.425830] HugeTLB: registered 2.00 MiB page size, pre-allocated 0 pages
[    0.425830] HugeTLB: 28 KiB vmemmap can be freed for a 2.00 MiB page
[    0.430177] ACPI: Added _OSI(Module Device)
[    0.430233] ACPI: Added _OSI(Processor Device)
[    0.430267] ACPI: Added _OSI(Processor Aggregator Device)
[    0.451873] ACPI: 1 ACPI AML tables successfully acquired and loaded
[    0.461055] ACPI: \_SB_: platform _OSC: OS support mask [002a7eee]
[    0.463368] ACPI: Interpreter enabled
[    0.464006] ACPI: PM: (supports S0 S3 S4 S5)
[    0.464070] ACPI: Using IOAPIC for interrupt routing
[    0.464301] PCI: Using host bridge windows from ACPI; if necessary, use "pci=nocrs" and report a bug
[    0.464378] PCI: Using E820 reservations for host bridge windows
[    0.465224] ACPI: Enabled 2 GPEs in block 00 to 0F
[    0.488655] ACPI: PCI Root Bridge [PCI0] (domain 0000 [bus 00-ff])
[    0.489128] acpi PNP0A03:00: _OSC: OS supports [ASPM ClockPM Segments MSI HPX-Type3]
[    0.489268] acpi PNP0A03:00: _OSC: not requesting OS control; OS requires [ExtendedConfig ASPM ClockPM MSI]
[    0.489502] acpi PNP0A03:00: _OSC: platform retains control of PCIe features (AE_ERROR)
[    0.489791] acpi PNP0A03:00: fail to add MMCONFIG information, can't access extended configuration space under this bridge
[    0.491736] PCI host bridge to bus 0000:00
[    0.491907] pci_bus 0000:00: root bus resource [io  0x0000-0x0cf7 window]
[    0.492022] pci_bus 0000:00: root bus resource [io  0x0d00-0xffff window]
[    0.492071] pci_bus 0000:00: root bus resource [mem 0x000a0000-0x000bffff window]
[    0.492147] pci_bus 0000:00: root bus resource [mem 0x10000000-0xfebfffff window]
[    0.492205] pci_bus 0000:00: root bus resource [mem 0x100000000-0x17fffffff window]
[    0.492327] pci_bus 0000:00: root bus resource [bus 00-ff]
[    0.493504] pci 0000:00:00.0: [8086:1237] type 00 class 0x060000 conventional PCI endpoint
[    0.496080] pci 0000:00:01.0: [8086:7000] type 00 class 0x060100 conventional PCI endpoint
[    0.496480] pci 0000:00:01.1: [8086:7010] type 00 class 0x010180 conventional PCI endpoint
[    0.496960] pci 0000:00:01.1: BAR 4 [io  0xc040-0xc04f]
[    0.497042] pci 0000:00:01.1: BAR 0 [io  0x01f0-0x01f7]: legacy IDE quirk
[    0.497098] pci 0000:00:01.1: BAR 1 [io  0x03f6]: legacy IDE quirk
[    0.497165] pci 0000:00:01.1: BAR 2 [io  0x0170-0x0177]: legacy IDE quirk
[    0.497218] pci 0000:00:01.1: BAR 3 [io  0x0376]: legacy IDE quirk
[    0.497576] pci 0000:00:01.3: [8086:7113] type 00 class 0x068000 conventional PCI endpoint
[    0.497951] pci 0000:00:01.3: quirk: [io  0x0600-0x063f] claimed by PIIX4 ACPI
[    0.498057] pci 0000:00:01.3: quirk: [io  0x0700-0x070f] claimed by PIIX4 SMB
[    0.498545] pci 0000:00:02.0: [1234:1111] type 00 class 0x030000 conventional PCI endpoint
[    0.498840] pci 0000:00:02.0: BAR 0 [mem 0xfd000000-0xfdffffff pref]
[    0.498927] pci 0000:00:02.0: BAR 2 [mem 0xfebf0000-0xfebf0fff]
[    0.498972] pci 0000:00:02.0: ROM [mem 0xfebe0000-0xfebeffff pref]
[    0.499207] pci 0000:00:02.0: Video device with shadowed ROM at [mem 0x000c0000-0x000dffff]
[    0.499669] pci 0000:00:03.0: [8086:100e] type 00 class 0x020000 conventional PCI endpoint
[    0.500227] pci 0000:00:03.0: BAR 0 [mem 0xfebc0000-0xfebdffff]
[    0.500308] pci 0000:00:03.0: BAR 1 [io  0xc000-0xc03f]
[    0.500369] pci 0000:00:03.0: ROM [mem 0xfeb80000-0xfebbffff pref]
[    0.506320] ACPI: PCI: Interrupt link LNKA configured for IRQ 10
[    0.506776] ACPI: PCI: Interrupt link LNKB configured for IRQ 10
[    0.507100] ACPI: PCI: Interrupt link LNKC configured for IRQ 11
[    0.507415] ACPI: PCI: Interrupt link LNKD configured for IRQ 11
[    0.507572] ACPI: PCI: Interrupt link LNKS configured for IRQ 9
[    0.509895] iommu: Default domain type: Translated
[    0.509956] iommu: DMA domain TLB invalidation policy: lazy mode
[    0.510951] SCSI subsystem initialized
[    0.511945] libata version 3.00 loaded.
[    0.512203] pps_core: LinuxPPS API ver. 1 registered
[    0.512244] pps_core: Software ver. 5.3.6 - Copyright 2005-2007 Rodolfo Giometti <giometti@linux.it>
[    0.513387] PCI: Using ACPI for IRQ routing
[    0.513387] PCI: pci_cache_line_size set to 64 bytes
[    0.513387] e820: register RAM buffer resource [mem 0x0009fc00-0x0009ffff]
[    0.513549] e820: register RAM buffer resource [mem 0x0ffe0000-0x0fffffff]
[    0.516720] pci 0000:00:02.0: vgaarb: setting as boot VGA device
[    0.516720] pci 0000:00:02.0: vgaarb: bridge control possible
[    0.516720] pci 0000:00:02.0: vgaarb: VGA device added: decodes=io+mem,owns=io+mem,locks=none
[    0.516843] vgaarb: loaded
[    0.517598] hpet: 3 channels of 0 reserved for per-cpu timers
[    0.517854] hpet0: at MMIO 0xfed00000, IRQs 2, 8, 0
[    0.517942] hpet0: 3 comparators, 64-bit 100.000000 MHz counter
[    0.521824] clocksource: Switched to clocksource tsc-early
[    0.523166] VFS: Disk quotas dquot_6.6.0
[    0.523258] VFS: Dquot-cache hash table entries: 512 (order 0, 4096 bytes)
[    0.525148] ACPI: Failed to create genetlink family for ACPI event
[    0.525275] pnp: PnP ACPI init
[    0.526530] pnp 00:02: [dma 2]
[    0.527549] pnp: PnP ACPI: found 5 devices
[    0.541475] clocksource: acpi_pm: mask: 0xffffff max_cycles: 0xffffff, max_idle_ns: 2085701024 ns
[    0.541971] pci_bus 0000:00: resource 4 [io  0x0000-0x0cf7 window]
[    0.542025] pci_bus 0000:00: resource 5 [io  0x0d00-0xffff window]
[    0.542080] pci_bus 0000:00: resource 6 [mem 0x000a0000-0x000bffff window]
[    0.542128] pci_bus 0000:00: resource 7 [mem 0x10000000-0xfebfffff window]
[    0.542175] pci_bus 0000:00: resource 8 [mem 0x100000000-0x17fffffff window]
[    0.542515] pci 0000:00:01.0: PIIX3: Enabling Passive Release
[    0.542607] pci 0000:00:00.0: Limiting direct PCI/PCI transfers
[    0.542737] PCI: CLS 0 bytes, default 64
[    0.545079] Unpacking initramfs...
[    0.551314] Initialise system trusted keyrings
[    0.552526] workingset: timestamp_bits=56 (anon: 52) max_order=16 bucket_order=0 (anon: 0)
[    0.554732] Key type asymmetric registered
[    0.554808] Asymmetric key parser 'x509' registered
[    0.554946] Block layer SCSI generic (bsg) driver version 0.4 loaded (major 251)
[    0.555244] io scheduler mq-deadline registered
[    0.555307] io scheduler kyber registered
[    0.559872] input: Power Button as /devices/platform/LNXPWRBN:00/input/input0
[    0.560513] ACPI: button: Power Button [PWRF]
[    0.564474] Serial: 8250/16550 driver, 4 ports, IRQ sharing enabled
[    0.566932] 00:04: ttyS0 at I/O 0x3f8 (irq = 4, base_baud = 115200) is a 16550A
[    0.574629] Non-volatile memory driver v1.3
[    0.584502] loop: module loaded
[    0.589571] scsi host0: ata_piix
[    0.590491] scsi host1: ata_piix
[    0.590731] ata1: PATA max MWDMA2 cmd 0x1f0 ctl 0x3f6 bmdma 0xc040 irq 14 lpm-pol 0
[    0.590801] ata2: PATA max MWDMA2 cmd 0x170 ctl 0x376 bmdma 0xc048 irq 15 lpm-pol 0
[    0.591669] i8042: PNP: PS/2 Controller [PNP0303:KBD,PNP0f13:MOU] at 0x60,0x64 irq 1,12
[    0.594207] serio: i8042 KBD port at 0x60,0x64 irq 1
[    0.594672] serio: i8042 AUX port at 0x60,0x64 irq 12
[    0.596081] rtc_cmos PNP0B00:00: RTC can wake from S4
[    0.597875] rtc_cmos PNP0B00:00: registered as rtc0
[    0.598689] rtc_cmos PNP0B00:00: alarms up to one day, y3k, 242 bytes nvram, hpet irqs
[    0.599245] device-mapper: ioctl: 4.50.0-ioctl (2025-04-28) initialised: dm-devel@lists.linux.dev
[    0.599727] amd_pstate: the _CPC object is not present in SBIOS or ACPI disabled
[    0.599908] hid: raw HID events driver (C) Jiri Kosina
[    0.600511] input: AT Translated Set 2 keyboard as /devices/platform/i8042/serio0/input/input1
[    0.602767] IPI shorthand broadcast: enabled
[    0.610820] sched_clock: Marking stable (600542852, 9809572)->(613612628, -3260204)
[    0.612549] Loading compiled-in X.509 certificates
[    0.618162] Demotion targets for Node 0: null
[    0.622100] PM:   Magic number: 2:230:22
[    0.622812] clk: Disabling unused clocks
[    0.675237] Freeing initrd memory: 6424K
[    0.745141] ata2: found unknown device (class 0)
[    0.747217] ata2.00: ATAPI: QEMU DVD-ROM, 2.5+, max UDMA/100
[    0.754089] scsi 1:0:0:0: CD-ROM            QEMU     QEMU DVD-ROM     2.5+ PQ: 0 ANSI: 5
[    0.767988] sr 1:0:0:0: [sr0] scsi3-mmc drive: 4x/4x cd/rw xa/form2 tray
[    0.778282] cdrom: Uniform CD-ROM driver Revision: 3.20
[    0.784905] sr 1:0:0:0: Attached scsi CD-ROM sr0
[    0.785569] sr 1:0:0:0: Attached scsi generic sg0 type 5
[    0.821796] Freeing unused kernel image (initmem) memory: 2536K
[    0.821960] Write protecting the kernel read-only data: 18432k
[    0.823468] Freeing unused kernel image (text/rodata gap) memory: 1652K
[    0.824494] Freeing unused kernel image (rodata/data gap) memory: 1796K
[    0.910779] x86/mm: Checked W+X mappings: passed, no W+X pages found.
[    0.910951] Run /init as init process
[    0.910979]   with arguments:
[    0.911005]     /init
[    0.911026]     nokaslr
[    0.911046]   with environment:
[    0.911071]     HOME=/
[    0.911093]     TERM=linux
[    0.968236] mount (50) used greatest stack depth: 13120 bytes left
=== insmod device-registrar target=gpio-ftgpio010 ===
[    0.991565] device_registrar: loading out-of-tree module taints kernel.
[    0.995030] device-registrar: 注册 'gpio-ftgpio010' (MMIO @ 0xF0000000)
[    0.995274] device-registrar: 'gpio-ftgpio010' 已注册
[    1.015997] input: ImExPS/2 Generic Explorer Mouse as /devices/platform/i8042/serio1/input/input3
=== insmod gpio_ftgpio010 ===
[    1.313362] [rhfn] gpio_ftgpio010_probe
[    1.313721] [rhbase] ffffc90000035000
[    1.313979] [rh] R 0x4 0x0
[    1.314020] [rh] R 0x8 0x0
[    1.314042] [rh] W 0x20 0x0
[    1.314072] [rh] W 0x2c 0x0
[    1.314100] [rh] W 0x30 0xffffffff
[    1.314132] [rh] W 0x40 0x0
[    1.314506] [rhfn] ftgpio_gpio_probe__gpio_generic_get_direction
[    1.314565] [rh] R 0x8 0x0
[    1.314595] [rhfn] ftgpio_gpio_probe__gpio_generic_get_direction
[    1.314629] [rh] R 0x8 0x0
[    1.314648] [rhfn] ftgpio_gpio_probe__gpio_generic_get_direction
[    1.314681] [rh] R 0x8 0x0
[    1.314699] [rhfn] ftgpio_gpio_probe__gpio_generic_get_direction
[    1.314733] [rh] R 0x8 0x0
[    1.314750] [rhfn] ftgpio_gpio_probe__gpio_generic_get_direction
[    1.314784] [rh] R 0x8 0x0
[    1.314802] [rhfn] ftgpio_gpio_probe__gpio_generic_get_direction
[    1.314873] [rh] R 0x8 0x0
[    1.314893] [rhfn] ftgpio_gpio_probe__gpio_generic_get_direction
[    1.314926] [rh] R 0x8 0x0
[    1.314944] [rhfn] ftgpio_gpio_probe__gpio_generic_get_direction
[    1.314977] [rh] R 0x8 0x0
[    1.314995] [rhfn] ftgpio_gpio_probe__gpio_generic_get_direction
[    1.315029] [rh] R 0x8 0x0
[    1.315047] [rhfn] ftgpio_gpio_probe__gpio_generic_get_direction
[    1.315080] [rh] R 0x8 0x0
[    1.315098] [rhfn] ftgpio_gpio_probe__gpio_generic_get_direction
[    1.315131] [rh] R 0x8 0x0
[    1.315149] [rhfn] ftgpio_gpio_probe__gpio_generic_get_direction
[    1.315182] [rh] R 0x8 0x0
[    1.315200] [rhfn] ftgpio_gpio_probe__gpio_generic_get_direction
[    1.315233] [rh] R 0x8 0x0
[    1.315253] [rhfn] ftgpio_gpio_probe__gpio_generic_get_direction
[    1.315287] [rh] R 0x8 0x0
[    1.315305] [rhfn] ftgpio_gpio_probe__gpio_generic_get_direction
[    1.315338] [rh] R 0x8 0x0
[    1.315356] [rhfn] ftgpio_gpio_probe__gpio_generic_get_direction
[    1.315392] [rh] R 0x8 0x0
[    1.315409] [rhfn] ftgpio_gpio_probe__gpio_generic_get_direction
[    1.315443] [rh] R 0x8 0x0
[    1.315461] [rhfn] ftgpio_gpio_probe__gpio_generic_get_direction
[    1.315495] [rh] R 0x8 0x0
[    1.315512] [rhfn] ftgpio_gpio_probe__gpio_generic_get_direction
[    1.315546] [rh] R 0x8 0x0
[    1.315564] [rhfn] ftgpio_gpio_probe__gpio_generic_get_direction
[    1.315597] [rh] R 0x8 0x0
[    1.315615] [rhfn] ftgpio_gpio_probe__gpio_generic_get_direction
[    1.315648] [rh] R 0x8 0x0
[    1.315666] [rhfn] ftgpio_gpio_probe__gpio_generic_get_direction
[    1.315707] [rh] R 0x8 0x0
[    1.315725] [rhfn] ftgpio_gpio_probe__gpio_generic_get_direction
[    1.315758] [rh] R 0x8 0x0
[    1.315776] [rhfn] ftgpio_gpio_probe__gpio_generic_get_direction
[    1.315810] [rh] R 0x8 0x0
[    1.315843] [rhfn] ftgpio_gpio_probe__gpio_generic_get_direction
[    1.315877] [rh] R 0x8 0x0
[    1.315895] [rhfn] ftgpio_gpio_probe__gpio_generic_get_direction
[    1.315929] [rh] R 0x8 0x0
[    1.315947] [rhfn] ftgpio_gpio_probe__gpio_generic_get_direction
[    1.315980] [rh] R 0x8 0x0
[    1.315998] [rhfn] ftgpio_gpio_probe__gpio_generic_get_direction
[    1.316031] [rh] R 0x8 0x0
[    1.316049] [rhfn] ftgpio_gpio_probe__gpio_generic_get_direction
[    1.316082] [rh] R 0x8 0x0
[    1.316100] [rhfn] ftgpio_gpio_probe__gpio_generic_get_direction
[    1.316134] [rh] R 0x8 0x0
[    1.316152] [rhfn] ftgpio_gpio_probe__gpio_generic_get_direction
[    1.316185] [rh] R 0x8 0x0
[    1.316203] [rhfn] ftgpio_gpio_probe__gpio_generic_get_direction
[    1.316236] [rh] R 0x8 0x0
[    1.316432] gpio gpiochip0: (gpio-ftgpio010): not an immutable chip, please consider fixing it!
[    1.317466] gpio-ftgpio010 gpio-ftgpio010: gpio-ftgpio010 probed
[    1.552123] tsc: Refined TSC clocksource calibration: 4300.030 MHz
[    1.552753] clocksource: tsc: mask: 0xffffffffffffffff max_cycles: 0x3dfb7fffa30, max_idle_ns: 440795341646 ns
[    1.553749] clocksource: Switched to clocksource tsc
=== dmesg ===
[    1.315047] [rhfn] ftgpio_gpio_probe__gpio_generic_get_direction
[    1.315098] [rhfn] ftgpio_gpio_probe__gpio_generic_get_direction
[    1.315149] [rhfn] ftgpio_gpio_probe__gpio_generic_get_direction
[    1.315200] [rhfn] ftgpio_gpio_probe__gpio_generic_get_direction
[    1.315253] [rhfn] ftgpio_gpio_probe__gpio_generic_get_direction
[    1.315305] [rhfn] ftgpio_gpio_probe__gpio_generic_get_direction
[    1.315356] [rhfn] ftgpio_gpio_probe__gpio_generic_get_direction
[    1.315409] [rhfn] ftgpio_gpio_probe__gpio_generic_get_direction
[    1.315461] [rhfn] ftgpio_gpio_probe__gpio_generic_get_direction
[    1.315512] [rhfn] ftgpio_gpio_probe__gpio_generic_get_direction
[    1.315564] [rhfn] ftgpio_gpio_probe__gpio_generic_get_direction
[    1.315615] [rhfn] ftgpio_gpio_probe__gpio_generic_get_direction
[    1.315666] [rhfn] ftgpio_gpio_probe__gpio_generic_get_direction
[    1.315725] [rhfn] ftgpio_gpio_probe__gpio_generic_get_direction
[    1.315776] [rhfn] ftgpio_gpio_probe__gpio_generic_get_direction
[    1.315843] [rhfn] ftgpio_gpio_probe__gpio_generic_get_direction
[    1.315895] [rhfn] ftgpio_gpio_probe__gpio_generic_get_direction
[    1.315947] [rhfn] ftgpio_gpio_probe__gpio_generic_get_direction
[    1.315998] [rhfn] ftgpio_gpio_probe__gpio_generic_get_direction
[    1.316049] [rhfn] ftgpio_gpio_probe__gpio_generic_get_direction
[    1.316100] [rhfn] ftgpio_gpio_probe__gpio_generic_get_direction
[    1.316152] [rhfn] ftgpio_gpio_probe__gpio_generic_get_direction
[    1.316203] [rhfn] ftgpio_gpio_probe__gpio_generic_get_direction
[    1.316432] gpio gpiochip0: (gpio-ftgpio010): not an immutable chip, please consider fixing it!
[    1.317466] gpio-ftgpio010 gpio-ftgpio010: gpio-ftgpio010 probed
=== exerciser ===
ioctl LINEINFO=0
[    1.655281] [rhfn] ftgpio_gpio_probe__gpio_generic_get_direction
[    1.655395] [rh] R 0x8 0x0
[    1.655606] [rhfn] ftgpio_gpio_set_config
[    1.655647] [rh] R 0x44 0x0
[    1.655681] [rh] R 0x40 0x0
[    1.655707] [rh] R 0x40 0x0
[    1.655730] [rh] W 0x40 0x1
[    1.655762] [rh] R 0x40 0x0
[    1.655784] [rh] W 0x44 0x0
[    1.655821] [rh] R 0x40 0x0
[    1.655843] [rh] W 0x40 0x1
[    1.655960] [rhfn] ftgpio_gpio_set_config
[    1.655987] [rh] R 0x44 0x0
[    1.656006] [rh] R 0x40 0x0
[    1.656024] [rh] R 0x40 0x0
[    1.656042] [rh] W 0x40 0x1
[    1.656061] [rh] R 0x40 0x0
[    1.656079] [rh] W 0x44 0x0
[    1.656098] [rh] R 0x40 0x0
[    1.656116] [rh] W 0x40 0x1
[    1.656188] [rhfn] ftgpio_gpio_probe__gpio_generic_direction_output
[    1.656240] [rh] R 0x8 0x0
[    1.656264] [rh] W 0x8 0x1
ioctl GET_LINE=0 fd=4
[    1.656707] [rhfn] ftgpio_gpio_probe__gpio_generic_get_multiple
[    1.656757] [rh] R 0x4 0x0
ioctl GET_VALUES=0 bits=0
[    1.657199] [rhfn] ftgpio_gpio_probe__gpio_generic_set_multiple
[    1.657252] [rh] R 0x10 0x0
[    1.657278] [rh] W 0x10 0x1
ioctl SET_VALUES(1)=0
[    1.657381] [rhfn] ftgpio_gpio_probe__gpio_generic_set_multiple
[    1.657420] [rh] R 0x10 0x0
[    1.657438] [rh] W 0x10 0x0
ioctl SET_VALUES(0)=0
[    1.657580] [rhfn] ftgpio_gpio_probe__gpio_generic_direction_input
[    1.657633] [rh] R 0x8 0x0
[    1.657654] [rh] W 0x8 0x0
ioctl SET_CONFIG(INPUT)=0
GPIO_TRACE_DONE
EXERCISER_RC=0
=== rmmod gpio_ftgpio010 ===
[    1.667408] [rhfn] gpio_ftgpio010_remove
[    1.689934] device-registrar: 'gpio-ftgpio010' 已注销
=== QEMU_RUN_DONE ===
[    1.899637] sysrq: Power Off
[    1.900384] Kernel panic - not syncing: Attempted to kill init! exitcode=0x00000000
[    1.900787] CPU: 1 UID: 0 PID: 1 Comm: init Tainted: G           O        7.1.0-rc7-gacb7500801e9 #3 PREEMPT(lazy)
[    1.900914] Tainted: [O]=OOT_MODULE
[    1.900942] Hardware name: QEMU Standard PC (i440FX + PIIX, 1996), BIOS rel-1.17.0-0-gb52ca86e094d-prebuilt.qemu.org 04/01/2014
[    1.901073] Call Trace:
[    1.901426]  <TASK>
[    1.901563]  vpanic+0x32f/0x4b0
[    1.901728]  panic+0x63/0x70
[    1.901752]  do_exit+0x94a/0xaf0
[    1.901780]  ? handle_mm_fault+0xde/0x220
[    1.901810]  do_group_exit+0x30/0x80
[    1.901836]  __x64_sys_exit_group+0x18/0x20
[    1.901880]  x64_sys_call+0x12e2/0x1880
[    1.901917]  do_syscall_64+0x10e/0x4e0
[    1.901946]  entry_SYSCALL_64_after_hwframe+0x77/0x7f
[    1.902049] RIP: 0033:0x7ff85e34521d
[    1.902201] Code: 02 ba ff ff ff ff 89 d0 c3 0f 1f 40 00 f3 0f 1e fa 48 8b 35 ed 4b 11 00 ba e7 00 00 00 eb 07 66 0f 1f 44 00 00 f4 89 d0 0f 05 <48> 3d 00 f0 ff ff 76 f3 f7 d8 64 89 06 eb ec 0f 1f 40 00 f3 0f 1e
[    1.902332] RSP: 002b:00007ffda705bfb8 EFLAGS: 00000206 ORIG_RAX: 00000000000000e7
[    1.902397] RAX: ffffffffffffffda RBX: 00007ffda705c240 RCX: 00007ff85e34521d
[    1.902441] RDX: 00000000000000e7 RSI: ffffffffffffff88 RDI: 0000000000000000
[    1.902483] RBP: 00007ffda705c090 R08: 0000557bfb9ec010 R09: 0000000000000007
[    1.902524] R10: 0000557bfb9ec3a0 R11: 0000000000000206 R12: 0000000000000000
[    1.902566] R13: 00007ffda705c230 R14: 0000557bd2423dd8 R15: 00007ff85e4ab000
[    1.902632]  </TASK>
[    1.903227] Kernel Offset: disabled
[    1.903412] Rebooting in 1 seconds..
