c[?7l[2J[0mSeaBIOS (version rel-1.17.0-0-gb52ca86e094d-prebuilt.qemu.org)


iPXE (http://ipxe.org) 00:03.0 CA00 PCI2.10 PnP PMM+0EFD1C40+0EF31C40 CA00
Press Ctrl-B to configure iPXE (PCI 00:03.0)...


Booting from ROM..c[?7l[2JNo EFI environment detected.
early console in extract_kernel
input_data: 0x00000000024ec2c4
input_len: 0x00000000007adf6b
output: 0x0000000001000000
output_len: 0x0000000001c5d2b8
kernel_total_size: 0x0000000001a75000
needed_size: 0x0000000001e00000
trampoline_32bit: 0x0000000000000000


KASLR disabled: 'nokaslr' on cmdline.


Decompressing Linux... Parsing ELF... No relocation needed... done.
Booting the kernel (entry_offset: 0x000000000174d3b0).
[    0.000000] Linux version 7.1.0-rc7-gacb7500801e9 (yfblock@9950x) (gcc (Ubuntu 13.3.0-6ubuntu2~24.04.1) 13.3.0, GNU ld (GNU Binutils for Ubuntu) 2.42) #3 SMP PREEMPT_DYNAMIC Wed Jul 15 12:07:23 CST 2026
[    0.000000] Command line: console=ttyS0 nokaslr panic=1 ignore_loglevel earlyprintk=serial,ttyS0,115200
[    0.000000] BIOS-provided physical RAM map:
[    0.000000] BIOS-e820: [mem 0x0000000000000000-0x000000000009fbff]  System RAM
[    0.000000] BIOS-e820: [mem 0x000000000009fc00-0x000000000009ffff]  device reserved
[    0.000000] BIOS-e820: [gap 0x00000000000a0000-0x00000000000effff]
[    0.000000] BIOS-e820: [mem 0x00000000000f0000-0x00000000000fffff]  device reserved
[    0.000000] BIOS-e820: [mem 0x0000000000100000-0x000000000ffdffff]  System RAM
[    0.000000] BIOS-e820: [mem 0x000000000ffe0000-0x000000000fffffff]  device reserved
[    0.000000] BIOS-e820: [gap 0x0000000010000000-0x00000000fffbffff]
[    0.000000] BIOS-e820: [mem 0x00000000fffc0000-0x00000000ffffffff]  device reserved
[    0.000000] BIOS-e820: [gap 0x0000000100000000-0x000000fcffffffff]
[    0.000000] BIOS-e820: [mem 0x000000fd00000000-0x000000ffffffffff]  device reserved
[    0.000000] printk: debug: ignoring loglevel setting.
[    0.000000] printk: legacy bootconsole [earlyser0] enabled
[    0.000000] NX (Execute Disable) protection: active
[    0.000000] APIC: Static calls initialized
[    0.000000] DMI: SMBIOS 2.8 present.
[    0.000000] DMI: QEMU Standard PC (i440FX + PIIX, 1996), BIOS rel-1.17.0-0-gb52ca86e094d-prebuilt.qemu.org 04/01/2014
[    0.000000] DMI: Memory slots populated: 1/1
[    0.000000] tsc: Fast TSC calibration using PIT
[    0.000000] tsc: Detected 4299.974 MHz processor
[    0.008231] e820: update [mem 0x00000000-0x00000fff] System RAM ==> device reserved
[    0.008421] e820: remove [mem 0x000a0000-0x000fffff] System RAM
[    0.008588] last_pfn = 0xffe0 max_arch_pfn = 0x400000000
[    0.009041] MTRR map: 4 entries (3 fixed + 1 variable; max 19), built from 8 variable MTRRs
[    0.009208] x86/PAT: Configuration [0-7]: WB  WC  UC- UC  WB  WP  UC- WT
[    0.021976] found SMP MP-table at [mem 0x000f54b0-0x000f54bf]
[    0.025224] RAMDISK: [mem 0x0f99b000-0x0ffdffff]
[    0.025509] ACPI: Early table checksum verification disabled
[    0.025834] ACPI: RSDP 0x00000000000F52D0 000014 (v00 BOCHS )
[    0.026046] ACPI: RSDT 0x000000000FFE2389 000034 (v01 BOCHS  BXPC     00000001 BXPC 00000001)
[    0.026543] ACPI: FACP 0x000000000FFE2235 000074 (v01 BOCHS  BXPC     00000001 BXPC 00000001)
[    0.027003] ACPI: DSDT 0x000000000FFE0040 0021F5 (v01 BOCHS  BXPC     00000001 BXPC 00000001)
[    0.027109] ACPI: FACS 0x000000000FFE0000 000040
[    0.027175] ACPI: APIC 0x000000000FFE22A9 000080 (v03 BOCHS  BXPC     00000001 BXPC 00000001)
[    0.027246] ACPI: HPET 0x000000000FFE2329 000038 (v01 BOCHS  BXPC     00000001 BXPC 00000001)
[    0.027316] ACPI: WAET 0x000000000FFE2361 000028 (v01 BOCHS  BXPC     00000001 BXPC 00000001)
[    0.027428] ACPI: Reserving FACP table memory at [mem 0xffe2235-0xffe22a8]
[    0.027493] ACPI: Reserving DSDT table memory at [mem 0xffe0040-0xffe2234]
[    0.027541] ACPI: Reserving FACS table memory at [mem 0xffe0000-0xffe003f]
[    0.027587] ACPI: Reserving APIC table memory at [mem 0xffe22a9-0xffe2328]
[    0.027642] ACPI: Reserving HPET table memory at [mem 0xffe2329-0xffe2360]
[    0.027687] ACPI: Reserving WAET table memory at [mem 0xffe2361-0xffe2388]
[    0.028977] No NUMA configuration found
[    0.029022] Faking a node at [mem 0x0000000000000000-0x000000000ffdffff]
[    0.029431] NODE_DATA(0) allocated [mem 0x0f997680-0x0f99afff]
[    0.029954] ACPI: PM-Timer IO Port: 0x608
[    0.030239] ACPI: LAPIC_NMI (acpi_id[0xff] dfl dfl lint[0x1])
[    0.030513] IOAPIC[0]: apic_id 0, version 32, address 0xfec00000, GSI 0-23
[    0.030632] ACPI: INT_SRC_OVR (bus 0 bus_irq 0 global_irq 2 dfl dfl)
[    0.030820] ACPI: INT_SRC_OVR (bus 0 bus_irq 5 global_irq 5 high level)
[    0.030888] ACPI: INT_SRC_OVR (bus 0 bus_irq 9 global_irq 9 high level)
[    0.030986] ACPI: INT_SRC_OVR (bus 0 bus_irq 10 global_irq 10 high level)
[    0.031032] ACPI: INT_SRC_OVR (bus 0 bus_irq 11 global_irq 11 high level)
[    0.031183] ACPI: Using ACPI (MADT) for SMP configuration information
[    0.031248] ACPI: HPET id: 0x8086a201 base: 0xfed00000
[    0.031533] CPU topo: Max. logical packages:   1
[    0.031591] CPU topo: Max. logical nodes:      1
[    0.031627] CPU topo: Num. nodes per package:  1
[    0.031690] CPU topo: Max. logical dies:       1
[    0.031725] CPU topo: Max. dies per package:   1
[    0.031789] CPU topo: Max. threads per core:   1
[    0.031904] CPU topo: Num. cores per package:     2
[    0.031944] CPU topo: Num. threads per package:   2
[    0.031981] CPU topo: Allowing 2 present CPUs plus 0 hotplug CPUs
[    0.032506] PM: hibernation: Registered nosave memory: [mem 0x00000000-0x00000fff]
[    0.032577] PM: hibernation: Registered nosave memory: [mem 0x0009f000-0x000fffff]
[    0.032693] [gap 0x10000000-0xfffbffff] available for PCI devices
[    0.032767] Booting paravirtualized kernel on bare hardware
[    0.032993] clocksource: refined-jiffies: mask: 0xffffffff max_cycles: 0xffffffff, max_idle_ns: 1910969940391419 ns
[    0.039431] Zone ranges:
[    0.039470]   DMA      [mem 0x0000000000001000-0x0000000000ffffff]
[    0.039562]   DMA32    [mem 0x0000000001000000-0x000000000ffdffff]
[    0.039611]   Normal   empty
[    0.039647] Movable zone start for each node
[    0.039691] Early memory node ranges
[    0.039734]   node   0: [mem 0x0000000000001000-0x000000000009efff]
[    0.039848]   node   0: [mem 0x0000000000100000-0x000000000ffdffff]
[    0.039963] Initmem setup node 0 [mem 0x0000000000001000-0x000000000ffdffff]
[    0.040612] On node 0, zone DMA: 1 pages in unavailable ranges
[    0.040800] On node 0, zone DMA: 97 pages in unavailable ranges
[    0.041507] On node 0, zone DMA32: 32 pages in unavailable ranges
[    0.041675] setup_percpu: NR_CPUS:64 nr_cpumask_bits:2 nr_cpu_ids:2 nr_node_ids:1
[    0.042497] percpu: Embedded 52 pages/cpu s172184 r8192 d32616 u1048576
[    0.042795] pcpu-alloc: s172184 r8192 d32616 u1048576 alloc=1*2097152
[    0.042885] pcpu-alloc: [0] 0 1
[    0.043783] Kernel command line: console=ttyS0 nokaslr panic=1 ignore_loglevel earlyprintk=serial,ttyS0,115200
[    0.044518] Unknown kernel command line parameters "nokaslr", will be passed to user space.
[    0.044691] printk: log buffer data + meta data: 262144 + 917504 = 1179648 bytes
[    0.044907] Dentry cache hash table entries: 32768 (order: 6, 262144 bytes, linear)
[    0.045019] Inode-cache hash table entries: 16384 (order: 5, 131072 bytes, linear)
[    0.046542] Fallback order for Node 0: 0
[    0.046793] Built 1 zonelists, mobility grouping on.  Total pages: 65406
[    0.046881] Policy zone: DMA32
[    0.047052] mem auto-init: stack:all(zero), heap alloc:off, heap free:off
[    0.052923] SLUB: HWalign=64, Order=0-3, MinObjects=0, CPUs=2, Nodes=1
Poking KASLR using RDTSC...
[    0.074587] ftrace: allocating 31571 entries in 124 pages
[    0.074860] ftrace: allocated 124 pages with 5 groups
[    0.079502] Dynamic Preempt: lazy
[    0.081691] rcu: Preemptible hierarchical RCU implementation.
[    0.081741] rcu: 	RCU event tracing is enabled.
[    0.081785] rcu: 	RCU restricting CPUs from NR_CPUS=64 to nr_cpu_ids=2.
[    0.081915] 	Trampoline variant of Tasks RCU enabled.
[    0.081950] 	Rude variant of Tasks RCU enabled.
[    0.081982] 	Tracing variant of Tasks RCU enabled.
[    0.082069] rcu: RCU calculated value of scheduler-enlistment delay is 100 jiffies.
[    0.082129] rcu: Adjusting geometry for rcu_fanout_leaf=16, nr_cpu_ids=2
[    0.082903] RCU Tasks: Setting shift to 1 and lim to 1 rcu_task_cb_adjust=1 rcu_task_cpu_ids=2.
[    0.082971] RCU Tasks Rude: Setting shift to 1 and lim to 1 rcu_task_cb_adjust=1 rcu_task_cpu_ids=2.
[    0.099593] NR_IRQS: 4352, nr_irqs: 440, preallocated irqs: 16
[    0.105305] rcu: srcu_init: Setting srcu_struct sizes based on contention.
[    0.109332] Console: colour VGA+ 80x25
[    0.110539] printk: legacy console [ttyS0] enabled
[    0.110539] printk: legacy console [ttyS0] enabled
[    0.110841] printk: legacy bootconsole [earlyser0] disabled
[    0.110841] printk: legacy bootconsole [earlyser0] disabled
[    0.111777] ACPI: Core revision 20251212
[    0.115065] clocksource: hpet: mask: 0xffffffff max_cycles: 0xffffffff, max_idle_ns: 19112604467 ns
[    0.116280] APIC: Switch to symmetric I/O mode setup
[    0.121252] ..TIMER: vector=0x30 apic1=0 pin1=2 apic2=-1 pin2=-1
[    0.125947] clocksource: tsc-early: mask: 0xffffffffffffffff max_cycles: 0x3dfb4a8954b, max_idle_ns: 440795252444 ns
[    0.126231] Calibrating delay loop (skipped), value calculated using timer frequency.. 8599.94 BogoMIPS (lpj=4299974)
[    0.128542] Last level iTLB entries: 4KB 512, 2MB 255, 4MB 127
[    0.128602] Last level dTLB entries: 4KB 512, 2MB 255, 4MB 127, 1GB 0
[    0.128782] mitigations: Enabled attack vectors: user_kernel, user_user, SMT mitigations: auto
[    0.129121] Spectre V2 : Mitigation: Retpolines
[    0.129224] Spectre V1 : Mitigation: usercopy/swapgs barriers and __user pointer sanitization
[    0.129328] Spectre V2 : Spectre v2 / SpectreRSB: Filling RSB on context switch and VMEXIT
[    0.129829] x86/fpu: x87 FPU will use FXSAVE
[    0.184064] pid_max: default: 32768 minimum: 301
[    0.189952] Mount-cache hash table entries: 512 (order: 0, 4096 bytes, linear)
[    0.190113] Mountpoint-cache hash table entries: 512 (order: 0, 4096 bytes, linear)
[    0.196431] VFS: Finished mounting rootfs on nullfs
[    0.313092] smpboot: CPU0: AMD QEMU Virtual CPU version 2.5+ (family: 0xf, model: 0x6b, stepping: 0x1)
[    0.319147] Performance Events: PMU not available due to virtualization, using software events only.
[    0.319748] signal: max sigframe size: 1440
[    0.320493] rcu: Hierarchical SRCU implementation.
[    0.320551] rcu: 	Max phase no-delay instances is 400.
[    0.321278] Timer migration: 1 hierarchy levels; 8 children per group; 1 crossnode level
[    0.323988] smp: Bringing up secondary CPUs ...
[    0.328165] smpboot: x86: Booting SMP configuration:
[    0.328229] .... node  #0, CPUs:      #1
[    0.399459] smp: Brought up 1 node, 2 CPUs
[    0.400172] smpboot: Total of 2 processors activated (17200.28 BogoMIPS)
[    0.406054] Memory: 219412K/261624K available (10633K kernel code, 2190K rwdata, 4348K rodata, 2536K init, 524K bss, 38980K reserved, 0K cma-reserved)
[    0.411112] devtmpfs: initialized
[    0.416815] clocksource: jiffies: mask: 0xffffffff max_cycles: 0xffffffff, max_idle_ns: 1911260446275000 ns
[    0.416815] posixtimers hash table entries: 1024 (order: 2, 16384 bytes, linear)
[    0.416918] futex hash table entries: 512 (32768 bytes on 1 NUMA nodes, total 32 KiB, linear).
[    0.419288] PM: RTC time: 14:22:51, date: 2026-07-16
[    0.422243] thermal_sys: Registered thermal governor 'step_wise'
[    0.423208] cpuidle: using governor menu
[    0.423712] Freeing SMP alternatives memory: 28K
[    0.425178] PCI: Using configuration type 1 for base access
[    0.425446] mtrr: your CPUs had inconsistent fixed MTRR settings
[    0.425497] mtrr: your CPUs had inconsistent variable MTRR settings
[    0.425544] mtrr: your CPUs had inconsistent MTRRdefType settings
[    0.425588] mtrr: probably your BIOS does not setup all CPUs.
[    0.425634] mtrr: corrected configuration.
[    0.427134] kprobes: kprobe jump-optimization is enabled. All kprobes are optimized if possible.
[    0.428706] HugeTLB: registered 2.00 MiB page size, pre-allocated 0 pages
[    0.428783] HugeTLB: 28 KiB vmemmap can be freed for a 2.00 MiB page
[    0.433641] ACPI: Added _OSI(Module Device)
[    0.433701] ACPI: Added _OSI(Processor Device)
[    0.433735] ACPI: Added _OSI(Processor Aggregator Device)
[    0.458373] ACPI: 1 ACPI AML tables successfully acquired and loaded
[    0.473341] ACPI: \_SB_: platform _OSC: OS support mask [002a7eee]
[    0.476513] ACPI: Interpreter enabled
[    0.477199] ACPI: PM: (supports S0 S3 S4 S5)
[    0.477258] ACPI: Using IOAPIC for interrupt routing
[    0.477487] PCI: Using host bridge windows from ACPI; if necessary, use "pci=nocrs" and report a bug
[    0.477562] PCI: Using E820 reservations for host bridge windows
[    0.478454] ACPI: Enabled 2 GPEs in block 00 to 0F
[    0.502352] ACPI: PCI Root Bridge [PCI0] (domain 0000 [bus 00-ff])
[    0.502874] acpi PNP0A03:00: _OSC: OS supports [ASPM ClockPM Segments MSI HPX-Type3]
[    0.503015] acpi PNP0A03:00: _OSC: not requesting OS control; OS requires [ExtendedConfig ASPM ClockPM MSI]
[    0.503300] acpi PNP0A03:00: _OSC: platform retains control of PCIe features (AE_ERROR)
[    0.503603] acpi PNP0A03:00: fail to add MMCONFIG information, can't access extended configuration space under this bridge
[    0.505785] PCI host bridge to bus 0000:00
[    0.505979] pci_bus 0000:00: root bus resource [io  0x0000-0x0cf7 window]
[    0.506112] pci_bus 0000:00: root bus resource [io  0x0d00-0xffff window]
[    0.506161] pci_bus 0000:00: root bus resource [mem 0x000a0000-0x000bffff window]
[    0.506230] pci_bus 0000:00: root bus resource [mem 0x10000000-0xfebfffff window]
[    0.506284] pci_bus 0000:00: root bus resource [mem 0x100000000-0x17fffffff window]
[    0.506407] pci_bus 0000:00: root bus resource [bus 00-ff]
[    0.507250] pci 0000:00:00.0: [8086:1237] type 00 class 0x060000 conventional PCI endpoint
[    0.509824] pci 0000:00:01.0: [8086:7000] type 00 class 0x060100 conventional PCI endpoint
[    0.510253] pci 0000:00:01.1: [8086:7010] type 00 class 0x010180 conventional PCI endpoint
[    0.510652] pci 0000:00:01.1: BAR 4 [io  0xc040-0xc04f]
[    0.510730] pci 0000:00:01.1: BAR 0 [io  0x01f0-0x01f7]: legacy IDE quirk
[    0.510788] pci 0000:00:01.1: BAR 1 [io  0x03f6]: legacy IDE quirk
[    0.510870] pci 0000:00:01.1: BAR 2 [io  0x0170-0x0177]: legacy IDE quirk
[    0.510923] pci 0000:00:01.1: BAR 3 [io  0x0376]: legacy IDE quirk
[    0.511567] pci 0000:00:01.3: [8086:7113] type 00 class 0x068000 conventional PCI endpoint
[    0.511856] pci 0000:00:01.3: quirk: [io  0x0600-0x063f] claimed by PIIX4 ACPI
[    0.511928] pci 0000:00:01.3: quirk: [io  0x0700-0x070f] claimed by PIIX4 SMB
[    0.512305] pci 0000:00:02.0: [1234:1111] type 00 class 0x030000 conventional PCI endpoint
[    0.512754] pci 0000:00:02.0: BAR 0 [mem 0xfd000000-0xfdffffff pref]
[    0.512863] pci 0000:00:02.0: BAR 2 [mem 0xfeb70000-0xfeb70fff]
[    0.512909] pci 0000:00:02.0: ROM [mem 0xfeb60000-0xfeb6ffff pref]
[    0.513134] pci 0000:00:02.0: Video device with shadowed ROM at [mem 0x000c0000-0x000dffff]
[    0.513513] pci 0000:00:03.0: [8086:100e] type 00 class 0x020000 conventional PCI endpoint
[    0.514116] pci 0000:00:03.0: BAR 0 [mem 0xfeb40000-0xfeb5ffff]
[    0.514175] pci 0000:00:03.0: BAR 1 [io  0xc000-0xc03f]
[    0.514218] pci 0000:00:03.0: ROM [mem 0xfeb00000-0xfeb3ffff pref]
[    0.517673] pci 0000:00:04.0: [1234:11e8] type 00 class 0x00ff00 conventional PCI endpoint
[    0.518041] pci 0000:00:04.0: BAR 0 [mem 0xfea00000-0xfeafffff]
[    0.523752] ACPI: PCI: Interrupt link LNKA configured for IRQ 10
[    0.524305] ACPI: PCI: Interrupt link LNKB configured for IRQ 10
[    0.524633] ACPI: PCI: Interrupt link LNKC configured for IRQ 11
[    0.524980] ACPI: PCI: Interrupt link LNKD configured for IRQ 11
[    0.525173] ACPI: PCI: Interrupt link LNKS configured for IRQ 9
[    0.527355] iommu: Default domain type: Translated
[    0.527416] iommu: DMA domain TLB invalidation policy: lazy mode
[    0.528375] SCSI subsystem initialized
[    0.528485] libata version 3.00 loaded.
[    0.528485] pps_core: LinuxPPS API ver. 1 registered
[    0.528485] pps_core: Software ver. 5.3.6 - Copyright 2005-2007 Rodolfo Giometti <giometti@linux.it>
[    0.530117] PCI: Using ACPI for IRQ routing
[    0.530229] PCI: pci_cache_line_size set to 64 bytes
[    0.530489] e820: register RAM buffer resource [mem 0x0009fc00-0x0009ffff]
[    0.530631] e820: register RAM buffer resource [mem 0x0ffe0000-0x0fffffff]
[    0.532470] pci 0000:00:02.0: vgaarb: setting as boot VGA device
[    0.532556] pci 0000:00:02.0: vgaarb: bridge control possible
[    0.532622] pci 0000:00:02.0: vgaarb: VGA device added: decodes=io+mem,owns=io+mem,locks=none
[    0.533122] vgaarb: loaded
[    0.534139] hpet: 3 channels of 0 reserved for per-cpu timers
[    0.534342] hpet0: at MMIO 0xfed00000, IRQs 2, 8, 0
[    0.534430] hpet0: 3 comparators, 64-bit 100.000000 MHz counter
[    0.538373] clocksource: Switched to clocksource tsc-early
[    0.539594] VFS: Disk quotas dquot_6.6.0
[    0.539692] VFS: Dquot-cache hash table entries: 512 (order 0, 4096 bytes)
[    0.540996] ACPI: Failed to create genetlink family for ACPI event
[    0.541146] pnp: PnP ACPI init
[    0.542449] pnp 00:02: [dma 2]
[    0.543513] pnp: PnP ACPI: found 5 devices
[    0.557653] clocksource: acpi_pm: mask: 0xffffff max_cycles: 0xffffff, max_idle_ns: 2085701024 ns
[    0.558185] pci_bus 0000:00: resource 4 [io  0x0000-0x0cf7 window]
[    0.558242] pci_bus 0000:00: resource 5 [io  0x0d00-0xffff window]
[    0.558289] pci_bus 0000:00: resource 6 [mem 0x000a0000-0x000bffff window]
[    0.558339] pci_bus 0000:00: resource 7 [mem 0x10000000-0xfebfffff window]
[    0.558389] pci_bus 0000:00: resource 8 [mem 0x100000000-0x17fffffff window]
[    0.558732] pci 0000:00:01.0: PIIX3: Enabling Passive Release
[    0.558823] pci 0000:00:00.0: Limiting direct PCI/PCI transfers
[    0.558957] PCI: CLS 0 bytes, default 64
[    0.561357] Unpacking initramfs...
[    0.566556] Initialise system trusted keyrings
[    0.567463] workingset: timestamp_bits=56 (anon: 52) max_order=16 bucket_order=0 (anon: 0)
[    0.570535] Key type asymmetric registered
[    0.570619] Asymmetric key parser 'x509' registered
[    0.570770] Block layer SCSI generic (bsg) driver version 0.4 loaded (major 251)
[    0.571065] io scheduler mq-deadline registered
[    0.571131] io scheduler kyber registered
[    0.573500] input: Power Button as /devices/platform/LNXPWRBN:00/input/input0
[    0.574139] ACPI: button: Power Button [PWRF]
[    0.577804] Serial: 8250/16550 driver, 4 ports, IRQ sharing enabled
[    0.580258] 00:04: ttyS0 at I/O 0x3f8 (irq = 4, base_baud = 115200) is a 16550A
[    0.585459] Non-volatile memory driver v1.3
[    0.595986] loop: module loaded
[    0.601143] scsi host0: ata_piix
[    0.602821] scsi host1: ata_piix
[    0.603104] ata1: PATA max MWDMA2 cmd 0x1f0 ctl 0x3f6 bmdma 0xc040 irq 14 lpm-pol 0
[    0.603177] ata2: PATA max MWDMA2 cmd 0x170 ctl 0x376 bmdma 0xc048 irq 15 lpm-pol 0
[    0.603992] i8042: PNP: PS/2 Controller [PNP0303:KBD,PNP0f13:MOU] at 0x60,0x64 irq 1,12
[    0.607680] serio: i8042 KBD port at 0x60,0x64 irq 1
[    0.607841] serio: i8042 AUX port at 0x60,0x64 irq 12
[    0.609577] rtc_cmos PNP0B00:00: RTC can wake from S4
[    0.611467] rtc_cmos PNP0B00:00: registered as rtc0
[    0.612336] rtc_cmos PNP0B00:00: alarms up to one day, y3k, 242 bytes nvram, hpet irqs
[    0.613278] input: AT Translated Set 2 keyboard as /devices/platform/i8042/serio0/input/input1
[    0.615806] device-mapper: ioctl: 4.50.0-ioctl (2025-04-28) initialised: dm-devel@lists.linux.dev
[    0.616075] amd_pstate: the _CPC object is not present in SBIOS or ACPI disabled
[    0.616254] hid: raw HID events driver (C) Jiri Kosina
[    0.618336] IPI shorthand broadcast: enabled
[    0.624992] sched_clock: Marking stable (612675015, 11340993)->(626624499, -2608491)
[    0.626600] Loading compiled-in X.509 certificates
[    0.632647] Demotion targets for Node 0: null
[    0.637851] PM:   Magic number: 2:516:384
[    0.637996] container PNP0A06:02: hash matches
[    0.638079] acpi PNP0A06:02: hash matches
[    0.638677] clk: Disabling unused clocks
[    0.695204] Freeing initrd memory: 6420K
[    0.758051] ata2: found unknown device (class 0)
[    0.760074] ata2.00: ATAPI: QEMU DVD-ROM, 2.5+, max UDMA/100
[    0.774028] scsi 1:0:0:0: CD-ROM            QEMU     QEMU DVD-ROM     2.5+ PQ: 0 ANSI: 5
[    0.788788] sr 1:0:0:0: [sr0] scsi3-mmc drive: 4x/4x cd/rw xa/form2 tray
[    0.799156] cdrom: Uniform CD-ROM driver Revision: 3.20
[    0.806592] sr 1:0:0:0: Attached scsi CD-ROM sr0
[    0.807294] sr 1:0:0:0: Attached scsi generic sg0 type 5
[    0.845249] Freeing unused kernel image (initmem) memory: 2536K
[    0.845428] Write protecting the kernel read-only data: 18432k
[    0.846942] Freeing unused kernel image (text/rodata gap) memory: 1652K
[    0.847978] Freeing unused kernel image (rodata/data gap) memory: 1796K
[    0.937514] x86/mm: Checked W+X mappings: passed, no W+X pages found.
[    0.937696] Run /init as init process
[    0.937733]   with arguments:
[    0.937761]     /init
[    0.937784]     nokaslr
[    0.937804]   with environment:
[    0.937830]     HOME=/
[    0.937853]     TERM=linux
[    0.998696] mount (50) used greatest stack depth: 13208 bytes left
[    1.007460] mount (51) used greatest stack depth: 13152 bytes left
=== insmod edu_drv ===
[    1.026343] edu_drv: loading out-of-tree module taints kernel.
[    1.029792] input: ImExPS/2 Generic Explorer Mouse as /devices/platform/i8042/serio1/input/input3
[    1.035492] ACPI: \_SB_.LNKD: Enabled at IRQ 11
[    1.036023] edu 0000:00:04.0: edu probed
[    1.037619] insmod (55) used greatest stack depth: 13104 bytes left
=== dmesg ===
[    0.760074] ata2.00: ATAPI: QEMU DVD-ROM, 2.5+, max UDMA/100
[    0.774028] scsi 1:0:0:0: CD-ROM            QEMU     QEMU DVD-ROM     2.5+ PQ: 0 ANSI: 5
[    0.788788] sr 1:0:0:0: [sr0] scsi3-mmc drive: 4x/4x cd/rw xa/form2 tray
[    0.799156] cdrom: Uniform CD-ROM driver Revision: 3.20
[    0.806592] sr 1:0:0:0: Attached scsi CD-ROM sr0
[    0.807294] sr 1:0:0:0: Attached scsi generic sg0 type 5
[    0.845249] Freeing unused kernel image (initmem) memory: 2536K
[    0.845428] Write protecting the kernel read-only data: 18432k
[    0.846942] Freeing unused kernel image (text/rodata gap) memory: 1652K
[    0.847978] Freeing unused kernel image (rodata/data gap) memory: 1796K
[    0.937514] x86/mm: Checked W+X mappings: passed, no W+X pages found.
[    0.937696] Run /init as init process
[    0.937733]   with arguments:
[    0.937761]     /init
[    0.937784]     nokaslr
[    0.937804]   with environment:
[    0.937830]     HOME=/
[    0.937853]     TERM=linux
[    0.998696] mount (50) used greatest stack depth: 13208 bytes left
[    1.007460] mount (51) used greatest stack depth: 13152 bytes left
[    1.026343] edu_drv: loading out-of-tree module taints kernel.
[    1.029792] input: ImExPS/2 Generic Explorer Mouse as /devices/platform/i8042/serio1/input/input3
[    1.035492] ACPI: \_SB_.LNKD: Enabled at IRQ 11
[    1.036023] edu 0000:00:04.0: edu probed
[    1.037619] insmod (55) used greatest stack depth: 13104 bytes left
=== exerciser ===
TRACE id@0x00 = 0x010000ed OK
TRACE live_check@0x04 write0xa5a5a5a5 read0x5a5a5a5a OK (~X)
TRACE factorial@0x08(5)=120 OK
EDU_TRACE_OK
EXERCISER_RC=0
=== rmmod edu_drv ===
=== QEMU_RUN_DONE ===
[    1.619520] sysrq: Power Off
[    1.619969] Kernel panic - not syncing: Attempted to kill init! exitcode=0x00000000
[    1.620353] CPU: 1 UID: 0 PID: 1 Comm: init Tainted: G           O        7.1.0-rc7-gacb7500801e9 #3 PREEMPT(lazy)
[    1.620481] Tainted: [O]=OOT_MODULE
[    1.620516] Hardware name: QEMU Standard PC (i440FX + PIIX, 1996), BIOS rel-1.17.0-0-gb52ca86e094d-prebuilt.qemu.org 04/01/2014
[    1.620652] Call Trace:
[    1.621054]  <TASK>
[    1.621205]  vpanic+0x32f/0x4b0
[    1.621386]  panic+0x63/0x70
[    1.621416]  do_exit+0x94a/0xaf0
[    1.621451]  do_group_exit+0x30/0x80
[    1.621484]  __x64_sys_exit_group+0x18/0x20
[    1.621523]  x64_sys_call+0x12e2/0x1880
[    1.621558]  do_syscall_64+0x10e/0x4e0
[    1.621593]  entry_SYSCALL_64_after_hwframe+0x77/0x7f
[    1.621709] RIP: 0033:0x7f3b7613921d
[    1.621862] Code: 02 ba ff ff ff ff 89 d0 c3 0f 1f 40 00 f3 0f 1e fa 48 8b 35 ed 4b 11 00 ba e7 00 00 00 eb 07 66 0f 1f 44 00 00 f4 89 d0 0f 05 <48> 3d 00 f0 ff ff 76 f3 f7 d8 64 89 06 eb ec 0f 1f 40 00 f3 0f 1e
[    1.622025] RSP: 002b:00007ffd12a830a8 EFLAGS: 00000206 ORIG_RAX: 00000000000000e7
[    1.622135] RAX: ffffffffffffffda RBX: 00007ffd12a83330 RCX: 00007f3b7613921d
[    1.622228] RDX: 00000000000000e7 RSI: ffffffffffffff88 RDI: 0000000000000000
[    1.622310] RBP: 00007ffd12a83180 R08: 0000562f12b76010 R09: 0000000000000007
[    1.622394] R10: 0000562f12b763a0 R11: 0000000000000206 R12: 0000000000000000
[    1.622467] R13: 00007ffd12a83320 R14: 0000562ef307add8 R15: 00007f3b7629f000
[    1.622556]  </TASK>
[    1.622953] Kernel Offset: disabled
[    1.623139] Rebooting in 1 seconds..
