c[?7l[2J[0mSeaBIOS (version rel-1.17.0-0-gb52ca86e094d-prebuilt.qemu.org)


iPXE (http://ipxe.org) 00:03.0 CA00 PCI2.10 PnP PMM+0EFD1C90+0EF31C90 CA00
Press Ctrl-B to configure iPXE (PCI 00:03.0)...                                                                               


Booting from ROM..c[?7l[2JNo EFI environment detected.
early console in extract_kernel
input_data: 0x00000000024ee2c4
input_len: 0x000000000079f249
output: 0x0000000001000000
output_len: 0x0000000001c4ffcc
kernel_total_size: 0x0000000001a68000
needed_size: 0x0000000001e00000
trampoline_32bit: 0x0000000000000000


KASLR disabled: 'nokaslr' on cmdline.


Decompressing Linux... Parsing ELF... No relocation needed... done.
Booting the kernel (entry_offset: 0x00000000017433b0).
[    0.000000] Linux version 7.1.0-rc7-gacb7500801e9 (yfblock@9950x) (gcc (Ubuntu 13.3.0-6ubuntu2~24.04.1) 13.3.0, GNU ld (GNU Binutils for Ubuntu) 2.42) #2 SMP PREEMPT_DYNAMIC Wed Jul 15 04:13:24 CST 2026
[    0.000000] Command line: console=ttyS0 nokaslr panic=1 ignore_loglevel earlyprintk=serial,ttyS0,115200
[    0.000000] BIOS-provided physical RAM map:
[    0.000000] BIOS-e820: [mem 0x0000000000000000-0x000000000009fbff]  System RAM
[    0.000000] BIOS-e820: [mem 0x000000000009fc00-0x000000000009ffff]  device reserved
[    0.000000] BIOS-e820: [gap 0x00000000000a0000-0x00000000000effff]
[    0.000000] BIOS-e820: [mem 0x00000000000f0000-0x00000000000fffff]  device reserved
[    0.000000] BIOS-e820: [mem 0x0000000000100000-0x000000000ffdffff]  System RAM
[    0.000000] BIOS-e820: [mem 0x000000000ffe0000-0x000000000fffffff]  device reserved
[    0.000000] BIOS-e820: [gap 0x0000000010000000-0x00000000fffbffff]
[    0.000000] BIOS-e820: [mem 0x00000000fffc0000-0x00000000ffffffff]  device reserved
[    0.000000] BIOS-e820: [gap 0x0000000100000000-0x000000fcffffffff]
[    0.000000] BIOS-e820: [mem 0x000000fd00000000-0x000000ffffffffff]  device reserved
[    0.000000] printk: debug: ignoring loglevel setting.
[    0.000000] printk: legacy bootconsole [earlyser0] enabled
[    0.000000] NX (Execute Disable) protection: active
[    0.000000] APIC: Static calls initialized
[    0.000000] DMI: SMBIOS 2.8 present.
[    0.000000] DMI: QEMU Standard PC (i440FX + PIIX, 1996), BIOS rel-1.17.0-0-gb52ca86e094d-prebuilt.qemu.org 04/01/2014
[    0.000000] DMI: Memory slots populated: 1/1
[    0.000000] tsc: Fast TSC calibration using PIT
[    0.000000] tsc: Detected 4300.047 MHz processor
[    0.007973] e820: update [mem 0x00000000-0x00000fff] System RAM ==> device reserved
[    0.008154] e820: remove [mem 0x000a0000-0x000fffff] System RAM
[    0.008307] last_pfn = 0xffe0 max_arch_pfn = 0x400000000
[    0.008745] MTRR map: 4 entries (3 fixed + 1 variable; max 19), built from 8 variable MTRRs
[    0.008911] x86/PAT: Configuration [0-7]: WB  WC  UC- UC  WB  WP  UC- WT  
[    0.021245] found SMP MP-table at [mem 0x000f54c0-0x000f54cf]
[    0.024338] RAMDISK: [mem 0x0f9f1000-0x0ffdffff]
[    0.027714] ACPI: Early table checksum verification disabled
[    0.028188] ACPI: RSDP 0x00000000000F52E0 000014 (v00 BOCHS )
[    0.028452] ACPI: RSDT 0x000000000FFE2383 000034 (v01 BOCHS  BXPC     00000001 BXPC 00000001)
[    0.028916] ACPI: FACP 0x000000000FFE222F 000074 (v01 BOCHS  BXPC     00000001 BXPC 00000001)
[    0.029345] ACPI: DSDT 0x000000000FFE0040 0021EF (v01 BOCHS  BXPC     00000001 BXPC 00000001)
[    0.029443] ACPI: FACS 0x000000000FFE0000 000040
[    0.029504] ACPI: APIC 0x000000000FFE22A3 000080 (v03 BOCHS  BXPC     00000001 BXPC 00000001)
[    0.029570] ACPI: HPET 0x000000000FFE2323 000038 (v01 BOCHS  BXPC     00000001 BXPC 00000001)
[    0.029635] ACPI: WAET 0x000000000FFE235B 000028 (v01 BOCHS  BXPC     00000001 BXPC 00000001)
[    0.029743] ACPI: Reserving FACP table memory at [mem 0xffe222f-0xffe22a2]
[    0.029795] ACPI: Reserving DSDT table memory at [mem 0xffe0040-0xffe222e]
[    0.029838] ACPI: Reserving FACS table memory at [mem 0xffe0000-0xffe003f]
[    0.029881] ACPI: Reserving APIC table memory at [mem 0xffe22a3-0xffe2322]
[    0.029931] ACPI: Reserving HPET table memory at [mem 0xffe2323-0xffe235a]
[    0.029973] ACPI: Reserving WAET table memory at [mem 0xffe235b-0xffe2382]
[    0.031188] No NUMA configuration found
[    0.031231] Faking a node at [mem 0x0000000000000000-0x000000000ffdffff]
[    0.031622] NODE_DATA(0) allocated [mem 0x0f9ed680-0x0f9f0fff]
[    0.032116] ACPI: PM-Timer IO Port: 0x608
[    0.032388] ACPI: LAPIC_NMI (acpi_id[0xff] dfl dfl lint[0x1])
[    0.032645] IOAPIC[0]: apic_id 0, version 32, address 0xfec00000, GSI 0-23
[    0.032762] ACPI: INT_SRC_OVR (bus 0 bus_irq 0 global_irq 2 dfl dfl)
[    0.032940] ACPI: INT_SRC_OVR (bus 0 bus_irq 5 global_irq 5 high level)
[    0.033004] ACPI: INT_SRC_OVR (bus 0 bus_irq 9 global_irq 9 high level)
[    0.033097] ACPI: INT_SRC_OVR (bus 0 bus_irq 10 global_irq 10 high level)
[    0.033142] ACPI: INT_SRC_OVR (bus 0 bus_irq 11 global_irq 11 high level)
[    0.033287] ACPI: Using ACPI (MADT) for SMP configuration information
[    0.033350] ACPI: HPET id: 0x8086a201 base: 0xfed00000
[    0.033613] CPU topo: Max. logical packages:   1
[    0.033669] CPU topo: Max. logical nodes:      1
[    0.033704] CPU topo: Num. nodes per package:  1
[    0.033765] CPU topo: Max. logical dies:       1
[    0.033798] CPU topo: Max. dies per package:   1
[    0.033859] CPU topo: Max. threads per core:   1
[    0.033968] CPU topo: Num. cores per package:     2
[    0.034006] CPU topo: Num. threads per package:   2
[    0.034040] CPU topo: Allowing 2 present CPUs plus 0 hotplug CPUs
[    0.034540] PM: hibernation: Registered nosave memory: [mem 0x00000000-0x00000fff]
[    0.034605] PM: hibernation: Registered nosave memory: [mem 0x0009f000-0x000fffff]
[    0.034719] [gap 0x10000000-0xfffbffff] available for PCI devices
[    0.034789] Booting paravirtualized kernel on bare hardware
[    0.035002] clocksource: refined-jiffies: mask: 0xffffffff max_cycles: 0xffffffff, max_idle_ns: 1910969940391419 ns
[    0.041228] Zone ranges:
[    0.041266]   DMA      [mem 0x0000000000001000-0x0000000000ffffff]
[    0.041345]   DMA32    [mem 0x0000000001000000-0x000000000ffdffff]
[    0.041390]   Normal   empty
[    0.041425] Movable zone start for each node
[    0.041466] Early memory node ranges
[    0.041506]   node   0: [mem 0x0000000000001000-0x000000000009efff]
[    0.041616]   node   0: [mem 0x0000000000100000-0x000000000ffdffff]
[    0.041729] Initmem setup node 0 [mem 0x0000000000001000-0x000000000ffdffff]
[    0.042361] On node 0, zone DMA: 1 pages in unavailable ranges
[    0.042540] On node 0, zone DMA: 97 pages in unavailable ranges
[    0.043236] On node 0, zone DMA32: 32 pages in unavailable ranges
[    0.043393] setup_percpu: NR_CPUS:64 nr_cpumask_bits:2 nr_cpu_ids:2 nr_node_ids:1
[    0.044196] percpu: Embedded 52 pages/cpu s172184 r8192 d32616 u1048576
[    0.044467] pcpu-alloc: s172184 r8192 d32616 u1048576 alloc=1*2097152
[    0.044553] pcpu-alloc: [0] 0 1 
[    0.045415] Kernel command line: console=ttyS0 nokaslr panic=1 ignore_loglevel earlyprintk=serial,ttyS0,115200
[    0.046110] Unknown kernel command line parameters "nokaslr", will be passed to user space.
[    0.046280] printk: log buffer data + meta data: 262144 + 917504 = 1179648 bytes
[    0.046488] Dentry cache hash table entries: 32768 (order: 6, 262144 bytes, linear)
[    0.046595] Inode-cache hash table entries: 16384 (order: 5, 131072 bytes, linear)
[    0.048036] Fallback order for Node 0: 0 
[    0.048274] Built 1 zonelists, mobility grouping on.  Total pages: 65406
[    0.048356] Policy zone: DMA32
[    0.048520] mem auto-init: stack:all(zero), heap alloc:off, heap free:off
[    0.054033] SLUB: HWalign=64, Order=0-3, MinObjects=0, CPUs=2, Nodes=1
Poking KASLR using RDTSC...
[    0.074224] ftrace: allocating 31194 entries in 124 pages
[    0.074513] ftrace: allocated 124 pages with 5 groups
[    0.078907] Dynamic Preempt: lazy
[    0.080757] rcu: Preemptible hierarchical RCU implementation.
[    0.080803] rcu: 	RCU event tracing is enabled.
[    0.080843] rcu: 	RCU restricting CPUs from NR_CPUS=64 to nr_cpu_ids=2.
[    0.080968] 	Trampoline variant of Tasks RCU enabled.
[    0.081001] 	Rude variant of Tasks RCU enabled.
[    0.081031] 	Tracing variant of Tasks RCU enabled.
[    0.081118] rcu: RCU calculated value of scheduler-enlistment delay is 100 jiffies.
[    0.081175] rcu: Adjusting geometry for rcu_fanout_leaf=16, nr_cpu_ids=2
[    0.081919] RCU Tasks: Setting shift to 1 and lim to 1 rcu_task_cb_adjust=1 rcu_task_cpu_ids=2.
[    0.082014] RCU Tasks Rude: Setting shift to 1 and lim to 1 rcu_task_cb_adjust=1 rcu_task_cpu_ids=2.
[    0.097863] NR_IRQS: 4352, nr_irqs: 440, preallocated irqs: 16
[    0.103211] rcu: srcu_init: Setting srcu_struct sizes based on contention.
[    0.106973] Console: colour VGA+ 80x25
[    0.108064] printk: legacy console [ttyS0] enabled
[    0.108064] printk: legacy console [ttyS0] enabled
[    0.108350] printk: legacy bootconsole [earlyser0] disabled
[    0.108350] printk: legacy bootconsole [earlyser0] disabled
[    0.109185] ACPI: Core revision 20251212
[    0.112257] clocksource: hpet: mask: 0xffffffff max_cycles: 0xffffffff, max_idle_ns: 19112604467 ns
[    0.113394] APIC: Switch to symmetric I/O mode setup
[    0.117776] ..TIMER: vector=0x30 apic1=0 pin1=2 apic2=-1 pin2=-1
[    0.123078] clocksource: tsc-early: mask: 0xffffffffffffffff max_cycles: 0x3dfb90e1b3f, max_idle_ns: 440795396539 ns
[    0.123345] Calibrating delay loop (skipped), value calculated using timer frequency.. 8600.09 BogoMIPS (lpj=4300047)
[    0.125510] Last level iTLB entries: 4KB 512, 2MB 255, 4MB 127
[    0.125569] Last level dTLB entries: 4KB 512, 2MB 255, 4MB 127, 1GB 0
[    0.125731] mitigations: Enabled attack vectors: user_kernel, user_user, SMT mitigations: auto
[    0.125988] Spectre V2 : Mitigation: Retpolines
[    0.126087] Spectre V1 : Mitigation: usercopy/swapgs barriers and __user pointer sanitization
[    0.126240] Spectre V2 : Spectre v2 / SpectreRSB: Filling RSB on context switch and VMEXIT
[    0.126701] x86/fpu: x87 FPU will use FXSAVE
[    0.178577] pid_max: default: 32768 minimum: 301
[    0.183472] Mount-cache hash table entries: 512 (order: 0, 4096 bytes, linear)
[    0.183597] Mountpoint-cache hash table entries: 512 (order: 0, 4096 bytes, linear)
[    0.189770] VFS: Finished mounting rootfs on nullfs
[    0.303222] smpboot: CPU0: AMD QEMU Virtual CPU version 2.5+ (family: 0xf, model: 0x6b, stepping: 0x1)
[    0.308513] Performance Events: PMU not available due to virtualization, using software events only.
[    0.309071] signal: max sigframe size: 1440
[    0.309761] rcu: Hierarchical SRCU implementation.
[    0.309815] rcu: 	Max phase no-delay instances is 400.
[    0.310475] Timer migration: 1 hierarchy levels; 8 children per group; 1 crossnode level
[    0.312935] smp: Bringing up secondary CPUs ...
[    0.316741] smpboot: x86: Booting SMP configuration:
[    0.316801] .... node  #0, CPUs:      #1
[    0.386641] smp: Brought up 1 node, 2 CPUs
[    0.386787] smpboot: Total of 2 processors activated (17204.41 BogoMIPS)
[    0.392528] Memory: 219808K/261624K available (10568K kernel code, 2182K rwdata, 4300K rodata, 2528K init, 520K bss, 38584K reserved, 0K cma-reserved)
[    0.397233] devtmpfs: initialized
[    0.402542] clocksource: jiffies: mask: 0xffffffff max_cycles: 0xffffffff, max_idle_ns: 1911260446275000 ns
[    0.402802] posixtimers hash table entries: 1024 (order: 2, 16384 bytes, linear)
[    0.403005] futex hash table entries: 512 (32768 bytes on 1 NUMA nodes, total 32 KiB, linear).
[    0.405101] PM: RTC time: 21:16:02, date: 2026-07-14
[    0.407509] thermal_sys: Registered thermal governor 'step_wise'
[    0.408310] cpuidle: using governor menu
[    0.408934] Freeing SMP alternatives memory: 28K
[    0.410312] PCI: Using configuration type 1 for base access
[    0.410561] mtrr: your CPUs had inconsistent fixed MTRR settings
[    0.410611] mtrr: your CPUs had inconsistent variable MTRR settings
[    0.410656] mtrr: your CPUs had inconsistent MTRRdefType settings
[    0.410698] mtrr: probably your BIOS does not setup all CPUs.
[    0.410742] mtrr: corrected configuration.
[    0.411956] kprobes: kprobe jump-optimization is enabled. All kprobes are optimized if possible.
[    0.414316] HugeTLB: registered 2.00 MiB page size, pre-allocated 0 pages
[    0.414398] HugeTLB: 28 KiB vmemmap can be freed for a 2.00 MiB page
[    0.416870] ACPI: Added _OSI(Module Device)
[    0.416922] ACPI: Added _OSI(Processor Device)
[    0.416956] ACPI: Added _OSI(Processor Aggregator Device)
[    0.428145] ACPI: 1 ACPI AML tables successfully acquired and loaded
[    0.444465] ACPI: \_SB_: platform _OSC: OS support mask [002a7eee]
[    0.449553] ACPI: Interpreter enabled
[    0.450215] ACPI: PM: (supports S0 S3 S4 S5)
[    0.450296] ACPI: Using IOAPIC for interrupt routing
[    0.450542] PCI: Using host bridge windows from ACPI; if necessary, use "pci=nocrs" and report a bug
[    0.450616] PCI: Using E820 reservations for host bridge windows
[    0.451460] ACPI: Enabled 2 GPEs in block 00 to 0F
[    0.473746] ACPI: PCI Root Bridge [PCI0] (domain 0000 [bus 00-ff])
[    0.474177] acpi PNP0A03:00: _OSC: OS supports [ASPM ClockPM Segments MSI HPX-Type3]
[    0.474382] acpi PNP0A03:00: _OSC: not requesting OS control; OS requires [ExtendedConfig ASPM ClockPM MSI]
[    0.474654] acpi PNP0A03:00: _OSC: platform retains control of PCIe features (AE_ERROR)
[    0.474945] acpi PNP0A03:00: fail to add MMCONFIG information, can't access extended configuration space under this bridge
[    0.476784] PCI host bridge to bus 0000:00
[    0.476942] pci_bus 0000:00: root bus resource [io  0x0000-0x0cf7 window]
[    0.477059] pci_bus 0000:00: root bus resource [io  0x0d00-0xffff window]
[    0.477106] pci_bus 0000:00: root bus resource [mem 0x000a0000-0x000bffff window]
[    0.477172] pci_bus 0000:00: root bus resource [mem 0x10000000-0xfebfffff window]
[    0.477229] pci_bus 0000:00: root bus resource [mem 0x100000000-0x17fffffff window]
[    0.477350] pci_bus 0000:00: root bus resource [bus 00-ff]
[    0.478129] pci 0000:00:00.0: [8086:1237] type 00 class 0x060000 conventional PCI endpoint
[    0.480662] pci 0000:00:01.0: [8086:7000] type 00 class 0x060100 conventional PCI endpoint
[    0.481084] pci 0000:00:01.1: [8086:7010] type 00 class 0x010180 conventional PCI endpoint
[    0.481472] pci 0000:00:01.1: BAR 4 [io  0xc040-0xc04f]
[    0.481547] pci 0000:00:01.1: BAR 0 [io  0x01f0-0x01f7]: legacy IDE quirk
[    0.481601] pci 0000:00:01.1: BAR 1 [io  0x03f6]: legacy IDE quirk
[    0.481657] pci 0000:00:01.1: BAR 2 [io  0x0170-0x0177]: legacy IDE quirk
[    0.481707] pci 0000:00:01.1: BAR 3 [io  0x0376]: legacy IDE quirk
[    0.482272] pci 0000:00:01.3: [8086:7113] type 00 class 0x068000 conventional PCI endpoint
[    0.482530] pci 0000:00:01.3: quirk: [io  0x0600-0x063f] claimed by PIIX4 ACPI
[    0.482596] pci 0000:00:01.3: quirk: [io  0x0700-0x070f] claimed by PIIX4 SMB
[    0.482922] pci 0000:00:02.0: [1234:1111] type 00 class 0x030000 conventional PCI endpoint
[    0.483252] pci 0000:00:02.0: BAR 0 [mem 0xfd000000-0xfdffffff pref]
[    0.483327] pci 0000:00:02.0: BAR 2 [mem 0xfebf0000-0xfebf0fff]
[    0.483369] pci 0000:00:02.0: ROM [mem 0xfebe0000-0xfebeffff pref]
[    0.483538] pci 0000:00:02.0: Video device with shadowed ROM at [mem 0x000c0000-0x000dffff]
[    0.483888] pci 0000:00:03.0: [8086:100e] type 00 class 0x020000 conventional PCI endpoint
[    0.484237] pci 0000:00:03.0: BAR 0 [mem 0xfebc0000-0xfebdffff]
[    0.484289] pci 0000:00:03.0: BAR 1 [io  0xc000-0xc03f]
[    0.484328] pci 0000:00:03.0: ROM [mem 0xfeb80000-0xfebbffff pref]
[    0.489790] ACPI: PCI: Interrupt link LNKA configured for IRQ 10
[    0.490263] ACPI: PCI: Interrupt link LNKB configured for IRQ 10
[    0.490580] ACPI: PCI: Interrupt link LNKC configured for IRQ 11
[    0.490875] ACPI: PCI: Interrupt link LNKD configured for IRQ 11
[    0.491032] ACPI: PCI: Interrupt link LNKS configured for IRQ 9
[    0.492902] iommu: Default domain type: Translated
[    0.492961] iommu: DMA domain TLB invalidation policy: lazy mode
[    0.493807] SCSI subsystem initialized
[    0.494368] libata version 3.00 loaded.
[    0.494617] pps_core: LinuxPPS API ver. 1 registered
[    0.494658] pps_core: Software ver. 5.3.6 - Copyright 2005-2007 Rodolfo Giometti <giometti@linux.it>
[    0.495424] PCI: Using ACPI for IRQ routing
[    0.495515] PCI: pci_cache_line_size set to 64 bytes
[    0.495761] e820: register RAM buffer resource [mem 0x0009fc00-0x0009ffff]
[    0.495893] e820: register RAM buffer resource [mem 0x0ffe0000-0x0fffffff]
[    0.498610] pci 0000:00:02.0: vgaarb: setting as boot VGA device
[    0.498635] pci 0000:00:02.0: vgaarb: bridge control possible
[    0.498697] pci 0000:00:02.0: vgaarb: VGA device added: decodes=io+mem,owns=io+mem,locks=none
[    0.498697] vgaarb: loaded
[    0.498849] hpet: 3 channels of 0 reserved for per-cpu timers
[    0.499266] hpet0: at MMIO 0xfed00000, IRQs 2, 8, 0
[    0.499350] hpet0: 3 comparators, 64-bit 100.000000 MHz counter
[    0.503225] clocksource: Switched to clocksource tsc-early
[    0.504609] VFS: Disk quotas dquot_6.6.0
[    0.504704] VFS: Dquot-cache hash table entries: 512 (order 0, 4096 bytes)
[    0.506379] ACPI: Failed to create genetlink family for ACPI event
[    0.506518] pnp: PnP ACPI init
[    0.507812] pnp 00:02: [dma 2]
[    0.508800] pnp: PnP ACPI: found 5 devices
[    0.522356] clocksource: acpi_pm: mask: 0xffffff max_cycles: 0xffffff, max_idle_ns: 2085701024 ns
[    0.522845] pci_bus 0000:00: resource 4 [io  0x0000-0x0cf7 window]
[    0.522896] pci_bus 0000:00: resource 5 [io  0x0d00-0xffff window]
[    0.522939] pci_bus 0000:00: resource 6 [mem 0x000a0000-0x000bffff window]
[    0.522986] pci_bus 0000:00: resource 7 [mem 0x10000000-0xfebfffff window]
[    0.523032] pci_bus 0000:00: resource 8 [mem 0x100000000-0x17fffffff window]
[    0.523355] pci 0000:00:01.0: PIIX3: Enabling Passive Release
[    0.523444] pci 0000:00:00.0: Limiting direct PCI/PCI transfers
[    0.523585] PCI: CLS 0 bytes, default 64
[    0.525954] Unpacking initramfs...
[    0.532826] Initialise system trusted keyrings
[    0.533676] workingset: timestamp_bits=56 (anon: 52) max_order=16 bucket_order=0 (anon: 0)
[    0.536061] Key type asymmetric registered
[    0.536138] Asymmetric key parser 'x509' registered
[    0.536276] Block layer SCSI generic (bsg) driver version 0.4 loaded (major 251)
[    0.536567] io scheduler mq-deadline registered
[    0.536628] io scheduler kyber registered
[    0.538566] input: Power Button as /devices/platform/LNXPWRBN:00/input/input0
[    0.539156] ACPI: button: Power Button [PWRF]
[    0.542481] Serial: 8250/16550 driver, 4 ports, IRQ sharing enabled
[    0.544825] 00:04: ttyS0 at I/O 0x3f8 (irq = 4, base_baud = 115200) is a 16550A
[    0.549955] Non-volatile memory driver v1.3
[    0.562962] loop: module loaded
[    0.567642] scsi host0: ata_piix
[    0.568981] scsi host1: ata_piix
[    0.569241] ata1: PATA max MWDMA2 cmd 0x1f0 ctl 0x3f6 bmdma 0xc040 irq 14 lpm-pol 0
[    0.569313] ata2: PATA max MWDMA2 cmd 0x170 ctl 0x376 bmdma 0xc048 irq 15 lpm-pol 0
[    0.570171] i8042: PNP: PS/2 Controller [PNP0303:KBD,PNP0f13:MOU] at 0x60,0x64 irq 1,12
[    0.572039] serio: i8042 KBD port at 0x60,0x64 irq 1
[    0.572195] serio: i8042 AUX port at 0x60,0x64 irq 12
[    0.573401] rtc_cmos PNP0B00:00: RTC can wake from S4
[    0.575607] rtc_cmos PNP0B00:00: registered as rtc0
[    0.576626] rtc_cmos PNP0B00:00: alarms up to one day, y3k, 242 bytes nvram, hpet irqs
[    0.576947] input: AT Translated Set 2 keyboard as /devices/platform/i8042/serio0/input/input1
[    0.578162] device-mapper: ioctl: 4.50.0-ioctl (2025-04-28) initialised: dm-devel@lists.linux.dev
[    0.578392] amd_pstate: the _CPC object is not present in SBIOS or ACPI disabled
[    0.578576] hid: raw HID events driver (C) Jiri Kosina
[    0.581948] IPI shorthand broadcast: enabled
[    0.588442] sched_clock: Marking stable (577200361, 10589446)->(591209757, -3419950)
[    0.589999] Loading compiled-in X.509 certificates
[    0.595566] Demotion targets for Node 0: null
[    0.597643] PM:   Magic number: 2:8:298
[    0.651878] Freeing initrd memory: 6076K
[    0.729888] ata2: found unknown device (class 0)
[    0.732095] ata2.00: ATAPI: QEMU DVD-ROM, 2.5+, max UDMA/100
[    0.738442] scsi 1:0:0:0: CD-ROM            QEMU     QEMU DVD-ROM     2.5+ PQ: 0 ANSI: 5
[    0.752995] sr 1:0:0:0: [sr0] scsi3-mmc drive: 4x/4x cd/rw xa/form2 tray
[    0.763696] cdrom: Uniform CD-ROM driver Revision: 3.20
[    0.770225] sr 1:0:0:0: Attached scsi CD-ROM sr0
[    0.770888] sr 1:0:0:0: Attached scsi generic sg0 type 5
[    0.805927] Freeing unused kernel image (initmem) memory: 2528K
[    0.806080] Write protecting the kernel read-only data: 18432k
[    0.807589] Freeing unused kernel image (text/rodata gap) memory: 1716K
[    0.808295] Freeing unused kernel image (rodata/data gap) memory: 1844K
[    0.894552] x86/mm: Checked W+X mappings: passed, no W+X pages found.
[    0.894728] Run /init as init process
[    0.894756]   with arguments:
[    0.894781]     /init
[    0.894810]     nokaslr
[    0.894828]   with environment:
[    0.894853]     HOME=/
[    0.894874]     TERM=linux
[    0.951825] mount (50) used greatest stack depth: 13152 bytes left
=== insmod device-registrar target=gpio-ftgpio010 ===
[    0.975639] device_registrar: loading out-of-tree module taints kernel.
[    0.978956] device-registrar: 注册 'gpio-ftgpio010' (MMIO @ 0xF0000000)
[    0.979192] device-registrar: 'gpio-ftgpio010' 已注册
[    0.994456] input: ImExPS/2 Generic Explorer Mouse as /devices/platform/i8042/serio1/input/input3
=== insmod gpio_ftgpio010 ===
[    1.293320] [rhbase] ffffc90000025000
[    1.293406] [rh] W 0x20 0x0
[    1.293440] [rh] W 0x2c 0x0
[    1.293469] [rh] W 0x30 0xffffffff
[    1.293503] [rh] W 0x40 0x0
[    1.294032] gpio gpiochip0: (gpio-ftgpio010): not an immutable chip, please consider fixing it!
[    1.294932] gpio-ftgpio010 gpio-ftgpio010: gpio-ftgpio010 probed
[    1.553990] tsc: Refined TSC clocksource calibration: 4300.023 MHz
[    1.554465] clocksource: tsc: mask: 0xffffffffffffffff max_cycles: 0x3dfb796ed7d, max_idle_ns: 440795263880 ns
[    1.555511] clocksource: Switched to clocksource tsc
=== dmesg ===
[    0.034540] PM: hibernation: Registered nosave memory: [mem 0x00000000-0x00000fff]
[    0.034605] PM: hibernation: Registered nosave memory: [mem 0x0009f000-0x000fffff]
[    0.407509] thermal_sys: Registered thermal governor 'step_wise'
[    0.411956] kprobes: kprobe jump-optimization is enabled. All kprobes are optimized if possible.
[    0.414316] HugeTLB: registered 2.00 MiB page size, pre-allocated 0 pages
[    0.474945] acpi PNP0A03:00: fail to add MMCONFIG information, can't access extended configuration space under this bridge
[    0.494617] pps_core: LinuxPPS API ver. 1 registered
[    0.536061] Key type asymmetric registered
[    0.536138] Asymmetric key parser 'x509' registered
[    0.536567] io scheduler mq-deadline registered
[    0.536628] io scheduler kyber registered
[    0.575607] rtc_cmos PNP0B00:00: registered as rtc0
[    0.752995] sr 1:0:0:0: [sr0] scsi3-mmc drive: 4x/4x cd/rw xa/form2 tray
[    0.978956] device-registrar: \xe6\xb3\xa8\xe5\x86\x8c 'gpio-ftgpio010' (MMIO @ 0xF0000000)
[    0.979192] device-registrar: 'gpio-ftgpio010' \xe5\xb7\xb2\xe6\xb3\xa8\xe5\x86\x8c
[    1.294032] gpio gpiochip0: (gpio-ftgpio010): not an immutable chip, please consider fixing it!
[    1.294932] gpio-ftgpio010 gpio-ftgpio010: gpio-ftgpio010 probed
=== rmmod gpio_ftgpio010 ===
[    1.654137] device-registrar: 'gpio-ftgpio010' 已注销
=== QEMU_RUN_DONE ===
[    1.863875] sysrq: Power Off
[    1.864299] Kernel panic - not syncing: Attempted to kill init! exitcode=0x00000000
[    1.864655] CPU: 1 UID: 0 PID: 1 Comm: init Tainted: G           O        7.1.0-rc7-gacb7500801e9 #2 PREEMPT(lazy) 
[    1.864766] Tainted: [O]=OOT_MODULE
[    1.864793] Hardware name: QEMU Standard PC (i440FX + PIIX, 1996), BIOS rel-1.17.0-0-gb52ca86e094d-prebuilt.qemu.org 04/01/2014
[    1.864918] Call Trace:
[    1.865249]  <TASK>
[    1.865384]  vpanic+0x32f/0x4b0
[    1.865540]  panic+0x63/0x70
[    1.865564]  do_exit+0x94a/0xaf0
[    1.865590]  do_group_exit+0x30/0x80
[    1.865616]  __x64_sys_exit_group+0x18/0x20
[    1.865649]  x64_sys_call+0x12e2/0x1880
[    1.865676]  do_syscall_64+0x10e/0x4e0
[    1.865704]  entry_SYSCALL_64_after_hwframe+0x77/0x7f
[    1.865802] RIP: 0033:0x7fc0cde5f21d
[    1.865936] Code: 02 ba ff ff ff ff 89 d0 c3 0f 1f 40 00 f3 0f 1e fa 48 8b 35 ed 4b 11 00 ba e7 00 00 00 eb 07 66 0f 1f 44 00 00 f4 89 d0 0f 05 <48> 3d 00 f0 ff ff 76 f3 f7 d8 64 89 06 eb ec 0f 1f 40 00 f3 0f 1e
[    1.866055] RSP: 002b:00007ffd949d8328 EFLAGS: 00000202 ORIG_RAX: 00000000000000e7
[    1.866114] RAX: ffffffffffffffda RBX: 00007ffd949d85b0 RCX: 00007fc0cde5f21d
[    1.866156] RDX: 00000000000000e7 RSI: ffffffffffffff88 RDI: 0000000000000000
[    1.866196] RBP: 00007ffd949d8400 R08: 000055c51243f010 R09: 0000000000000007
[    1.866238] R10: 000055c51243f3a0 R11: 0000000000000202 R12: 0000000000000000
[    1.866283] R13: 00007ffd949d85a0 R14: 000055c4e8eecdd8 R15: 00007fc0cdfc5000
[    1.866347]  </TASK>
[    1.866695] Kernel Offset: disabled
[    1.866862] Rebooting in 1 seconds..
