c[?7l[2J[0mSeaBIOS (version rel-1.17.0-0-gb52ca86e094d-prebuilt.qemu.org)


iPXE (http://ipxe.org) 00:03.0 CA00 PCI2.10 PnP PMM+0EFD1C40+0EF31C40 CA00
Press Ctrl-B to configure iPXE (PCI 00:03.0)...                                                                               


Booting from ROM..c[?7l[2JNo EFI environment detected.
early console in extract_kernel
input_data: 0x00000000024ee2c4
input_len: 0x000000000079f249
output: 0x0000000001000000
output_len: 0x0000000001c4ffcc
kernel_total_size: 0x0000000001a68000
needed_size: 0x0000000001e00000
trampoline_32bit: 0x0000000000000000


KASLR disabled: 'nokaslr' on cmdline.


Decompressing Linux... Parsing ELF... No relocation needed... done.
Booting the kernel (entry_offset: 0x00000000017433b0).
[    0.000000] Linux version 7.1.0-rc7-gacb7500801e9 (yfblock@9950x) (gcc (Ubuntu 13.3.0-6ubuntu2~24.04.1) 13.3.0, GNU ld (GNU Binutils for Ubuntu) 2.42) #2 SMP PREEMPT_DYNAMIC Wed Jul 15 04:13:24 CST 2026
[    0.000000] Command line: console=ttyS0 nokaslr panic=1 ignore_loglevel earlyprintk=serial,ttyS0,115200
[    0.000000] BIOS-provided physical RAM map:
[    0.000000] BIOS-e820: [mem 0x0000000000000000-0x000000000009fbff]  System RAM
[    0.000000] BIOS-e820: [mem 0x000000000009fc00-0x000000000009ffff]  device reserved
[    0.000000] BIOS-e820: [gap 0x00000000000a0000-0x00000000000effff]
[    0.000000] BIOS-e820: [mem 0x00000000000f0000-0x00000000000fffff]  device reserved
[    0.000000] BIOS-e820: [mem 0x0000000000100000-0x000000000ffdffff]  System RAM
[    0.000000] BIOS-e820: [mem 0x000000000ffe0000-0x000000000fffffff]  device reserved
[    0.000000] BIOS-e820: [gap 0x0000000010000000-0x00000000fffbffff]
[    0.000000] BIOS-e820: [mem 0x00000000fffc0000-0x00000000ffffffff]  device reserved
[    0.000000] BIOS-e820: [gap 0x0000000100000000-0x000000fcffffffff]
[    0.000000] BIOS-e820: [mem 0x000000fd00000000-0x000000ffffffffff]  device reserved
[    0.000000] printk: debug: ignoring loglevel setting.
[    0.000000] printk: legacy bootconsole [earlyser0] enabled
[    0.000000] NX (Execute Disable) protection: active
[    0.000000] APIC: Static calls initialized
[    0.000000] DMI: SMBIOS 2.8 present.
[    0.000000] DMI: QEMU Standard PC (i440FX + PIIX, 1996), BIOS rel-1.17.0-0-gb52ca86e094d-prebuilt.qemu.org 04/01/2014
[    0.000000] DMI: Memory slots populated: 1/1
[    0.000000] tsc: Fast TSC calibration using PIT
[    0.000000] tsc: Detected 4300.008 MHz processor
[    0.007957] e820: update [mem 0x00000000-0x00000fff] System RAM ==> device reserved
[    0.008140] e820: remove [mem 0x000a0000-0x000fffff] System RAM
[    0.008293] last_pfn = 0xffe0 max_arch_pfn = 0x400000000
[    0.008726] MTRR map: 4 entries (3 fixed + 1 variable; max 19), built from 8 variable MTRRs
[    0.008893] x86/PAT: Configuration [0-7]: WB  WC  UC- UC  WB  WP  UC- WT  
[    0.020455] found SMP MP-table at [mem 0x000f54b0-0x000f54bf]
[    0.023498] RAMDISK: [mem 0x0f99b000-0x0ffdffff]
[    0.023769] ACPI: Early table checksum verification disabled
[    0.024087] ACPI: RSDP 0x00000000000F52D0 000014 (v00 BOCHS )
[    0.024287] ACPI: RSDT 0x000000000FFE2389 000034 (v01 BOCHS  BXPC     00000001 BXPC 00000001)
[    0.024754] ACPI: FACP 0x000000000FFE2235 000074 (v01 BOCHS  BXPC     00000001 BXPC 00000001)
[    0.025187] ACPI: DSDT 0x000000000FFE0040 0021F5 (v01 BOCHS  BXPC     00000001 BXPC 00000001)
[    0.025287] ACPI: FACS 0x000000000FFE0000 000040
[    0.025349] ACPI: APIC 0x000000000FFE22A9 000080 (v03 BOCHS  BXPC     00000001 BXPC 00000001)
[    0.025419] ACPI: HPET 0x000000000FFE2329 000038 (v01 BOCHS  BXPC     00000001 BXPC 00000001)
[    0.025485] ACPI: WAET 0x000000000FFE2361 000028 (v01 BOCHS  BXPC     00000001 BXPC 00000001)
[    0.025591] ACPI: Reserving FACP table memory at [mem 0xffe2235-0xffe22a8]
[    0.025643] ACPI: Reserving DSDT table memory at [mem 0xffe0040-0xffe2234]
[    0.025687] ACPI: Reserving FACS table memory at [mem 0xffe0000-0xffe003f]
[    0.025731] ACPI: Reserving APIC table memory at [mem 0xffe22a9-0xffe2328]
[    0.025782] ACPI: Reserving HPET table memory at [mem 0xffe2329-0xffe2360]
[    0.025824] ACPI: Reserving WAET table memory at [mem 0xffe2361-0xffe2388]
[    0.027038] No NUMA configuration found
[    0.027081] Faking a node at [mem 0x0000000000000000-0x000000000ffdffff]
[    0.027474] NODE_DATA(0) allocated [mem 0x0f997680-0x0f99afff]
[    0.027966] ACPI: PM-Timer IO Port: 0x608
[    0.028235] ACPI: LAPIC_NMI (acpi_id[0xff] dfl dfl lint[0x1])
[    0.028490] IOAPIC[0]: apic_id 0, version 32, address 0xfec00000, GSI 0-23
[    0.028601] ACPI: INT_SRC_OVR (bus 0 bus_irq 0 global_irq 2 dfl dfl)
[    0.028777] ACPI: INT_SRC_OVR (bus 0 bus_irq 5 global_irq 5 high level)
[    0.028841] ACPI: INT_SRC_OVR (bus 0 bus_irq 9 global_irq 9 high level)
[    0.028933] ACPI: INT_SRC_OVR (bus 0 bus_irq 10 global_irq 10 high level)
[    0.028978] ACPI: INT_SRC_OVR (bus 0 bus_irq 11 global_irq 11 high level)
[    0.029120] ACPI: Using ACPI (MADT) for SMP configuration information
[    0.029182] ACPI: HPET id: 0x8086a201 base: 0xfed00000
[    0.029447] CPU topo: Max. logical packages:   1
[    0.029500] CPU topo: Max. logical nodes:      1
[    0.029534] CPU topo: Num. nodes per package:  1
[    0.029607] CPU topo: Max. logical dies:       1
[    0.029641] CPU topo: Max. dies per package:   1
[    0.029703] CPU topo: Max. threads per core:   1
[    0.029812] CPU topo: Num. cores per package:     2
[    0.029851] CPU topo: Num. threads per package:   2
[    0.029886] CPU topo: Allowing 2 present CPUs plus 0 hotplug CPUs
[    0.030386] PM: hibernation: Registered nosave memory: [mem 0x00000000-0x00000fff]
[    0.030456] PM: hibernation: Registered nosave memory: [mem 0x0009f000-0x000fffff]
[    0.030566] [gap 0x10000000-0xfffbffff] available for PCI devices
[    0.030635] Booting paravirtualized kernel on bare hardware
[    0.030849] clocksource: refined-jiffies: mask: 0xffffffff max_cycles: 0xffffffff, max_idle_ns: 1910969940391419 ns
[    0.037000] Zone ranges:
[    0.037038]   DMA      [mem 0x0000000000001000-0x0000000000ffffff]
[    0.037117]   DMA32    [mem 0x0000000001000000-0x000000000ffdffff]
[    0.037163]   Normal   empty
[    0.037197] Movable zone start for each node
[    0.037239] Early memory node ranges
[    0.037279]   node   0: [mem 0x0000000000001000-0x000000000009efff]
[    0.037387]   node   0: [mem 0x0000000000100000-0x000000000ffdffff]
[    0.037499] Initmem setup node 0 [mem 0x0000000000001000-0x000000000ffdffff]
[    0.038120] On node 0, zone DMA: 1 pages in unavailable ranges
[    0.038299] On node 0, zone DMA: 97 pages in unavailable ranges
[    0.038994] On node 0, zone DMA32: 32 pages in unavailable ranges
[    0.039151] setup_percpu: NR_CPUS:64 nr_cpumask_bits:2 nr_cpu_ids:2 nr_node_ids:1
[    0.039959] percpu: Embedded 52 pages/cpu s172184 r8192 d32616 u1048576
[    0.040231] pcpu-alloc: s172184 r8192 d32616 u1048576 alloc=1*2097152
[    0.040317] pcpu-alloc: [0] 0 1 
[    0.041169] Kernel command line: console=ttyS0 nokaslr panic=1 ignore_loglevel earlyprintk=serial,ttyS0,115200
[    0.041857] Unknown kernel command line parameters "nokaslr", will be passed to user space.
[    0.042033] printk: log buffer data + meta data: 262144 + 917504 = 1179648 bytes
[    0.042238] Dentry cache hash table entries: 32768 (order: 6, 262144 bytes, linear)
[    0.042344] Inode-cache hash table entries: 16384 (order: 5, 131072 bytes, linear)
[    0.043827] Fallback order for Node 0: 0 
[    0.044064] Built 1 zonelists, mobility grouping on.  Total pages: 65406
[    0.044145] Policy zone: DMA32
[    0.044306] mem auto-init: stack:all(zero), heap alloc:off, heap free:off
[    0.049429] SLUB: HWalign=64, Order=0-3, MinObjects=0, CPUs=2, Nodes=1
Poking KASLR using RDTSC...
[    0.071785] ftrace: allocating 31194 entries in 124 pages
[    0.072223] ftrace: allocated 124 pages with 5 groups
[    0.077128] Dynamic Preempt: lazy
[    0.079000] rcu: Preemptible hierarchical RCU implementation.
[    0.079047] rcu: 	RCU event tracing is enabled.
[    0.079088] rcu: 	RCU restricting CPUs from NR_CPUS=64 to nr_cpu_ids=2.
[    0.079211] 	Trampoline variant of Tasks RCU enabled.
[    0.079244] 	Rude variant of Tasks RCU enabled.
[    0.079274] 	Tracing variant of Tasks RCU enabled.
[    0.079358] rcu: RCU calculated value of scheduler-enlistment delay is 100 jiffies.
[    0.079419] rcu: Adjusting geometry for rcu_fanout_leaf=16, nr_cpu_ids=2
[    0.080146] RCU Tasks: Setting shift to 1 and lim to 1 rcu_task_cb_adjust=1 rcu_task_cpu_ids=2.
[    0.080208] RCU Tasks Rude: Setting shift to 1 and lim to 1 rcu_task_cb_adjust=1 rcu_task_cpu_ids=2.
[    0.096261] NR_IRQS: 4352, nr_irqs: 440, preallocated irqs: 16
[    0.101676] rcu: srcu_init: Setting srcu_struct sizes based on contention.
[    0.105476] Console: colour VGA+ 80x25
[    0.106600] printk: legacy console [ttyS0] enabled
[    0.106600] printk: legacy console [ttyS0] enabled
[    0.106891] printk: legacy bootconsole [earlyser0] disabled
[    0.106891] printk: legacy bootconsole [earlyser0] disabled
[    0.107728] ACPI: Core revision 20251212
[    0.110799] clocksource: hpet: mask: 0xffffffff max_cycles: 0xffffffff, max_idle_ns: 19112604467 ns
[    0.111936] APIC: Switch to symmetric I/O mode setup
[    0.116218] ..TIMER: vector=0x30 apic1=0 pin1=2 apic2=-1 pin2=-1
[    0.121622] clocksource: tsc-early: mask: 0xffffffffffffffff max_cycles: 0x3dfb6b5d290, max_idle_ns: 440795387389 ns
[    0.121888] Calibrating delay loop (skipped), value calculated using timer frequency.. 8600.01 BogoMIPS (lpj=4300008)
[    0.124041] Last level iTLB entries: 4KB 512, 2MB 255, 4MB 127
[    0.124098] Last level dTLB entries: 4KB 512, 2MB 255, 4MB 127, 1GB 0
[    0.124260] mitigations: Enabled attack vectors: user_kernel, user_user, SMT mitigations: auto
[    0.124514] Spectre V2 : Mitigation: Retpolines
[    0.124609] Spectre V1 : Mitigation: usercopy/swapgs barriers and __user pointer sanitization
[    0.124711] Spectre V2 : Spectre v2 / SpectreRSB: Filling RSB on context switch and VMEXIT
[    0.125181] x86/fpu: x87 FPU will use FXSAVE
[    0.176966] pid_max: default: 32768 minimum: 301
[    0.181803] Mount-cache hash table entries: 512 (order: 0, 4096 bytes, linear)
[    0.181927] Mountpoint-cache hash table entries: 512 (order: 0, 4096 bytes, linear)
[    0.188109] VFS: Finished mounting rootfs on nullfs
[    0.301765] smpboot: CPU0: AMD QEMU Virtual CPU version 2.5+ (family: 0xf, model: 0x6b, stepping: 0x1)
[    0.307007] Performance Events: PMU not available due to virtualization, using software events only.
[    0.307560] signal: max sigframe size: 1440
[    0.308309] rcu: Hierarchical SRCU implementation.
[    0.308363] rcu: 	Max phase no-delay instances is 400.
[    0.309006] Timer migration: 1 hierarchy levels; 8 children per group; 1 crossnode level
[    0.311372] smp: Bringing up secondary CPUs ...
[    0.315159] smpboot: x86: Booting SMP configuration:
[    0.315220] .... node  #0, CPUs:      #1
[    0.385047] smp: Brought up 1 node, 2 CPUs
[    0.385188] smpboot: Total of 2 processors activated (17200.44 BogoMIPS)
[    0.390454] Memory: 219464K/261624K available (10568K kernel code, 2182K rwdata, 4300K rodata, 2528K init, 520K bss, 38928K reserved, 0K cma-reserved)
[    0.395280] devtmpfs: initialized
[    0.399941] clocksource: jiffies: mask: 0xffffffff max_cycles: 0xffffffff, max_idle_ns: 1911260446275000 ns
[    0.400983] posixtimers hash table entries: 1024 (order: 2, 16384 bytes, linear)
[    0.401175] futex hash table entries: 512 (32768 bytes on 1 NUMA nodes, total 32 KiB, linear).
[    0.403386] PM: RTC time: 21:15:45, date: 2026-07-14
[    0.405519] thermal_sys: Registered thermal governor 'step_wise'
[    0.405813] cpuidle: using governor menu
[    0.406851] Freeing SMP alternatives memory: 28K
[    0.408175] PCI: Using configuration type 1 for base access
[    0.408422] mtrr: your CPUs had inconsistent fixed MTRR settings
[    0.408470] mtrr: your CPUs had inconsistent variable MTRR settings
[    0.408517] mtrr: your CPUs had inconsistent MTRRdefType settings
[    0.408560] mtrr: probably your BIOS does not setup all CPUs.
[    0.408611] mtrr: corrected configuration.
[    0.409883] kprobes: kprobe jump-optimization is enabled. All kprobes are optimized if possible.
[    0.411216] HugeTLB: registered 2.00 MiB page size, pre-allocated 0 pages
[    0.411289] HugeTLB: 28 KiB vmemmap can be freed for a 2.00 MiB page
[    0.413646] ACPI: Added _OSI(Module Device)
[    0.413701] ACPI: Added _OSI(Processor Device)
[    0.413735] ACPI: Added _OSI(Processor Aggregator Device)
[    0.424999] ACPI: 1 ACPI AML tables successfully acquired and loaded
[    0.435035] ACPI: \_SB_: platform _OSC: OS support mask [002a7eee]
[    0.439954] ACPI: Interpreter enabled
[    0.440576] ACPI: PM: (supports S0 S3 S4 S5)
[    0.440634] ACPI: Using IOAPIC for interrupt routing
[    0.440886] PCI: Using host bridge windows from ACPI; if necessary, use "pci=nocrs" and report a bug
[    0.440960] PCI: Using E820 reservations for host bridge windows
[    0.441786] ACPI: Enabled 2 GPEs in block 00 to 0F
[    0.470239] ACPI: PCI Root Bridge [PCI0] (domain 0000 [bus 00-ff])
[    0.470661] acpi PNP0A03:00: _OSC: OS supports [ASPM ClockPM Segments MSI HPX-Type3]
[    0.470808] acpi PNP0A03:00: _OSC: not requesting OS control; OS requires [ExtendedConfig ASPM ClockPM MSI]
[    0.471039] acpi PNP0A03:00: _OSC: platform retains control of PCIe features (AE_ERROR)
[    0.471319] acpi PNP0A03:00: fail to add MMCONFIG information, can't access extended configuration space under this bridge
[    0.473153] PCI host bridge to bus 0000:00
[    0.473307] pci_bus 0000:00: root bus resource [io  0x0000-0x0cf7 window]
[    0.473427] pci_bus 0000:00: root bus resource [io  0x0d00-0xffff window]
[    0.473474] pci_bus 0000:00: root bus resource [mem 0x000a0000-0x000bffff window]
[    0.473542] pci_bus 0000:00: root bus resource [mem 0x10000000-0xfebfffff window]
[    0.473597] pci_bus 0000:00: root bus resource [mem 0x100000000-0x17fffffff window]
[    0.473718] pci_bus 0000:00: root bus resource [bus 00-ff]
[    0.474512] pci 0000:00:00.0: [8086:1237] type 00 class 0x060000 conventional PCI endpoint
[    0.476911] pci 0000:00:01.0: [8086:7000] type 00 class 0x060100 conventional PCI endpoint
[    0.477321] pci 0000:00:01.1: [8086:7010] type 00 class 0x010180 conventional PCI endpoint
[    0.477863] pci 0000:00:01.1: BAR 4 [io  0xc040-0xc04f]
[    0.477940] pci 0000:00:01.1: BAR 0 [io  0x01f0-0x01f7]: legacy IDE quirk
[    0.477996] pci 0000:00:01.1: BAR 1 [io  0x03f6]: legacy IDE quirk
[    0.478054] pci 0000:00:01.1: BAR 2 [io  0x0170-0x0177]: legacy IDE quirk
[    0.478107] pci 0000:00:01.1: BAR 3 [io  0x0376]: legacy IDE quirk
[    0.478470] pci 0000:00:01.3: [8086:7113] type 00 class 0x068000 conventional PCI endpoint
[    0.478736] pci 0000:00:01.3: quirk: [io  0x0600-0x063f] claimed by PIIX4 ACPI
[    0.478840] pci 0000:00:01.3: quirk: [io  0x0700-0x070f] claimed by PIIX4 SMB
[    0.479171] pci 0000:00:02.0: [1234:1111] type 00 class 0x030000 conventional PCI endpoint
[    0.479546] pci 0000:00:02.0: BAR 0 [mem 0xfd000000-0xfdffffff pref]
[    0.479631] pci 0000:00:02.0: BAR 2 [mem 0xfeb70000-0xfeb70fff]
[    0.479679] pci 0000:00:02.0: ROM [mem 0xfeb60000-0xfeb6ffff pref]
[    0.479863] pci 0000:00:02.0: Video device with shadowed ROM at [mem 0x000c0000-0x000dffff]
[    0.480231] pci 0000:00:03.0: [8086:100e] type 00 class 0x020000 conventional PCI endpoint
[    0.480646] pci 0000:00:03.0: BAR 0 [mem 0xfeb40000-0xfeb5ffff]
[    0.480702] pci 0000:00:03.0: BAR 1 [io  0xc000-0xc03f]
[    0.480777] pci 0000:00:03.0: ROM [mem 0xfeb00000-0xfeb3ffff pref]
[    0.483892] pci 0000:00:04.0: [1234:11e8] type 00 class 0x00ff00 conventional PCI endpoint
[    0.484153] pci 0000:00:04.0: BAR 0 [mem 0xfea00000-0xfeafffff]
[    0.489189] ACPI: PCI: Interrupt link LNKA configured for IRQ 10
[    0.489635] ACPI: PCI: Interrupt link LNKB configured for IRQ 10
[    0.489967] ACPI: PCI: Interrupt link LNKC configured for IRQ 11
[    0.490256] ACPI: PCI: Interrupt link LNKD configured for IRQ 11
[    0.490405] ACPI: PCI: Interrupt link LNKS configured for IRQ 9
[    0.492457] iommu: Default domain type: Translated
[    0.492524] iommu: DMA domain TLB invalidation policy: lazy mode
[    0.493361] SCSI subsystem initialized
[    0.493978] libata version 3.00 loaded.
[    0.494094] pps_core: LinuxPPS API ver. 1 registered
[    0.494146] pps_core: Software ver. 5.3.6 - Copyright 2005-2007 Rodolfo Giometti <giometti@linux.it>
[    0.495194] PCI: Using ACPI for IRQ routing
[    0.495294] PCI: pci_cache_line_size set to 64 bytes
[    0.495540] e820: register RAM buffer resource [mem 0x0009fc00-0x0009ffff]
[    0.495678] e820: register RAM buffer resource [mem 0x0ffe0000-0x0fffffff]
[    0.497976] pci 0000:00:02.0: vgaarb: setting as boot VGA device
[    0.498054] pci 0000:00:02.0: vgaarb: bridge control possible
[    0.498117] pci 0000:00:02.0: vgaarb: VGA device added: decodes=io+mem,owns=io+mem,locks=none
[    0.498188] vgaarb: loaded
[    0.498810] hpet: 3 channels of 0 reserved for per-cpu timers
[    0.498978] hpet0: at MMIO 0xfed00000, IRQs 2, 8, 0
[    0.499060] hpet0: 3 comparators, 64-bit 100.000000 MHz counter
[    0.502116] clocksource: Switched to clocksource tsc-early
[    0.502992] VFS: Disk quotas dquot_6.6.0
[    0.503079] VFS: Dquot-cache hash table entries: 512 (order 0, 4096 bytes)
[    0.504522] ACPI: Failed to create genetlink family for ACPI event
[    0.504634] pnp: PnP ACPI init
[    0.505908] pnp 00:02: [dma 2]
[    0.506860] pnp: PnP ACPI: found 5 devices
[    0.520270] clocksource: acpi_pm: mask: 0xffffff max_cycles: 0xffffff, max_idle_ns: 2085701024 ns
[    0.520754] pci_bus 0000:00: resource 4 [io  0x0000-0x0cf7 window]
[    0.520808] pci_bus 0000:00: resource 5 [io  0x0d00-0xffff window]
[    0.520865] pci_bus 0000:00: resource 6 [mem 0x000a0000-0x000bffff window]
[    0.520913] pci_bus 0000:00: resource 7 [mem 0x10000000-0xfebfffff window]
[    0.520960] pci_bus 0000:00: resource 8 [mem 0x100000000-0x17fffffff window]
[    0.521282] pci 0000:00:01.0: PIIX3: Enabling Passive Release
[    0.521370] pci 0000:00:00.0: Limiting direct PCI/PCI transfers
[    0.521494] PCI: CLS 0 bytes, default 64
[    0.523848] Unpacking initramfs...
[    0.529424] Initialise system trusted keyrings
[    0.530217] workingset: timestamp_bits=56 (anon: 52) max_order=16 bucket_order=0 (anon: 0)
[    0.532525] Key type asymmetric registered
[    0.532598] Asymmetric key parser 'x509' registered
[    0.532730] Block layer SCSI generic (bsg) driver version 0.4 loaded (major 251)
[    0.533031] io scheduler mq-deadline registered
[    0.533091] io scheduler kyber registered
[    0.535163] input: Power Button as /devices/platform/LNXPWRBN:00/input/input0
[    0.535753] ACPI: button: Power Button [PWRF]
[    0.538464] Serial: 8250/16550 driver, 4 ports, IRQ sharing enabled
[    0.540683] 00:04: ttyS0 at I/O 0x3f8 (irq = 4, base_baud = 115200) is a 16550A
[    0.545589] Non-volatile memory driver v1.3
[    0.555771] loop: module loaded
[    0.560526] scsi host0: ata_piix
[    0.562035] scsi host1: ata_piix
[    0.562299] ata1: PATA max MWDMA2 cmd 0x1f0 ctl 0x3f6 bmdma 0xc040 irq 14 lpm-pol 0
[    0.562368] ata2: PATA max MWDMA2 cmd 0x170 ctl 0x376 bmdma 0xc048 irq 15 lpm-pol 0
[    0.563165] i8042: PNP: PS/2 Controller [PNP0303:KBD,PNP0f13:MOU] at 0x60,0x64 irq 1,12
[    0.566396] serio: i8042 KBD port at 0x60,0x64 irq 1
[    0.566557] serio: i8042 AUX port at 0x60,0x64 irq 12
[    0.567811] rtc_cmos PNP0B00:00: RTC can wake from S4
[    0.570081] rtc_cmos PNP0B00:00: registered as rtc0
[    0.571070] rtc_cmos PNP0B00:00: alarms up to one day, y3k, 242 bytes nvram, hpet irqs
[    0.571651] input: AT Translated Set 2 keyboard as /devices/platform/i8042/serio0/input/input1
[    0.574214] device-mapper: ioctl: 4.50.0-ioctl (2025-04-28) initialised: dm-devel@lists.linux.dev
[    0.574436] amd_pstate: the _CPC object is not present in SBIOS or ACPI disabled
[    0.574620] hid: raw HID events driver (C) Jiri Kosina
[    0.577020] IPI shorthand broadcast: enabled
[    0.583488] sched_clock: Marking stable (572176671, 10661303)->(586559418, -3721444)
[    0.585048] Loading compiled-in X.509 certificates
[    0.590767] Demotion targets for Node 0: null
[    0.594514] PM:   Magic number: 2:8:298
[    0.652927] Freeing initrd memory: 6420K
[    0.720956] ata2: found unknown device (class 0)
[    0.723269] ata2.00: ATAPI: QEMU DVD-ROM, 2.5+, max UDMA/100
[    0.730105] scsi 1:0:0:0: CD-ROM            QEMU     QEMU DVD-ROM     2.5+ PQ: 0 ANSI: 5
[    0.747468] sr 1:0:0:0: [sr0] scsi3-mmc drive: 4x/4x cd/rw xa/form2 tray
[    0.759662] cdrom: Uniform CD-ROM driver Revision: 3.20
[    0.767183] sr 1:0:0:0: Attached scsi CD-ROM sr0
[    0.767809] sr 1:0:0:0: Attached scsi generic sg0 type 5
[    0.804062] Freeing unused kernel image (initmem) memory: 2528K
[    0.804213] Write protecting the kernel read-only data: 18432k
[    0.805980] Freeing unused kernel image (text/rodata gap) memory: 1716K
[    0.806710] Freeing unused kernel image (rodata/data gap) memory: 1844K
[    0.892886] x86/mm: Checked W+X mappings: passed, no W+X pages found.
[    0.893061] Run /init as init process
[    0.893089]   with arguments:
[    0.893114]     /init
[    0.893136]     nokaslr
[    0.893154]   with environment:
[    0.893181]     HOME=/
[    0.893202]     TERM=linux
[    0.949763] mount (50) used greatest stack depth: 13208 bytes left
[    0.958962] mount (51) used greatest stack depth: 13120 bytes left
=== insmod edu_drv ===
[    0.975297] edu_drv: loading out-of-tree module taints kernel.
[    0.983623] ACPI: \_SB_.LNKD: Enabled at IRQ 11
[    0.984174] edu 0000:00:04.0: edu probed
[    0.984590] input: ImExPS/2 Generic Explorer Mouse as /devices/platform/i8042/serio1/input/input3
[    0.985684] insmod (54) used greatest stack depth: 13104 bytes left
=== dmesg ===
[    0.723269] ata2.00: ATAPI: QEMU DVD-ROM, 2.5+, max UDMA/100
[    0.730105] scsi 1:0:0:0: CD-ROM            QEMU     QEMU DVD-ROM     2.5+ PQ: 0 ANSI: 5
[    0.747468] sr 1:0:0:0: [sr0] scsi3-mmc drive: 4x/4x cd/rw xa/form2 tray
[    0.759662] cdrom: Uniform CD-ROM driver Revision: 3.20
[    0.767183] sr 1:0:0:0: Attached scsi CD-ROM sr0
[    0.767809] sr 1:0:0:0: Attached scsi generic sg0 type 5
[    0.804062] Freeing unused kernel image (initmem) memory: 2528K
[    0.804213] Write protecting the kernel read-only data: 18432k
[    0.805980] Freeing unused kernel image (text/rodata gap) memory: 1716K
[    0.806710] Freeing unused kernel image (rodata/data gap) memory: 1844K
[    0.892886] x86/mm: Checked W+X mappings: passed, no W+X pages found.
[    0.893061] Run /init as init process
[    0.893089]   with arguments:
[    0.893114]     /init
[    0.893136]     nokaslr
[    0.893154]   with environment:
[    0.893181]     HOME=/
[    0.893202]     TERM=linux
[    0.949763] mount (50) used greatest stack depth: 13208 bytes left
[    0.958962] mount (51) used greatest stack depth: 13120 bytes left
[    0.975297] edu_drv: loading out-of-tree module taints kernel.
[    0.983623] ACPI: \_SB_.LNKD: Enabled at IRQ 11
[    0.984174] edu 0000:00:04.0: edu probed
[    0.984590] input: ImExPS/2 Generic Explorer Mouse as /devices/platform/i8042/serio1/input/input3
[    0.985684] insmod (54) used greatest stack depth: 13104 bytes left
=== exerciser ===
TRACE id@0x00 = 0x010000ed OK
TRACE live_check@0x04 write0xa5a5a5a5 read0x5a5a5a5a OK (~X)
TRACE factorial@0x08(5)=120 OK
EDU_TRACE_OK
EXERCISER_RC=0
=== rmmod edu_drv ===
[    1.552965] tsc: Refined TSC clocksource calibration: 4300.023 MHz
[    1.553455] clocksource: tsc: mask: 0xffffffffffffffff max_cycles: 0x3dfb796ed7d, max_idle_ns: 440795263880 ns
[    1.554540] clocksource: Switched to clocksource tsc
=== QEMU_RUN_DONE ===
[    1.558325] sysrq: Power Off
[    1.558720] Kernel panic - not syncing: Attempted to kill init! exitcode=0x00000000
[    1.559087] CPU: 1 UID: 0 PID: 1 Comm: init Tainted: G           O        7.1.0-rc7-gacb7500801e9 #2 PREEMPT(lazy) 
[    1.559197] Tainted: [O]=OOT_MODULE
[    1.559224] Hardware name: QEMU Standard PC (i440FX + PIIX, 1996), BIOS rel-1.17.0-0-gb52ca86e094d-prebuilt.qemu.org 04/01/2014
[    1.559360] Call Trace:
[    1.559698]  <TASK>
[    1.559852]  vpanic+0x32f/0x4b0
[    1.560012]  panic+0x63/0x70
[    1.560037]  do_exit+0x94a/0xaf0
[    1.560063]  do_group_exit+0x30/0x80
[    1.560089]  __x64_sys_exit_group+0x18/0x20
[    1.560122]  x64_sys_call+0x12e2/0x1880
[    1.560150]  do_syscall_64+0x10e/0x4e0
[    1.560178]  entry_SYSCALL_64_after_hwframe+0x77/0x7f
[    1.560279] RIP: 0033:0x7f4dc4c7721d
[    1.560424] Code: 02 ba ff ff ff ff 89 d0 c3 0f 1f 40 00 f3 0f 1e fa 48 8b 35 ed 4b 11 00 ba e7 00 00 00 eb 07 66 0f 1f 44 00 00 f4 89 d0 0f 05 <48> 3d 00 f0 ff ff 76 f3 f7 d8 64 89 06 eb ec 0f 1f 40 00 f3 0f 1e
[    1.560550] RSP: 002b:00007fff2a1aba88 EFLAGS: 00000202 ORIG_RAX: 00000000000000e7
[    1.560611] RAX: ffffffffffffffda RBX: 00007fff2a1abd10 RCX: 00007f4dc4c7721d
[    1.560655] RDX: 00000000000000e7 RSI: ffffffffffffff88 RDI: 0000000000000000
[    1.560701] RBP: 00007fff2a1abb60 R08: 0000564a1eb93010 R09: 0000000000000007
[    1.560758] R10: 0000564a1eb933a0 R11: 0000000000000202 R12: 0000000000000000
[    1.560801] R13: 00007fff2a1abd00 R14: 00005649e3f3fdd8 R15: 00007f4dc4ddd000
[    1.560866]  </TASK>
[    1.561252] Kernel Offset: disabled
[    1.561426] Rebooting in 1 seconds..
